L 1 "..\..\User\UserBsp\LCD_Driver\bsp_tft_lcd.c"
N/*
N***********************************************************************************
N*                    作    者: 徐松亮
N*                    更新时间: 2015-06-03
N***********************************************************************************
N*/
N/*
N*********************************************************************************************************
N*
N*   模块名称 :  TFT液晶显示器驱动模块
N*   文件名称 :  bsp_tft_lcd.c
N*   版    本 :  V3.7
N*   说    明 :  支持的LCD内部驱动芯片型号有: SPFD5420A、OTM4001A、R61509V
N*               驱动芯片的访问地址为:  0x60000000
N*   修改记录 :
N*       版本号  日期       作者    说明
N*       v1.0    2011-08-21 armfly  ST固件库版本 V3.5.0版本。
N*                   a) 取消访问寄存器的结构体，直接定义
N*       V2.0    2011-10-16 armfly  增加R61509V驱动，实现图标显示函数
N*       V2.1    2012-07-06 armfly  增加RA8875驱动，支持4.3寸屏
N*       V2.2    2012-07-13 armfly  改进LCD_DispStr函数，支持12点阵字符;修改LCD_DrawRect,解决差一个像素问题
N*       V2.3    2012-08-08 armfly  将底层芯片寄存器操作相关的函数放到单独的文件，支持RA8875
N*       V3.0    2013-05-20          增加图标结构; 修改   LCD_DrawIconActive  修改DispStr函数支持文本透明
N*       V3.1    2013-06-12          解决LCD_DispStr()函数BUG，如果内嵌字库中汉字个数多于256，则出现死循环。
N*       V3.2    2013-06-28          完善Label控件, 当显示字符串比之前短时，自动清除多余的文字
N*       V3.3    2013-06-29          FSMC初始化时，配置时序，写时序和读时序分开设置。 LCD_FSMCConfig 函数。
N*       V3.4    2013-07-06          增加显示32位带Alpha图标的函数 LCD_DrawIcon32
N*       V3.5    2013-07-24          增加显示32位带Alpha图片的函数 LCD_DrawBmp32
N*       V3.6    2013-07-30          修改 DispEdit() 支持12点阵汉字对齐
N*       V3.7    2015-05-22 XSL      增加 ILI9341 驱动
N*   Copyright (C), 2010-2011, 徐松亮
N*********************************************************************************************************
N*/
N
N/*
N    友情提示:
N    TFT控制器和一般的12864点阵显示器的控制器最大的区别在于引入了窗口绘图的机制，这个机制对于绘制局部图形
N    是非常有效的。TFT可以先指定一个绘图窗口，然后所有的读写显存的操作均在这个窗口之内，因此它不需要CPU在
N    内存中保存整个屏幕的像素数据。
N*/
N
C "..\..\User\UserBsp\LCD_Driver\bsp_tft_lcd.c" 42 22 cannot open source input file "includes.h": No such file or directory
N#include "includes.h"
