L 1 "..\..\User\UserBsp\Bsp_TempHumidSensor.c"
N/*
N***********************************************************************************
N*                    作    者: 徐松亮
N*                    更新时间: 2015-06-03
N***********************************************************************************
N*/
N//------------------------------- Includes --------------------
N#include "Bsp_TempHumidSensor.h"
L 1 "..\..\User\UserBsp\Bsp_TempHumidSensor.h" 1
N/*
N***********************************************************************************
N*                    作    者: 徐松亮
N*                    更新时间: 2015-06-03
N***********************************************************************************
N*/
N//-------------------------------------------------------------------------------
N#ifndef __BSP_TEMPHUMIDSENSOR_H
N#define __BSP_TEMPHUMIDSENSOR_H
N//-------------------加载库函数------------------------------
C "..\..\User\UserBsp\Bsp_TempHumidSensor.h" 11 22 cannot open source input file "includes.h": No such file or directory
N#include <includes.h>
