L 1 "..\..\User\UserBsp\LCD_Driver\LCD_SPFD5420.c"
N/*
N***********************************************************************************
N*                    作    者: 徐松亮
N*                    更新时间: 2015-06-03
N***********************************************************************************
N*/
N/*
N*********************************************************************************************************
N*
N*	模块名称 : TFT液晶显示器驱动模块
N*	文件名称 : SPFD5420_SPFD5420.c
N*	版    本 : V2.2
N*	说    明 : 安富莱开发板标配的TFT显示器分辨率为240x400，3.0寸宽屏，带PWM背光调节功能。
N*				支持的LCD内部驱动芯片型号有：SPFD5420A、OTM4001A、R61509V
N*				驱动芯片的访问地址为:  0x60000000
N*	修改记录 :
N*		版本号  日期       作者    说明
N*		v1.0    2011-08-21 armfly  ST固件库版本 V3.5.0版本。
N*					a) 取消访问寄存器的结构体，直接定义
N*		V2.0    2011-10-16 armfly  增加R61509V驱动，实现图标显示函数
N*		V2.1    2012-07-06 armfly  增加RA8875驱动，支持4.3寸屏
N*		V2.2    2012-07-13 armfly  改进SPFD5420_DispStr函数，支持12点阵字符;修改SPFD5420_DrawRect,解决差
N*								一个像素问题
N*
N*	Copyright (C), 2010-2011, 安富莱电子 www.armfly.com
N*
N*********************************************************************************************************
N*/
N
N/*
N	友情提示：
N	TFT控制器和一般的12864点阵显示器的控制器最大的区别在于引入了窗口绘图的机制，这个机制对于绘制局部图形
N	是非常有效的。TFT可以先指定一个绘图窗口，然后所有的读写显存的操作均在这个窗口之内，因此它不需要CPU在
N	内存中保存整个屏幕的像素数据。
N*/
N
C "..\..\User\UserBsp\LCD_Driver\LCD_SPFD5420.c" 37 22 cannot open source input file "includes.h": No such file or directory
N#include "includes.h"
