L 1 "..\..\Libraries\STM32F4xx_StdPeriph_Driver\src\stm32f4xx_syscfg.c"
N/**
N  ******************************************************************************
N  * @file    stm32f4xx_syscfg.c
N  * @author  MCD Application Team
N  * @version V1.3.0
N  * @date    08-November-2013
N  * @brief   This file provides firmware functions to manage the SYSCFG peripheral.
N  *
N @verbatim
N    
N ===============================================================================
N                     ##### How to use this driver #####
N ===============================================================================
N    [..] This driver provides functions for:
N            
N       (#) Remapping the memory accessible in the code area using SYSCFG_MemoryRemapConfig()
N            
N       (#) Swapping the internal flash Bank1 and Bank2 this features is only visible for 
N           STM32F42xxx/43xxx devices Devices. 
N                
N       (#) Manage the EXTI lines connection to the GPIOs using SYSCFG_EXTILineConfig()
N              
N       (#) Select the ETHERNET media interface (RMII/RII) using SYSCFG_ETH_MediaInterfaceConfig()
N  
N       -@- SYSCFG APB clock must be enabled to get write access to SYSCFG registers,
N           using RCC_APB2PeriphClockCmd(RCC_APB2Periph_SYSCFG, ENABLE);
N                   
N @endverbatim      
N  ******************************************************************************
N  * @attention
N  *
N  * <h2><center>&copy; COPYRIGHT 2013 STMicroelectronics</center></h2>
N  *
N  * Licensed under MCD-ST Liberty SW License Agreement V2, (the "License");
N  * You may not use this file except in compliance with the License.
N  * You may obtain a copy of the License at:
N  *
N  *        http://www.st.com/software_license_agreement_liberty_v2
N  *
N  * Unless required by applicable law or agreed to in writing, software 
N  * distributed under the License is distributed on an "AS IS" BASIS, 
N  * WITHOUT WARRANTIES OR CONDITIONS OF ANY KIND, either express or implied.
N  * See the License for the specific language governing permissions and
N  * limitations under the License.
N  *
N  ******************************************************************************
N  */
N
N/* Includes ------------------------------------------------------------------*/
N#include "stm32f4xx_syscfg.h"
L 1 "..\..\Libraries\STM32F4xx_StdPeriph_Driver\inc\stm32f4xx_syscfg.h" 1
N/**
N  ******************************************************************************
N  * @file    stm32f4xx_syscfg.h
N  * @author  MCD Application Team
N  * @version V1.3.0
N  * @date    08-November-2013
N  * @brief   This file contains all the functions prototypes for the SYSCFG firmware
N  *          library. 
N  ******************************************************************************
N  * @attention
N  *
N  * <h2><center>&copy; COPYRIGHT 2013 STMicroelectronics</center></h2>
N  *
N  * Licensed under MCD-ST Liberty SW License Agreement V2, (the "License");
N  * You may not use this file except in compliance with the License.
N  * You may obtain a copy of the License at:
N  *
N  *        http://www.st.com/software_license_agreement_liberty_v2
N  *
N  * Unless required by applicable law or agreed to in writing, software 
N  * distributed under the License is distributed on an "AS IS" BASIS, 
N  * WITHOUT WARRANTIES OR CONDITIONS OF ANY KIND, either express or implied.
N  * See the License for the specific language governing permissions and
N  * limitations under the License.
N  *
N  ******************************************************************************
N  */
N
N/* Define to prevent recursive inclusion -------------------------------------*/
N#ifndef __STM32F4xx_SYSCFG_H
N#define __STM32F4xx_SYSCFG_H
N
N#ifdef __cplusplus
S extern "C" {
N#endif
N
N/* Includes ------------------------------------------------------------------*/
C "..\..\Libraries\STM32F4xx_StdPeriph_Driver\inc\stm32f4xx_syscfg.h" 38 23 cannot open source input file "stm32f4xx.h": No such file or directory
N#include "stm32f4xx.h"
