L 1 "..\..\User\UserBsp\Stm32F4\stm32f4xx_it.c"
N/*
N*********************************************************************************************************
N*
N*	模块名称 : 中断模块
N*	文件名称 : stm32f4xxx_it.c
N*	版    本 : V1.1
N*	说    明 : 本文件存放中断服务函数。
N*
N*			我们只需要添加需要的中断函数即可。一般中断函数名是固定的，除非您修改了启动文件中的函数名
N*				\Libraries\CMSIS\Device\ST\STM32F4xx\Source\Templates\arm\startup_stm32f4xx.s
N*
N*			启动文件是汇编语言文件，定了每个中断的服务函数，这些函数使用了WEAK 关键字，表示弱定义，因此如
N*			果我们在c文件中重定义了该服务函数（必须和它同名），那么启动文件的中断函数将自动无效。这也就
N*			函数重定义的概念。
N*
N*			为了加强模块化，我们建议将中断服务程序分散到对应的驱动模块文件中。比如systick中断服务程序
N*			放在 bsp_timer.c 文件中。
N*
N*	修改记录 :
N*		版本号  日期       作者    说明
N*		v1.0    2013-02-01 armfly  首版
N*		v1.0    2013-06-20 armfly  在硬件异常中断服务程序中增加打印错误信息的功能。
N*   v1.1    2015-07-08 XSL     增加USB驱动
N*
N*	Copyright (C), 2013-2014, XSL
N*
N*********************************************************************************************************
N*/
N
N#include "stm32f4xx_it.h"
L 1 "..\..\User\UserBsp\Stm32F4\stm32f4xx_it.h" 1
N/*
N*********************************************************************************************************
N*
N*	模块名称 : 中断服务程序
N*	文件名称 : stm32f4xx_it.h
N*	版    本 : V1.0
N*	说    明 : 头文件
N*
N*	Copyright (C), 2013-2014, 安富莱电子 www.armfly.com
N*
N*********************************************************************************************************
N*/
N
N#ifndef __STM32F4xx_IT_H
N#define __STM32F4xx_IT_H
N
N#ifdef __cplusplus
S extern "C" {
N#endif
N
C "..\..\User\UserBsp\Stm32F4\stm32f4xx_it.h" 21 23 cannot open source input file "stm32f4xx.h": No such file or directory
N#include "stm32f4xx.h"
