L 1 "..\..\User\UserTask\uctsk_Bluetooth.c"
N/*
N***********************************************************************************
N*                    作    者: 徐松亮
N*                    更新时间: 2015-06-03
N***********************************************************************************
N*/
N/*********************************************************************************
N说明: 蓝牙任务(用近似Modbus协议的模式来做)
N一,接收理念:
N接收第一层: Uart_Rx2Buf    ---   串口接收数据(DMA接收中断)(uart.c/stm32f10x_it.c)
N            操作: 解析校验地址(首字节)-->复制数据至第二层-->发送消息队列
N接收第二层: Modbus_RBuf0   ---   缓存环
N            操作: 提取数据到第三层
N接收第三层: Modbus_RBuf1   ---   待处理缓存
N            操作: CRC校验-->解密-->解析Modbus
N二,发送理念:
N发送第一层: MODBUS_TBuf0   ---   直接DMA发送
N            准备发送数据-->计算CRC-->加密-->DMA发送
N**********************************************************************************/
N//================================
C "..\..\User\UserTask\uctsk_Bluetooth.c" 21 22 cannot open source input file "includes.h": No such file or directory
N#include "includes.h"
