L 1 "..\..\User\UserTask\uctsk_GprsAppXkap.c"
N/*
N***********************************************************************************
N*                    作    者: 徐松亮
N*                    更新时间: 2015-06-03
N***********************************************************************************
N*/
N/******************************** 说明 ************************
N文件功能：TCI服务器
N功    能: 用于TCI对设备的管理
N说    明: 1,256k芯片内部FLASH分配:0-15(bootload),16-17(主参数区),18-19(更改参数区),20-137(主程序区),138-255(升级程序区)
N          2,TCI通讯协议见PC程序
N**************************************************************/
N/*
N协议:
N---------------------------HTTP-------------------------------
N标签  名称           含义              数值范围(ASCII)
NT1    ID             本机ID            XXXXXXXXXXXX
NT2    Type           数据类型          1-定时
N                                       2-按钮
N                                       3-信息钮
NT3    PeakCount      1分钟剧烈变化次数 X-XXX
N                                       范围: 0～100
NT4    AverageVoltage 1分钟平均电压(mV) X-XXXX
N                                       范围: 0～3300
NT5    Illum          实时照度（lx）    X～XXXXXX
N                                       范围：0～300000
NT6    Temp           实时温度(0.1度)   -XXX～XXXX
N                                       范围：-55.0～125.0
N                                       表示：-550～1250
NT7    Humi           实时湿度(0.1%)    X～XXXX
N                                       范围：0.0～100.0
N                                       表示：0～1000
NT8    RFID           射频信息钮数据    XXXXXXXXXXXX-XXX
N                                       (ID-电压(X.XXv))
N---------------------------TYPE && E.G.------------------------
N一，定时数据实例（包含T1，T2，T3，T4，T5，T6，T7数据）
N      T1=9E01000F0710&T2=1&T3=20&T4=1630&T5=824&T6=251&T7=402
N      本机ID         9E:01:00:0F:07:10
N      数据类型       定时
N      1分钟变化次数  20次
N      1分钟平均电压  1630 mV
N      照度           824 Lx
N      温度           25.1摄氏度
N      湿度           40.2%
N二，按键数据实例（包含T1，T2，T5，T6，T7数据）
N      T1=9E01000F0710&T2=2&T5=824&T6=251&T7=402
N      本机ID         9E:01:00:0F:07:10
N      数据类型       按钮
N      照度           824 Lx
N      温度           25.1摄氏度
N      湿度           40.2%
N三，RFID数据实例（包含T1，T2，T8数据）
N      T1=9E01000F0710&T2=3&T8=9E01000F0711-258
N      本机ID         9E:01:00:0F:07:10
N      数据类型       信息钮
N      信息钮数据     信息钮ID：9E01000F0711 电压：2.58V
N*/
N//------------------------------- Includes --------------------
C "..\..\User\UserTask\uctsk_GprsAppXkap.c" 59 22 cannot open source input file "includes.h": No such file or directory
N#include <includes.h>
