L 1 "..\..\User\UserTask\uctsk_AD.c"
N/*
N***********************************************************************************
N*                    作    者: 徐松亮
N*                    更新时间: 2015-06-03
N***********************************************************************************
N*/
N/*
N关于AD采样速率的计算
N1，ADC时钟: RCC_ADCCLKConfig(RCC_PCLK2_Div8)表示AD时钟设为72/8=9MHz
N2，ADC总转换时间=采样时间+12.5个ADC时钟周期(信号量转换时间)，而采样时间由寄存器设定，最低1.5ADC周期，最大239.5ADC周期，也就是你程序中设置的55.5个采样周期。所以ADC一次采样的总采样时间是55.5+12.5=68个ADC周期，也就是68/9 us
N3,所以，总采样时间最快就是1.5+12.5个ADC周期，最慢就是239.5+12.5个ADC周期。至于采样速率，是跟你的程序是有关的，比如ADC采样时间设定为最快，但你可以设定1s采一次，那采样速率仍是1；再比如你开启扫描模式，跟单次转换又不一样
N*/
N//================================
N#include "uctsk_AD.h"
L 1 "..\..\User\UserTask\uctsk_AD.h" 1
N/*
N***********************************************************************************
N*                    作    者: 徐松亮
N*                    更新时间: 2015-06-03
N***********************************************************************************
N*/
N//-------------------------------------------------------------------------------
N#ifndef __AD_H
N#define __AD_H
N//-------------------加载库函数------------------------------
C "..\..\User\UserTask\uctsk_AD.h" 11 22 cannot open source input file "includes.h": No such file or directory
N#include "includes.h"
