L 1 "..\..\User\UserTask\uctsk_HCI.c"
N/*
N***********************************************************************************
N*                    作    者: 徐松亮
N*                    更新时间: 2015-06-03
N***********************************************************************************
N*/
N/*********************************************************************************
N说明: 人机界面任务(HCI-->human-computer interface)
N**********************************************************************************/
N//-------------------加载库函数------------------------------
N#include "uctsk_HCI.h"
L 1 "..\..\User\UserTask\uctsk_HCI.h" 1
N/*
N***********************************************************************************
N*                    作    者: 徐松亮
N*                    更新时间: 2015-06-03
N***********************************************************************************
N*/
N#ifndef __HCI_H
N#define __HCI_H
N//-------------------加载库函数------------------------------
C "..\..\User\UserTask\uctsk_HCI.h" 10 22 cannot open source input file "includes.h": No such file or directory
N#include "includes.h"
