Component: ARM Compiler 5.06 update 4 (build 422) Tool: armlink [4d35d2]

==============================================================================

Section Cross References

    main.o(i.App_TaskStart) refers to bsp_rtc.o(i.BspRtc_Init) for BspRtc_Init
    main.o(i.App_TaskStart) refers to bsp_led.o(i.BspLed_Init) for BspLed_Init
    main.o(i.App_TaskStart) refers to uctsk_debug.o(i.App_DebugTaskCreate) for App_DebugTaskCreate
    main.o(i.App_TaskStart) refers to tasks.o(i.vTaskDelay) for vTaskDelay
    main.o(i.App_TaskStart) refers to main.o(.data) for .data
    main.o(i.main) refers to tasks.o(i.xTaskGenericCreate) for xTaskGenericCreate
    main.o(i.main) refers to tasks.o(i.vTaskStartScheduler) for vTaskStartScheduler
    main.o(i.main) refers to main.o(.data) for .data
    main.o(i.main) refers to main.o(i.App_TaskStart) for App_TaskStart
    uctsk_debug.o(i.App_DebugTaskCreate) refers to tasks.o(i.xTaskGenericCreate) for xTaskGenericCreate
    uctsk_debug.o(i.App_DebugTaskCreate) refers to uctsk_debug.o(.data) for .data
    uctsk_debug.o(i.App_DebugTaskCreate) refers to uctsk_debug.o(i.App_TaskDebug) for App_TaskDebug
    uctsk_debug.o(i.App_TaskDebug) refers to tasks.o(i.vTaskDelay) for vTaskDelay
    uctsk_debug.o(i.App_TaskDebug) refers to uctsk_debug.o(i.DebugPro_100ms) for DebugPro_100ms
    uctsk_debug.o(i.App_TaskDebug) refers to uctsk_debug.o(i.Debug_InterruptRx) for Debug_InterruptRx
    uctsk_debug.o(i.App_TaskDebug) refers to app_uart_fifo.o(i.app_uart_get) for app_uart_get
    uctsk_debug.o(i.DebugIn) refers to tasks.o(i.vTaskDelay) for vTaskDelay
    uctsk_debug.o(i.DebugIn) refers to memcpya.o(.text) for __aeabi_memcpy
    uctsk_debug.o(i.DebugIn) refers to uctsk_debug.o(.data) for .data
    uctsk_debug.o(i.DebugInit) refers to memcpya.o(.text) for __aeabi_memcpy4
    uctsk_debug.o(i.DebugInit) refers to app_uart_fifo.o(i.app_uart_init) for app_uart_init
    uctsk_debug.o(i.DebugInit) refers to app_error.o(i.app_error_handler_bare) for app_error_handler_bare
    uctsk_debug.o(i.DebugInit) refers to uctsk_debug.o(.data) for .data
    uctsk_debug.o(i.DebugInit) refers to uctsk_debug.o(.constdata) for .constdata
    uctsk_debug.o(i.DebugInit) refers to uctsk_debug.o(.bss) for .bss
    uctsk_debug.o(i.DebugInit) refers to uctsk_debug.o(i.uart_error_handle) for uart_error_handle
    uctsk_debug.o(i.DebugInputNum) refers to uctsk_debug.o(i.DebugIn) for DebugIn
    uctsk_debug.o(i.DebugOut) refers to app_uart_fifo.o(i.app_uart_put) for app_uart_put
    uctsk_debug.o(i.DebugOut) refers to tasks.o(i.vTaskDelay) for vTaskDelay
    uctsk_debug.o(i.DebugOut) refers to uidiv.o(.text) for __aeabi_uidivmod
    uctsk_debug.o(i.DebugOut) refers to uctsk_debug.o(.data) for .data
    uctsk_debug.o(i.DebugOutHex) refers to uctsk_debug.o(i.DebugOutStr) for DebugOutStr
    uctsk_debug.o(i.DebugOutHex) refers to printfa.o(i.__0sprintf) for __2sprintf
    uctsk_debug.o(i.DebugOutStr) refers to strlen.o(.text) for strlen
    uctsk_debug.o(i.DebugOutStr) refers to uctsk_debug.o(i.DebugOut) for DebugOut
    uctsk_debug.o(i.DebugPro_100ms) refers to memmanager.o(i.MemManager_Get) for MemManager_Get
    uctsk_debug.o(i.DebugPro_100ms) refers to uctsk_debug.o(i.DebugInit) for DebugInit
    uctsk_debug.o(i.DebugPro_100ms) refers to bsp_rtc.o(i.BspRtc_ReadRealTime) for BspRtc_ReadRealTime
    uctsk_debug.o(i.DebugPro_100ms) refers to uctsk_debug.o(i.DebugOutStr) for DebugOutStr
    uctsk_debug.o(i.DebugPro_100ms) refers to printfa.o(i.__0sprintf) for __2sprintf
    uctsk_debug.o(i.DebugPro_100ms) refers to strlen.o(.text) for strlen
    uctsk_debug.o(i.DebugPro_100ms) refers to uctsk_debug.o(i.DebugOut) for DebugOut
    uctsk_debug.o(i.DebugPro_100ms) refers to memmanager.o(i.MemManager_Free) for MemManager_Free
    uctsk_debug.o(i.DebugPro_100ms) refers to uctsk_debug.o(.data) for .data
    uctsk_debug.o(i.DebugPro_100ms) refers to uctsk_debug.o(.constdata) for .constdata
    uctsk_debug.o(i.Debug_InterruptRx) refers to uctsk_debug.o(i.DebugOut) for DebugOut
    uctsk_debug.o(i.Debug_InterruptRx) refers to memcpya.o(.text) for __aeabi_memcpy
    uctsk_debug.o(i.Debug_InterruptRx) refers to uctsk_debug.o(.data) for .data
    uctsk_debug.o(i.Debug_InterruptRx) refers to uctsk_debug.o(.constdata) for .constdata
    uctsk_debug.o(i.uart_error_handle) refers to app_error.o(i.app_error_handler_bare) for app_error_handler_bare
    uctsk_debug.o(.constdata) refers to uctsk_debug.o(.conststring) for .conststring
    uctsk_debug.o(.constdata) refers to module_os.o(i.Module_OS_Info_DebugTestOnOff) for Module_OS_Info_DebugTestOnOff
    uctsk_debug.o(.constdata) refers to bsp_rtc.o(i.BspRtc_DebugTestOnOff) for BspRtc_DebugTestOnOff
    uctsk_debug.o(.constdata) refers to count.o(i.Count_DebugTestOnOff) for Count_DebugTestOnOff
    count.o(i.Count_Average16) refers to uidiv.o(.text) for __aeabi_uidivmod
    count.o(i.Count_Average32) refers to uidiv.o(.text) for __aeabi_uidivmod
[...]
    DebugPro_100ms                           0x00001da1   Thumb Code   340  uctsk_debug.o(i.DebugPro_100ms)
    i.Debug_InterruptRx                      0x00002018   Section        0  uctsk_debug.o(i.Debug_InterruptRx)
    i.GPIOTE_IRQHandler                      0x000020f4   Section        0  nrf_drv_gpiote.o(i.GPIOTE_IRQHandler)
    i.MemManager_Free                        0x0000226c   Section        0  memmanager.o(i.MemManager_Free)
    i.MemManager_Get                         0x000022e4   Section        0  memmanager.o(i.MemManager_Get)
    i.MemManager_Init                        0x00002388   Section        0  memmanager.o(i.MemManager_Init)
    MemManager_Init                          0x00002389   Thumb Code    12  memmanager.o(i.MemManager_Init)
    i.Module_OS_Info_DebugTestOnOff          0x00002398   Section        0  module_os.o(i.Module_OS_Info_DebugTestOnOff)
    i.POWER_CLOCK_IRQHandler                 0x000023dc   Section        0  nrf_drv_clock.o(i.POWER_CLOCK_IRQHandler)
    i.RTC0_IRQHandler                        0x00002430   Section        0  nrf_drv_rtc.o(i.RTC0_IRQHandler)
    i.RTC1_IRQHandler                        0x00002444   Section        0  port_cmsis_systick.o(i.RTC1_IRQHandler)
    i.SystemInit                             0x00002494   Section        0  system_nrf51.o(i.SystemInit)
    i.Time_GetCalendarTime                   0x00002534   Section        0  bsp_rtc.o(i.Time_GetCalendarTime)
    Time_GetCalendarTime                     0x00002535   Thumb Code    30  bsp_rtc.o(i.Time_GetCalendarTime)
    i.Time_SetCalendarTime                   0x00002558   Section        0  bsp_rtc.o(i.Time_SetCalendarTime)
    Time_SetCalendarTime                     0x00002559   Thumb Code    36  bsp_rtc.o(i.Time_SetCalendarTime)
    i.UART0_IRQHandler                       0x00002580   Section        0  nrf_drv_uart.o(i.UART0_IRQHandler)
    i.__0sprintf                             0x00002594   Section        0  printfa.o(i.__0sprintf)
    i.__ARM_clz                              0x000025bc   Section        0  depilogue.o(i.__ARM_clz)
    i.__ARM_common_switch8                   0x000025ea   Section        0  bsp.o(i.__ARM_common_switch8)
    i.__scatterload_copy                     0x00002604   Section       14  handlers.o(i.__scatterload_copy)
    i.__scatterload_null                     0x00002612   Section        2  handlers.o(i.__scatterload_null)
    i.__scatterload_zeroinit                 0x00002614   Section       14  handlers.o(i.__scatterload_zeroinit)
    i._fp_digits                             0x00002624   Section        0  printfa.o(i._fp_digits)
    _fp_digits                               0x00002625   Thumb Code   344  printfa.o(i._fp_digits)
    i._printf_core                           0x00002798   Section        0  printfa.o(i._printf_core)
    _printf_core                             0x00002799   Thumb Code  1754  printfa.o(i._printf_core)
    i._printf_post_padding                   0x00002e84   Section        0  printfa.o(i._printf_post_padding)
    _printf_post_padding                     0x00002e85   Thumb Code    32  printfa.o(i._printf_post_padding)
    i._printf_pre_padding                    0x00002ea4   Section        0  printfa.o(i._printf_pre_padding)
    _printf_pre_padding                      0x00002ea5   Thumb Code    44  printfa.o(i._printf_pre_padding)
    i._sputc                                 0x00002ed0   Section        0  printfa.o(i._sputc)
    _sputc                                   0x00002ed1   Thumb Code    10  printfa.o(i._sputc)
    i.app_error_fault_handler                0x00002edc   Section        0  app_error_weak.o(i.app_error_fault_handler)
    i.app_error_handler_bare                 0x00002ef8   Section        0  app_error.o(i.app_error_handler_bare)
    i.app_fifo_get                           0x00002f10   Section        0  app_fifo.o(i.app_fifo_get)
    i.app_fifo_init                          0x00002f26   Section        0  app_fifo.o(i.app_fifo_init)
    i.app_fifo_put                           0x00002f4a   Section        0  app_fifo.o(i.app_fifo_put)
    i.app_uart_get                           0x00002f64   Section        0  app_uart_fifo.o(i.app_uart_get)
    i.app_uart_init                          0x00002f9c   Section        0  app_uart_fifo.o(i.app_uart_init)
    i.app_uart_put                           0x0000304c   Section        0  app_uart_fifo.o(i.app_uart_put)
    i.app_util_critical_region_enter         0x0000308c   Section        0  app_util_platform.o(i.app_util_critical_region_enter)
    i.app_util_critical_region_exit          0x00003094   Section        0  app_util_platform.o(i.app_util_critical_region_exit)
    i.app_util_disable_irq                   0x0000309c   Section        0  app_util_platform.o(i.app_util_disable_irq)
    i.app_util_enable_irq                    0x000030ac   Section        0  app_util_platform.o(i.app_util_enable_irq)
    i.apply_config                           0x000030c0   Section        0  nrf_drv_uart.o(i.apply_config)
    apply_config                             0x000030c1   Thumb Code   128  nrf_drv_uart.o(i.apply_config)
    i.arm_linear_interp_f32                  0x00003144   Section        0  count.o(i.arm_linear_interp_f32)
    arm_linear_interp_f32                    0x00003145   Thumb Code   148  count.o(i.arm_linear_interp_f32)
    i.channel_port_get                       0x000031d8   Section        0  nrf_drv_gpiote.o(i.channel_port_get)
    channel_port_get                         0x000031d9   Thumb Code    10  nrf_drv_gpiote.o(i.channel_port_get)
    i.clock_clk_started_notify               0x000031e8   Section        0  nrf_drv_clock.o(i.clock_clk_started_notify)
    clock_clk_started_notify                 0x000031e9   Thumb Code    34  nrf_drv_clock.o(i.clock_clk_started_notify)
    i.eTaskConfirmSleepModeStatus            0x00003210   Section        0  tasks.o(i.eTaskConfirmSleepModeStatus)
    i.fifo_get                               0x00003240   Section        0  app_fifo.o(i.fifo_get)
    fifo_get                                 0x00003241   Thumb Code    20  app_fifo.o(i.fifo_get)
    i.fifo_put                               0x00003254   Section        0  app_fifo.o(i.fifo_put)
    fifo_put                                 0x00003255   Thumb Code    18  app_fifo.o(i.fifo_put)
    i.is_manual_peripheral_setup_needed      0x00003268   Section        0  system_nrf51.o(i.is_manual_peripheral_setup_needed)
    is_manual_peripheral_setup_needed        0x00003269   Thumb Code    66  system_nrf51.o(i.is_manual_peripheral_setup_needed)
    i.item_enqueue                           0x000032b0   Section        0  nrf_drv_clock.o(i.item_enqueue)
    item_enqueue                             0x000032b1   Thumb Code    22  nrf_drv_clock.o(i.item_enqueue)
    i.main                                   0x000032c8   Section        0  main.o(i.main)
    i.nrf_bitmask_bit_is_set                 0x00003308   Section        0  nrf_drv_gpiote.o(i.nrf_bitmask_bit_is_set)
    nrf_bitmask_bit_is_set                   0x00003309   Thumb Code    16  nrf_drv_gpiote.o(i.nrf_bitmask_bit_is_set)
    i.nrf_clock_event_check                  0x00003318   Section        0  nrf_drv_clock.o(i.nrf_clock_event_check)
    nrf_clock_event_check                    0x00003319   Thumb Code    16  nrf_drv_clock.o(i.nrf_clock_event_check)
    i.nrf_drv_clock_init                     0x00003328   Section        0  nrf_drv_clock.o(i.nrf_drv_clock_init)
    i.nrf_drv_clock_lfclk_request            0x00003368   Section        0  nrf_drv_clock.o(i.nrf_drv_clock_lfclk_request)
    i.nrf_drv_common_irq_enable              0x000033cc   Section        0  nrf_drv_common.o(i.nrf_drv_common_irq_enable)
    i.nrf_drv_rtc_cc_set                     0x0000342c   Section        0  nrf_drv_rtc.o(i.nrf_drv_rtc_cc_set)
    i.nrf_drv_rtc_enable                     0x000034c0   Section        0  nrf_drv_rtc.o(i.nrf_drv_rtc_enable)
    i.nrf_drv_rtc_init                       0x000034d8   Section        0  nrf_drv_rtc.o(i.nrf_drv_rtc_init)
    i.nrf_drv_rtc_int_handler                0x00003544   Section        0  nrf_drv_rtc.o(i.nrf_drv_rtc_int_handler)
    nrf_drv_rtc_int_handler                  0x00003545   Thumb Code   150  nrf_drv_rtc.o(i.nrf_drv_rtc_int_handler)
    i.nrf_drv_rtc_tick_enable                0x000035e0   Section        0  nrf_drv_rtc.o(i.nrf_drv_rtc_tick_enable)
    i.nrf_drv_uart_init                      0x00003604   Section        0  nrf_drv_uart.o(i.nrf_drv_uart_init)
    i.nrf_drv_uart_rx                        0x00003684   Section        0  nrf_drv_uart.o(i.nrf_drv_uart_rx)
    i.nrf_drv_uart_rx_enable                 0x000036e0   Section        0  nrf_drv_uart.o(i.nrf_drv_uart_rx_enable)
    i.nrf_drv_uart_rx_for_uart               0x0000370c   Section        0  nrf_drv_uart.o(i.nrf_drv_uart_rx_for_uart)
    nrf_drv_uart_rx_for_uart                 0x0000370d   Thumb Code   164  nrf_drv_uart.o(i.nrf_drv_uart_rx_for_uart)
    i.nrf_drv_uart_tx                        0x000037b4   Section        0  nrf_drv_uart.o(i.nrf_drv_uart_tx)
    i.nrf_drv_uart_tx_for_uart               0x000037e8   Section        0  nrf_drv_uart.o(i.nrf_drv_uart_tx_for_uart)
    nrf_drv_uart_tx_for_uart                 0x000037e9   Thumb Code   134  nrf_drv_uart.o(i.nrf_drv_uart_tx_for_uart)
    i.nrf_drv_uart_tx_in_progress            0x00003874   Section        0  nrf_drv_uart.o(i.nrf_drv_uart_tx_in_progress)
    i.nrf_gpio_cfg                           0x0000388c   Section        0  nrf_drv_uart.o(i.nrf_gpio_cfg)
    nrf_gpio_cfg                             0x0000388d   Thumb Code    40  nrf_drv_uart.o(i.nrf_gpio_cfg)
    i.nrf_gpio_cfg_input                     0x000038b4   Section        0  nrf_drv_uart.o(i.nrf_gpio_cfg_input)
    nrf_gpio_cfg_input                       0x000038b5   Thumb Code    18  nrf_drv_uart.o(i.nrf_gpio_cfg_input)
    i.nrf_gpio_cfg_output                    0x000038c6   Section        0  bsp_led.o(i.nrf_gpio_cfg_output)
    nrf_gpio_cfg_output                      0x000038c7   Thumb Code    20  bsp_led.o(i.nrf_gpio_cfg_output)
    i.nrf_gpio_cfg_output                    0x000038da   Section        0  nrf_drv_uart.o(i.nrf_gpio_cfg_output)
    nrf_gpio_cfg_output                      0x000038db   Thumb Code    20  nrf_drv_uart.o(i.nrf_gpio_cfg_output)
    i.nrf_gpio_cfg_sense_set                 0x000038ee   Section        0  nrf_drv_gpiote.o(i.nrf_gpio_cfg_sense_set)
    nrf_gpio_cfg_sense_set                   0x000038ef   Thumb Code    34  nrf_drv_gpiote.o(i.nrf_gpio_cfg_sense_set)
    i.nrf_gpio_pin_toggle                    0x00003910   Section        0  bsp_rtc.o(i.nrf_gpio_pin_toggle)
    nrf_gpio_pin_toggle                      0x00003911   Thumb Code    20  bsp_rtc.o(i.nrf_gpio_pin_toggle)
    i.nrf_gpio_pin_write                     0x00003928   Section        0  bsp_led.o(i.nrf_gpio_pin_write)
    nrf_gpio_pin_write                       0x00003929   Thumb Code    18  bsp_led.o(i.nrf_gpio_pin_write)
    i.nrf_gpio_ports_read                    0x00003940   Section        0  nrf_drv_gpiote.o(i.nrf_gpio_ports_read)
    nrf_gpio_ports_read                      0x00003941   Thumb Code    36  nrf_drv_gpiote.o(i.nrf_gpio_ports_read)
    i.nrf_gpiote_event_clear                 0x00003968   Section        0  nrf_drv_gpiote.o(i.nrf_gpiote_event_clear)
    nrf_gpiote_event_clear                   0x00003969   Thumb Code    10  nrf_drv_gpiote.o(i.nrf_gpiote_event_clear)
    i.nrf_gpiote_event_is_set                0x00003978   Section        0  nrf_drv_gpiote.o(i.nrf_gpiote_event_is_set)
    nrf_gpiote_event_is_set                  0x00003979   Thumb Code    14  nrf_drv_gpiote.o(i.nrf_gpiote_event_is_set)
    i.nrf_uart_event_check                   0x0000398c   Section        0  nrf_drv_uart.o(i.nrf_uart_event_check)
    nrf_uart_event_check                     0x0000398d   Thumb Code    10  nrf_drv_uart.o(i.nrf_uart_event_check)
    i.nrf_uart_int_enable_check              0x00003996   Section        0  nrf_drv_uart.o(i.nrf_uart_int_enable_check)
    nrf_uart_int_enable_check                0x00003997   Thumb Code    16  nrf_drv_uart.o(i.nrf_uart_int_enable_check)
    i.prvAddCurrentTaskToDelayedList         0x000039a8   Section        0  tasks.o(i.prvAddCurrentTaskToDelayedList)
    prvAddCurrentTaskToDelayedList           0x000039a9   Thumb Code    46  tasks.o(i.prvAddCurrentTaskToDelayedList)
    i.prvCheckForValidListAndQueue           0x000039dc   Section        0  timers.o(i.prvCheckForValidListAndQueue)
    prvCheckForValidListAndQueue             0x000039dd   Thumb Code    64  timers.o(i.prvCheckForValidListAndQueue)
    i.prvCheckTasksWaitingTermination        0x00003a2c   Section        0  tasks.o(i.prvCheckTasksWaitingTermination)
    prvCheckTasksWaitingTermination          0x00003a2d   Thumb Code    78  tasks.o(i.prvCheckTasksWaitingTermination)
    i.prvCopyDataFromQueue                   0x00003a84   Section        0  queue.o(i.prvCopyDataFromQueue)
    prvCopyDataFromQueue                     0x00003a85   Thumb Code    38  queue.o(i.prvCopyDataFromQueue)
    i.prvCopyDataToQueue                     0x00003aaa   Section        0  queue.o(i.prvCopyDataToQueue)
    prvCopyDataToQueue                       0x00003aab   Thumb Code   118  queue.o(i.prvCopyDataToQueue)
    i.prvGetExpectedIdleTime                 0x00003b20   Section        0  tasks.o(i.prvGetExpectedIdleTime)
    prvGetExpectedIdleTime                   0x00003b21   Thumb Code    30  tasks.o(i.prvGetExpectedIdleTime)
    i.prvIdleTask                            0x00003b48   Section        0  tasks.o(i.prvIdleTask)
    prvIdleTask                              0x00003b49   Thumb Code    46  tasks.o(i.prvIdleTask)
    i.prvInsertTimerInActiveList             0x00003b7c   Section        0  timers.o(i.prvInsertTimerInActiveList)
    prvInsertTimerInActiveList               0x00003b7d   Thumb Code    52  timers.o(i.prvInsertTimerInActiveList)
    i.prvProcessReceivedCommands             0x00003bb4   Section        0  timers.o(i.prvProcessReceivedCommands)
    prvProcessReceivedCommands               0x00003bb5   Thumb Code   164  timers.o(i.prvProcessReceivedCommands)
    i.prvProcessTimerOrBlockTask             0x00003c5c   Section        0  timers.o(i.prvProcessTimerOrBlockTask)
    prvProcessTimerOrBlockTask               0x00003c5d   Thumb Code   144  timers.o(i.prvProcessTimerOrBlockTask)
    i.prvResetNextTaskUnblockTime            0x00003cf0   Section        0  tasks.o(i.prvResetNextTaskUnblockTime)
    prvResetNextTaskUnblockTime              0x00003cf1   Thumb Code    28  tasks.o(i.prvResetNextTaskUnblockTime)
    i.prvSampleTimeNow                       0x00003d10   Section        0  timers.o(i.prvSampleTimeNow)
    prvSampleTimeNow                         0x00003d11   Thumb Code    36  timers.o(i.prvSampleTimeNow)
    i.prvSwitchTimerLists                    0x00003d38   Section        0  timers.o(i.prvSwitchTimerLists)
    prvSwitchTimerLists                      0x00003d39   Thumb Code    84  timers.o(i.prvSwitchTimerLists)
    i.prvTaskExitError                       0x00003d90   Section        0  port_cmsis.o(i.prvTaskExitError)
    prvTaskExitError                         0x00003d91   Thumb Code     4  port_cmsis.o(i.prvTaskExitError)
    i.prvTimerTask                           0x00003d94   Section        0  timers.o(i.prvTimerTask)
    prvTimerTask                             0x00003d95   Thumb Code    32  timers.o(i.prvTimerTask)
    i.prvUnlockQueue                         0x00003db8   Section        0  queue.o(i.prvUnlockQueue)
    prvUnlockQueue                           0x00003db9   Thumb Code   106  queue.o(i.prvUnlockQueue)
    i.pvPortMalloc                           0x00003e24   Section        0  heap_1.o(i.pvPortMalloc)
    i.pvTaskIncrementMutexHeldCount          0x00003e74   Section        0  tasks.o(i.pvTaskIncrementMutexHeldCount)
    i.pxPortInitialiseStack                  0x00003e8c   Section        0  port_cmsis.o(i.pxPortInitialiseStack)
    i.rtc_handler                            0x00003eb0   Section        0  bsp_rtc.o(i.rtc_handler)
    rtc_handler                              0x00003eb1   Thumb Code    64  bsp_rtc.o(i.rtc_handler)
    i.rx_byte                                0x00003ef4   Section        0  nrf_drv_uart.o(i.rx_byte)
    rx_byte                                  0x00003ef5   Thumb Code    38  nrf_drv_uart.o(i.rx_byte)
    i.rx_done_event                          0x00003f1a   Section        0  nrf_drv_uart.o(i.rx_done_event)
    rx_done_event                            0x00003f1b   Thumb Code    20  nrf_drv_uart.o(i.rx_done_event)
    i.rx_enable                              0x00003f2e   Section        0  nrf_drv_uart.o(i.rx_enable)
    rx_enable                                0x00003f2f   Thumb Code    26  nrf_drv_uart.o(i.rx_enable)
    i.tx_byte                                0x00003f48   Section        0  nrf_drv_uart.o(i.tx_byte)
    tx_byte                                  0x00003f49   Thumb Code    30  nrf_drv_uart.o(i.tx_byte)
    i.tx_done_event                          0x00003f66   Section        0  nrf_drv_uart.o(i.tx_done_event)
    tx_done_event                            0x00003f67   Thumb Code    24  nrf_drv_uart.o(i.tx_done_event)
    i.uart_error_handle                      0x00003f7e   Section        0  uctsk_debug.o(i.uart_error_handle)
    i.uart_event_handler                     0x00003f94   Section        0  app_uart_fifo.o(i.uart_event_handler)
    uart_event_handler                       0x00003f95   Thumb Code   158  app_uart_fifo.o(i.uart_event_handler)
    i.uart_irq_handler                       0x0000403c   Section        0  nrf_drv_uart.o(i.uart_irq_handler)
    uart_irq_handler                         0x0000403d   Thumb Code   296  nrf_drv_uart.o(i.uart_irq_handler)
    i.ulPortDisableISR                       0x00004164   Section        0  queue.o(i.ulPortDisableISR)
    ulPortDisableISR                         0x00004165   Thumb Code    28  queue.o(i.ulPortDisableISR)
    i.uxListRemove                           0x00004180   Section        0  list.o(i.uxListRemove)
    i.vListInitialise                        0x000041a4   Section        0  list.o(i.vListInitialise)
    i.vListInitialiseItem                    0x000041ba   Section        0  list.o(i.vListInitialiseItem)
    i.vListInsert                            0x000041c0   Section        0  list.o(i.vListInsert)
    i.vListInsertEnd                         0x000041f0   Section        0  list.o(i.vListInsertEnd)
    i.vPortEnterCritical                     0x00004208   Section        0  port_cmsis.o(i.vPortEnterCritical)
    i.vPortExitCritical                      0x00004218   Section        0  port_cmsis.o(i.vPortExitCritical)
    i.vPortFree                              0x0000422c   Section        0  heap_1.o(i.vPortFree)
    i.vPortRestoreISR                        0x0000422e   Section        0  queue.o(i.vPortRestoreISR)
    vPortRestoreISR                          0x0000422f   Thumb Code    16  queue.o(i.vPortRestoreISR)
    i.vPortSafeTaskSwitchContext             0x0000423e   Section        0  port_cmsis.o(i.vPortSafeTaskSwitchContext)
    i.vPortSetupTimerInterrupt               0x0000426c   Section        0  port_cmsis_systick.o(i.vPortSetupTimerInterrupt)
    i.vPortSuppressTicksAndSleep             0x000042b8   Section        0  port_cmsis_systick.o(i.vPortSuppressTicksAndSleep)
    i.vPortTaskYield                         0x00004340   Section        0  port_cmsis.o(i.vPortTaskYield)
    i.vQueueAddToRegistry                    0x00004358   Section        0  queue.o(i.vQueueAddToRegistry)
    i.vQueueWaitForMessageRestricted         0x0000437c   Section        0  queue.o(i.vQueueWaitForMessageRestricted)
    i.vTaskDelay                             0x000043b8   Section        0  tasks.o(i.vTaskDelay)
    i.vTaskMissedYield                       0x000043e8   Section        0  tasks.o(i.vTaskMissedYield)
    i.vTaskPlaceOnEventList                  0x000043f4   Section        0  tasks.o(i.vTaskPlaceOnEventList)
    i.vTaskPlaceOnEventListRestricted        0x0000442c   Section        0  tasks.o(i.vTaskPlaceOnEventListRestricted)
    i.vTaskPriorityInherit                   0x00004468   Section        0  tasks.o(i.vTaskPriorityInherit)
    i.vTaskSetTimeOutState                   0x000044cc   Section        0  tasks.o(i.vTaskSetTimeOutState)
    i.vTaskStartScheduler                    0x000044dc   Section        0  tasks.o(i.vTaskStartScheduler)
    i.vTaskStepTick                          0x0000452c   Section        0  tasks.o(i.vTaskStepTick)
    i.vTaskSuspendAll                        0x0000453c   Section        0  tasks.o(i.vTaskSuspendAll)
    i.vTaskSwitchContext                     0x0000454c   Section        0  tasks.o(i.vTaskSwitchContext)
    i.xPortStartScheduler                    0x00004598   Section        0  port_cmsis.o(i.xPortStartScheduler)
    i.xQueueGenericCreate                    0x000045d0   Section        0  queue.o(i.xQueueGenericCreate)
    i.xQueueGenericReceive                   0x0000460e   Section        0  queue.o(i.xQueueGenericReceive)
    i.xQueueGenericReset                     0x0000471e   Section        0  queue.o(i.xQueueGenericReset)
    i.xQueueGenericSend                      0x00004780   Section        0  queue.o(i.xQueueGenericSend)
    i.xQueueGenericSendFromISR               0x0000485e   Section        0  queue.o(i.xQueueGenericSendFromISR)
    i.xTaskCheckForTimeOut                   0x000048c0   Section        0  tasks.o(i.xTaskCheckForTimeOut)
    i.xTaskGenericCreate                     0x00004908   Section        0  tasks.o(i.xTaskGenericCreate)
    i.xTaskGetSchedulerState                 0x00004a64   Section        0  tasks.o(i.xTaskGetSchedulerState)
    i.xTaskGetTickCount                      0x00004a84   Section        0  tasks.o(i.xTaskGetTickCount)
    i.xTaskIncrementTick                     0x00004a90   Section        0  tasks.o(i.xTaskIncrementTick)
    i.xTaskPriorityDisinherit                0x00004b34   Section        0  tasks.o(i.xTaskPriorityDisinherit)
    i.xTaskRemoveFromEventList               0x00004b88   Section        0  tasks.o(i.xTaskRemoveFromEventList)
    i.xTaskResumeAll                         0x00004bec   Section        0  tasks.o(i.xTaskResumeAll)
    i.xTimerCreateTimerTask                  0x00004c8c   Section        0  timers.o(i.xTimerCreateTimerTask)
    i.xTimerGenericCommand                   0x00004cd0   Section        0  timers.o(i.xTimerGenericCommand)
    .constdata                               0x00004d1c   Section       72  uctsk_debug.o(.constdata)
    .constdata                               0x00004d64   Section       80  count.o(.constdata)
    WeekTab                                  0x00004d64   Data          12  count.o(.constdata)
    .constdata                               0x00004db4   Section       16  bsp_rtc.o(.constdata)
    .constdata                               0x00004dc4   Section        4  nrf_drv_gpiote.o(.constdata)
    .constdata                               0x00004dc8   Section       32  app_uart_fifo.o(.constdata)
    .constdata                               0x00004de8   Section        4  port_cmsis.o(.constdata)
    <Data1>                                  0x00004de8   Data           4  port_cmsis.o(.constdata)
    .constdata                               0x00004dec   Section       12  localtime_r.o(.constdata)
    monlen                                   0x00004dec   Data          12  localtime_r.o(.constdata)
    .constdata                               0x00004df8   Section       12  mktime.o(.constdata)
    monlen                                   0x00004df8   Data          12  mktime.o(.constdata)
    .conststring                             0x00004e04   Section       55  uctsk_debug.o(.conststring)
    .data                                    0x20000000   Section        8  main.o(.data)
    stimer                                   0x20000000   Data           1  main.o(.data)
    AppTaskStartTCB                          0x20000004   Data           4  main.o(.data)
    .data                                    0x20000008   Section       22  uctsk_debug.o(.data)
    Debug_InitSign                           0x20000008   Data           1  uctsk_debug.o(.data)
    step                                     0x20000009   Data           1  uctsk_debug.o(.data)
    timer1                                   0x2000000a   Data           2  uctsk_debug.o(.data)
    count1                                   0x2000000c   Data           2  uctsk_debug.o(.data)
    DebugInLen                               0x2000000e   Data           2  uctsk_debug.o(.data)
    AppTaskDebugTCB                          0x20000010   Data           4  uctsk_debug.o(.data)
    DebugInBuf                               0x20000014   Data           5  uctsk_debug.o(.data)
    .data                                    0x20000020   Section       64  count.o(.data)
    sbufnum                                  0x20000020   Data           2  count.o(.data)
    sbufsum                                  0x20000024   Data           4  count.o(.data)
    .data                                    0x20000060   Section       16  memmanager.o(.data)
    Mem_First                                0x20000060   Data           1  memmanager.o(.data)
    Mem_256B                                 0x20000068   Data           4  memmanager.o(.data)
    Mem_1KB                                  0x2000006c   Data           4  memmanager.o(.data)
    .data                                    0x20000070   Section        1  module_os.o(.data)
    s_count                                  0x20000070   Data           1  module_os.o(.data)
    .data                                    0x20000074   Section       60  bsp_rtc.o(.data)
    Rtc_AlarmTriggerBitMap                   0x20000075   Data           1  bsp_rtc.o(.data)
    Rtc_Auto_OnOff                           0x20000076   Data           1  bsp_rtc.o(.data)
    Rtc_Auto_State                           0x20000077   Data           1  bsp_rtc.o(.data)
    Rtc_Format                               0x20000078   Data           1  bsp_rtc.o(.data)
    Rtc_AlarmRunBitMap                       0x20000079   Data           1  bsp_rtc.o(.data)
    Rtc_AlarmRunState                        0x2000007a   Data           1  bsp_rtc.o(.data)
    Rtc_MonthBak                             0x2000007b   Data           1  bsp_rtc.o(.data)
    si                                       0x2000007c   Data           1  bsp_rtc.o(.data)
    count                                    0x2000007d   Data           1  bsp_rtc.o(.data)
    Rtc_AlarmMode                            0x2000007e   Data           2  bsp_rtc.o(.data)
    Rtc_Auto_BeginTime                       0x20000080   Data           2  bsp_rtc.o(.data)
    Rtc_Auto_EndTime                         0x20000082   Data           2  bsp_rtc.o(.data)
    secondBak                                0x20000084   Data           2  bsp_rtc.o(.data)
    Rtc_Alarm                                0x20000086   Data           4  bsp_rtc.o(.data)
    Rtc_Warn_OnOff                           0x2000008a   Data           4  bsp_rtc.o(.data)
    Rtc_BeginToNow_s                         0x20000090   Data           4  bsp_rtc.o(.data)
    Rtc_Timer_s                              0x20000094   Data           4  bsp_rtc.o(.data)
    Rtc_Warn_Time                            0x2000009e   Data           8  bsp_rtc.o(.data)
    AlarmTimerSBuf                           0x200000a8   Data           8  bsp_rtc.o(.data)
    .data                                    0x200000b0   Section        8  nrf_drv_rtc.o(.data)
    m_cb                                     0x200000b0   Data           3  nrf_drv_rtc.o(.data)
    m_handlers                               0x200000b4   Data           4  nrf_drv_rtc.o(.data)
    .data                                    0x200000b8   Section        4  app_util_platform.o(.data)
    m_in_critical_region                     0x200000b8   Data           4  app_util_platform.o(.data)
    .data                                    0x200000bc   Section       16  app_uart_fifo.o(.data)
    tx_buffer                                0x200000bc   Data           1  app_uart_fifo.o(.data)
    rx_buffer                                0x200000bd   Data           1  app_uart_fifo.o(.data)
    m_rx_ovf                                 0x200000be   Data           1  app_uart_fifo.o(.data)
    m_event_handler                          0x200000c0   Data           4  app_uart_fifo.o(.data)
    app_uart_inst                            0x200000c4   Data           8  app_uart_fifo.o(.data)
    .data                                    0x200000cc   Section       60  tasks.o(.data)
    uxTasksDeleted                           0x200000d0   Data           4  tasks.o(.data)
    xIdleTaskHandle                          0x200000d4   Data           4  tasks.o(.data)
    uxCurrentNumberOfTasks                   0x200000d8   Data           4  tasks.o(.data)
    xTickCount                               0x200000dc   Data           4  tasks.o(.data)
    uxTopReadyPriority                       0x200000e0   Data           4  tasks.o(.data)
    xSchedulerRunning                        0x200000e4   Data           4  tasks.o(.data)
    uxPendedTicks                            0x200000e8   Data           4  tasks.o(.data)
    xYieldPending                            0x200000ec   Data           4  tasks.o(.data)
    xNumOfOverflows                          0x200000f0   Data           4  tasks.o(.data)
    uxTaskNumber                             0x200000f4   Data           4  tasks.o(.data)
    xNextTaskUnblockTime                     0x200000f8   Data           4  tasks.o(.data)
    uxSchedulerSuspended                     0x200000fc   Data           4  tasks.o(.data)
    pxDelayedTaskList                        0x20000100   Data           4  tasks.o(.data)
    pxOverflowDelayedTaskList                0x20000104   Data           4  tasks.o(.data)
    .data                                    0x20000108   Section       20  timers.o(.data)
    xTimerQueue                              0x20000108   Data           4  timers.o(.data)
    xTimerTaskHandle                         0x2000010c   Data           4  timers.o(.data)
    xLastTime                                0x20000110   Data           4  timers.o(.data)
    pxCurrentTimerList                       0x20000114   Data           4  timers.o(.data)
    pxOverflowTimerList                      0x20000118   Data           4  timers.o(.data)
    .data                                    0x2000011c   Section        8  heap_1.o(.data)
    xNextFreeByte                            0x2000011c   Data           4  heap_1.o(.data)
    pucAlignedHeap                           0x20000120   Data           4  heap_1.o(.data)
    .data                                    0x20000124   Section        4  port_cmsis.o(.data)
    uxCriticalNesting                        0x20000124   Data           4  port_cmsis.o(.data)
    .data                                    0x20000128   Section        4  system_nrf51.o(.data)
    __tagsym$$used                           0x20000128   Number         0  system_nrf51.o(.data)
    .bss                                     0x2000012c   Section      512  uctsk_debug.o(.bss)
    rx_buf                                   0x2000012c   Data         256  uctsk_debug.o(.bss)
    tx_buf                                   0x2000022c   Data         256  uctsk_debug.o(.bss)
    .bss                                     0x2000032c   Section     3072  memmanager.o(.bss)
    mem_256B_buf                             0x2000032c   Data        1024  memmanager.o(.bss)
    mem_1KB_buf                              0x2000072c   Data        2048  memmanager.o(.bss)
    .bss                                     0x20000f2c   Section       44  bsp_rtc.o(.bss)
    .bss                                     0x20000f58   Section       20  nrf_drv_clock.o(.bss)
    m_clock_cb                               0x20000f58   Data          20  nrf_drv_clock.o(.bss)
    .bss                                     0x20000f6c   Section       72  nrf_drv_gpiote.o(.bss)
    m_cb                                     0x20000f6c   Data          72  nrf_drv_gpiote.o(.bss)
    .bss                                     0x20000fb4   Section       28  nrf_drv_uart.o(.bss)
    m_cb                                     0x20000fb4   Data          28  nrf_drv_uart.o(.bss)
    .bss                                     0x20000fd0   Section       32  app_uart_fifo.o(.bss)
    m_rx_fifo                                0x20000fd0   Data          16  app_uart_fifo.o(.bss)
    m_tx_fifo                                0x20000fe0   Data          16  app_uart_fifo.o(.bss)
    .bss                                     0x20000ff0   Section       16  queue.o(.bss)
    .bss                                     0x20001000   Section      500  tasks.o(.bss)
    pxReadyTasksLists                        0x20001000   Data         400  tasks.o(.bss)
    xDelayedTaskList1                        0x20001190   Data          20  tasks.o(.bss)
    xDelayedTaskList2                        0x200011a4   Data          20  tasks.o(.bss)
    xPendingReadyList                        0x200011b8   Data          20  tasks.o(.bss)
    xTasksWaitingTermination                 0x200011cc   Data          20  tasks.o(.bss)
    xSuspendedTaskList                       0x200011e0   Data          20  tasks.o(.bss)
    .bss                                     0x200011f4   Section       40  timers.o(.bss)
    xActiveTimerList1                        0x200011f4   Data          20  timers.o(.bss)
    xActiveTimerList2                        0x20001208   Data          20  timers.o(.bss)
    .bss                                     0x2000121c   Section     4096  heap_1.o(.bss)
    ucHeap                                   0x2000121c   Data        4096  heap_1.o(.bss)
    .bss                                     0x2000221c   Section       44  localtime_w.o(.bss)
    _tms                                     0x2000221c   Data          44  localtime_w.o(.bss)
    STACK                                    0x20002248   Section     2048  arm_startup_nrf51.o(STACK)

    Global Symbols

    Symbol Name                              Value     Ov Type        Size  Object(Section)

    BuildAttributes$$THM_ISAv3M$S$PE$A:L22$X:L11$S22$IEEE1$IW$USESV6$~STKCKD$USESV7$~SHL$OTIME$ROPI$EBA8$MICROLIB$REQ8$PRES8$EABIv2 0x00000000   Number         0  anon$$obj.o ABSOLUTE
    __ARM_use_no_argv                        0x00000000   Number         0  main.o ABSOLUTE
    __Vectors                                0x00000000   Data           4  arm_startup_nrf51.o(RESET)
    _printf_a                                0x00000000   Number         0  stubs.o ABSOLUTE
    _printf_c                                0x00000000   Number         0  stubs.o ABSOLUTE
    _printf_charcount                        0x00000000   Number         0  stubs.o ABSOLUTE
    _printf_d                                0x00000000   Number         0  stubs.o ABSOLUTE
    _printf_e                                0x00000000   Number         0  stubs.o ABSOLUTE
    _printf_f                                0x00000000   Number         0  stubs.o ABSOLUTE
    _printf_flags                            0x00000000   Number         0  stubs.o ABSOLUTE
    _printf_fp_dec                           0x00000000   Number         0  stubs.o ABSOLUTE
    _printf_fp_hex                           0x00000000   Number         0  stubs.o ABSOLUTE
    _printf_g                                0x00000000   Number         0  stubs.o ABSOLUTE
    _printf_i                                0x00000000   Number         0  stubs.o ABSOLUTE
    _printf_int_dec                          0x00000000   Number         0  stubs.o ABSOLUTE
    _printf_l                                0x00000000   Number         0  stubs.o ABSOLUTE
    _printf_lc                               0x00000000   Number         0  stubs.o ABSOLUTE
    _printf_ll                               0x00000000   Number         0  stubs.o ABSOLUTE
    _printf_lld                              0x00000000   Number         0  stubs.o ABSOLUTE
    _printf_lli                              0x00000000   Number         0  stubs.o ABSOLUTE
    _printf_llo                              0x00000000   Number         0  stubs.o ABSOLUTE
    _printf_llu                              0x00000000   Number         0  stubs.o ABSOLUTE
    _printf_llx                              0x00000000   Number         0  stubs.o ABSOLUTE
    _printf_longlong_dec                     0x00000000   Number         0  stubs.o ABSOLUTE
    _printf_longlong_hex                     0x00000000   Number         0  stubs.o ABSOLUTE
    _printf_longlong_oct                     0x00000000   Number         0  stubs.o ABSOLUTE
    _printf_ls                               0x00000000   Number         0  stubs.o ABSOLUTE
    _printf_mbtowc                           0x00000000   Number         0  stubs.o ABSOLUTE
    _printf_n                                0x00000000   Number         0  stubs.o ABSOLUTE
    _printf_o                                0x00000000   Number         0  stubs.o ABSOLUTE
    _printf_p                                0x00000000   Number         0  stubs.o ABSOLUTE
    _printf_percent                          0x00000000   Number         0  stubs.o ABSOLUTE
    _printf_pre_padding                      0x00000000   Number         0  stubs.o ABSOLUTE
    _printf_return_value                     0x00000000   Number         0  stubs.o ABSOLUTE
    _printf_s                                0x00000000   Number         0  stubs.o ABSOLUTE
    _printf_sizespec                         0x00000000   Number         0  stubs.o ABSOLUTE
    _printf_str                              0x00000000   Number         0  stubs.o ABSOLUTE
    _printf_truncate_signed                  0x00000000   Number         0  stubs.o ABSOLUTE
    _printf_truncate_unsigned                0x00000000   Number         0  stubs.o ABSOLUTE
    _printf_u                                0x00000000   Number         0  stubs.o ABSOLUTE
    _printf_wc                               0x00000000   Number         0  stubs.o ABSOLUTE
    _printf_wctomb                           0x00000000   Number         0  stubs.o ABSOLUTE
    _printf_widthprec                        0x00000000   Number         0  stubs.o ABSOLUTE
    _printf_x                                0x00000000   Number         0  stubs.o ABSOLUTE
    __cpp_initialize__aeabi_                  - Undefined Weak Reference
    __cxa_finalize                            - Undefined Weak Reference
    _clock_init                               - Undefined Weak Reference
    _microlib_exit                            - Undefined Weak Reference
    __Vectors_End                            0x000000c0   Data           0  arm_startup_nrf51.o(RESET)
    __Vectors_Size                           0x000000c0   Number         0  arm_startup_nrf51.o ABSOLUTE
    __main                                   0x000000c1   Thumb Code     0  entry.o(.ARM.Collect$$$$00000000)
    _main_stk                                0x000000c1   Thumb Code     0  entry2.o(.ARM.Collect$$$$00000001)
    _main_scatterload                        0x000000c5   Thumb Code     0  entry5.o(.ARM.Collect$$$$00000004)
    __main_after_scatterload                 0x000000c9   Thumb Code     0  entry5.o(.ARM.Collect$$$$00000004)
    _main_clock                              0x000000c9   Thumb Code     0  entry7b.o(.ARM.Collect$$$$00000008)
    _main_cpp_init                           0x000000c9   Thumb Code     0  entry8b.o(.ARM.Collect$$$$0000000A)
    _main_init                               0x000000c9   Thumb Code     0  entry9a.o(.ARM.Collect$$$$0000000B)
    __rt_final_cpp                           0x000000d1   Thumb Code     0  entry10a.o(.ARM.Collect$$$$0000000D)
    __rt_final_exit                          0x000000d1   Thumb Code     0  entry11a.o(.ARM.Collect$$$$0000000F)
    SVC_Handler                              0x000000d5   Thumb Code     0  port.o(.emb_text)
    vPortStartFirstTask                      0x000000d5   Thumb Code    36  port.o(.emb_text)
    PendSV_Handler                           0x00000101   Thumb Code    60  port.o(.emb_text)
    Reset_Handler                            0x00000141   Thumb Code    26  arm_startup_nrf51.o(.text)
    NMI_Handler                              0x0000015b   Thumb Code     2  arm_startup_nrf51.o(.text)
    HardFault_Handler                        0x0000015d   Thumb Code     2  arm_startup_nrf51.o(.text)
    SysTick_Handler                          0x00000163   Thumb Code     2  arm_startup_nrf51.o(.text)
    ADC_IRQHandler                           0x00000165   Thumb Code     0  arm_startup_nrf51.o(.text)
    CCM_AAR_IRQHandler                       0x00000165   Thumb Code     0  arm_startup_nrf51.o(.text)
    ECB_IRQHandler                           0x00000165   Thumb Code     0  arm_startup_nrf51.o(.text)
    LPCOMP_IRQHandler                        0x00000165   Thumb Code     0  arm_startup_nrf51.o(.text)
    QDEC_IRQHandler                          0x00000165   Thumb Code     0  arm_startup_nrf51.o(.text)
    RADIO_IRQHandler                         0x00000165   Thumb Code     0  arm_startup_nrf51.o(.text)
    RNG_IRQHandler                           0x00000165   Thumb Code     0  arm_startup_nrf51.o(.text)
    SPI0_TWI0_IRQHandler                     0x00000165   Thumb Code     0  arm_startup_nrf51.o(.text)
    SPI1_TWI1_IRQHandler                     0x00000165   Thumb Code     0  arm_startup_nrf51.o(.text)
    SWI0_IRQHandler                          0x00000165   Thumb Code     0  arm_startup_nrf51.o(.text)
    SWI1_IRQHandler                          0x00000165   Thumb Code     0  arm_startup_nrf51.o(.text)
    SWI2_IRQHandler                          0x00000165   Thumb Code     0  arm_startup_nrf51.o(.text)
    SWI3_IRQHandler                          0x00000165   Thumb Code     0  arm_startup_nrf51.o(.text)
    SWI4_IRQHandler                          0x00000165   Thumb Code     0  arm_startup_nrf51.o(.text)
    SWI5_IRQHandler                          0x00000165   Thumb Code     0  arm_startup_nrf51.o(.text)
    TEMP_IRQHandler                          0x00000165   Thumb Code     0  arm_startup_nrf51.o(.text)
    TIMER0_IRQHandler                        0x00000165   Thumb Code     0  arm_startup_nrf51.o(.text)
    TIMER1_IRQHandler                        0x00000165   Thumb Code     0  arm_startup_nrf51.o(.text)
    TIMER2_IRQHandler                        0x00000165   Thumb Code     0  arm_startup_nrf51.o(.text)
    WDT_IRQHandler                           0x00000165   Thumb Code     0  arm_startup_nrf51.o(.text)
    __aeabi_uidiv                            0x00000179   Thumb Code     0  uidiv.o(.text)
    __aeabi_uidivmod                         0x00000179   Thumb Code    44  uidiv.o(.text)
    __aeabi_idiv                             0x000001a5   Thumb Code     0  idiv.o(.text)
    __aeabi_idivmod                          0x000001a5   Thumb Code    40  idiv.o(.text)
    localtime                                0x000001cd   Thumb Code    10  localtime_w.o(.text)
    _localtime                               0x000001dd   Thumb Code     0  localtime_r.o(.text)
    localtime_r                              0x000001dd   Thumb Code   104  localtime_r.o(.text)
    mktime                                   0x00000251   Thumb Code   124  mktime.o(.text)
    __aeabi_memcpy                           0x000002dd   Thumb Code    36  memcpya.o(.text)
    __aeabi_memcpy4                          0x000002dd   Thumb Code     0  memcpya.o(.text)
    __aeabi_memcpy8                          0x000002dd   Thumb Code     0  memcpya.o(.text)
    __aeabi_memset                           0x00000301   Thumb Code    14  memseta.o(.text)
    __aeabi_memset4                          0x00000301   Thumb Code     0  memseta.o(.text)
    __aeabi_memset8                          0x00000301   Thumb Code     0  memseta.o(.text)
    __aeabi_memclr                           0x0000030f   Thumb Code     4  memseta.o(.text)
    __aeabi_memclr4                          0x0000030f   Thumb Code     0  memseta.o(.text)
    __aeabi_memclr8                          0x0000030f   Thumb Code     0  memseta.o(.text)
    _memset$wrapper                          0x00000313   Thumb Code    18  memseta.o(.text)
    strlen                                   0x00000325   Thumb Code    14  strlen.o(.text)
    __aeabi_fadd                             0x00000333   Thumb Code   162  fadd.o(.text)
    __aeabi_fsub                             0x000003d5   Thumb Code     8  fadd.o(.text)
    __aeabi_frsub                            0x000003dd   Thumb Code     8  fadd.o(.text)
    __aeabi_fmul                             0x000003e5   Thumb Code   122  fmul.o(.text)
    __aeabi_fdiv                             0x0000045f   Thumb Code   124  fdiv.o(.text)
    __ARM_scalbnf                            0x000004db   Thumb Code    24  fscalb.o(.text)
    scalbnf                                  0x000004db   Thumb Code     0  fscalb.o(.text)
    __aeabi_dadd                             0x000004f5   Thumb Code   328  dadd.o(.text)
    __aeabi_dsub                             0x0000063d   Thumb Code    12  dadd.o(.text)
    __aeabi_drsub                            0x00000649   Thumb Code    12  dadd.o(.text)
    __aeabi_dmul                             0x00000659   Thumb Code   202  dmul.o(.text)
    __aeabi_ddiv                             0x00000729   Thumb Code   234  ddiv.o(.text)
    __ARM_scalbn                             0x00000819   Thumb Code    44  dscalb.o(.text)
    scalbn                                   0x00000819   Thumb Code     0  dscalb.o(.text)
    __aeabi_i2f                              0x00000845   Thumb Code    22  fflti.o(.text)
    __aeabi_i2d                              0x0000085d   Thumb Code    34  dflti.o(.text)
    __aeabi_f2iz                             0x00000885   Thumb Code    50  ffixi.o(.text)
    __aeabi_f2d                              0x000008b7   Thumb Code    40  f2d.o(.text)
    __aeabi_cdcmpeq                          0x000008e1   Thumb Code     0  cdcmple.o(.text)
    __aeabi_cdcmple                          0x000008e1   Thumb Code    38  cdcmple.o(.text)
    __aeabi_cdrcmple                         0x00000909   Thumb Code    38  cdrcmple.o(.text)
    __aeabi_cfcmpeq                          0x00000931   Thumb Code     0  cfcmple.o(.text)
    __aeabi_cfcmple                          0x00000931   Thumb Code    20  cfcmple.o(.text)
    __aeabi_cfrcmple                         0x00000945   Thumb Code    20  cfrcmple.o(.text)
    __aeabi_uldivmod                         0x00000959   Thumb Code    96  uldiv.o(.text)
    __aeabi_llsl                             0x000009b9   Thumb Code    32  llshl.o(.text)
    _ll_shift_l                              0x000009b9   Thumb Code     0  llshl.o(.text)
    __aeabi_lasr                             0x000009d9   Thumb Code    38  llsshr.o(.text)
    _ll_sshift_r                             0x000009d9   Thumb Code     0  llsshr.o(.text)
    __I$use$fp                               0x000009ff   Thumb Code     0  iusefp.o(.text)
    _float_round                             0x000009ff   Thumb Code    16  fepilogue.o(.text)
    _float_epilogue                          0x00000a0f   Thumb Code   114  fepilogue.o(.text)
    _double_round                            0x00000a81   Thumb Code    26  depilogue.o(.text)
    _double_epilogue                         0x00000a9b   Thumb Code   164  depilogue.o(.text)
    __aeabi_d2ulz                            0x00000b41   Thumb Code    54  dfixul.o(.text)
    __scatterload                            0x00000b81   Thumb Code    28  init.o(.text)
    __scatterload_rt2                        0x00000b81   Thumb Code     0  init.o(.text)
    __aeabi_llsr                             0x00000ba5   Thumb Code    34  llushr.o(.text)
    _ll_ushift_r                             0x00000ba5   Thumb Code     0  llushr.o(.text)
    __decompress                             0x00000bc7   Thumb Code     0  __dczerorl2.o(.text)
    __decompress1                            0x00000bc7   Thumb Code    86  __dczerorl2.o(.text)
    App_DebugTaskCreate                      0x00000c1d   Thumb Code    30  uctsk_debug.o(i.App_DebugTaskCreate)
    BspLed_Init                              0x00000cad   Thumb Code    60  bsp_led.o(i.BspLed_Init)
    BspRtc_DebugTestOnOff                    0x00000d55   Thumb Code     2  bsp_rtc.o(i.BspRtc_DebugTestOnOff)
    BspRtc_Init                              0x00000d59   Thumb Code    62  bsp_rtc.o(i.BspRtc_Init)
    BspRtc_ReadRealTime                      0x00000da1   Thumb Code   118  bsp_rtc.o(i.BspRtc_ReadRealTime)
    BspRtc_SetRealTime                       0x00000e1d   Thumb Code   130  bsp_rtc.o(i.BspRtc_SetRealTime)
    Count_DebugTestOnOff                     0x00000ef1   Thumb Code   126  count.o(i.Count_DebugTestOnOff)
    Count_DichotomyEquation                  0x00000fc5   Thumb Code   160  count.o(i.Count_DichotomyEquation)
    Count_NewtonRaphson                      0x000013a1   Thumb Code   154  count.o(i.Count_NewtonRaphson)
    Count_Spline3                            0x0000165d   Thumb Code  1084  count.o(i.Count_Spline3)
    Count_TimeTypeConvert                    0x00001bc1   Thumb Code   214  count.o(i.Count_TimeTypeConvert)
    Count_Time_ConvCalendarToUnix            0x00001c99   Thumb Code    26  count.o(i.Count_Time_ConvCalendarToUnix)
    Count_Time_ConvUnixToCalendar            0x00001cb9   Thumb Code    30  count.o(i.Count_Time_ConvUnixToCalendar)
    DebugInit                                0x00001cdd   Thumb Code    66  uctsk_debug.o(i.DebugInit)
    DebugOut                                 0x00001d31   Thumb Code    86  uctsk_debug.o(i.DebugOut)
    DebugOutStr                              0x00001d8d   Thumb Code    18  uctsk_debug.o(i.DebugOutStr)
    Debug_InterruptRx                        0x00002019   Thumb Code   212  uctsk_debug.o(i.Debug_InterruptRx)
    GPIOTE_IRQHandler                        0x000020f5   Thumb Code   364  nrf_drv_gpiote.o(i.GPIOTE_IRQHandler)
    MemManager_Free                          0x0000226d   Thumb Code   108  memmanager.o(i.MemManager_Free)
    MemManager_Get                           0x000022e5   Thumb Code   152  memmanager.o(i.MemManager_Get)
    Module_OS_Info_DebugTestOnOff            0x00002399   Thumb Code    62  module_os.o(i.Module_OS_Info_DebugTestOnOff)
    POWER_CLOCK_IRQHandler                   0x000023dd   Thumb Code    70  nrf_drv_clock.o(i.POWER_CLOCK_IRQHandler)
    RTC0_IRQHandler                          0x00002431   Thumb Code    14  nrf_drv_rtc.o(i.RTC0_IRQHandler)
    RTC1_IRQHandler                          0x00002445   Thumb Code    70  port_cmsis_systick.o(i.RTC1_IRQHandler)
    SystemInit                               0x00002495   Thumb Code   130  system_nrf51.o(i.SystemInit)
    UART0_IRQHandler                         0x00002581   Thumb Code    12  nrf_drv_uart.o(i.UART0_IRQHandler)
    __0sprintf                               0x00002595   Thumb Code    36  printfa.o(i.__0sprintf)
    __1sprintf                               0x00002595   Thumb Code     0  printfa.o(i.__0sprintf)
    __2sprintf                               0x00002595   Thumb Code     0  printfa.o(i.__0sprintf)
    __c89sprintf                             0x00002595   Thumb Code     0  printfa.o(i.__0sprintf)
    sprintf                                  0x00002595   Thumb Code     0  printfa.o(i.__0sprintf)
    __ARM_clz                                0x000025bd   Thumb Code    46  depilogue.o(i.__ARM_clz)
    __ARM_common_switch8                     0x000025eb   Thumb Code    26  bsp.o(i.__ARM_common_switch8)
    __scatterload_copy                       0x00002605   Thumb Code    14  handlers.o(i.__scatterload_copy)
    __scatterload_null                       0x00002613   Thumb Code     2  handlers.o(i.__scatterload_null)
    __scatterload_zeroinit                   0x00002615   Thumb Code    14  handlers.o(i.__scatterload_zeroinit)
    app_error_fault_handler                  0x00002edd   Thumb Code    18  app_error_weak.o(i.app_error_fault_handler)
    app_error_handler_bare                   0x00002ef9   Thumb Code    20  app_error.o(i.app_error_handler_bare)
    app_fifo_get                             0x00002f11   Thumb Code    22  app_fifo.o(i.app_fifo_get)
    app_fifo_init                            0x00002f27   Thumb Code    36  app_fifo.o(i.app_fifo_init)
    app_fifo_put                             0x00002f4b   Thumb Code    26  app_fifo.o(i.app_fifo_put)
    app_uart_get                             0x00002f65   Thumb Code    46  app_uart_fifo.o(i.app_uart_get)
    app_uart_init                            0x00002f9d   Thumb Code   160  app_uart_fifo.o(i.app_uart_init)
    app_uart_put                             0x0000304d   Thumb Code    56  app_uart_fifo.o(i.app_uart_put)
    app_util_critical_region_enter           0x0000308d   Thumb Code     8  app_util_platform.o(i.app_util_critical_region_enter)
    app_util_critical_region_exit            0x00003095   Thumb Code     8  app_util_platform.o(i.app_util_critical_region_exit)
    app_util_disable_irq                     0x0000309d   Thumb Code    12  app_util_platform.o(i.app_util_disable_irq)
    app_util_enable_irq                      0x000030ad   Thumb Code    14  app_util_platform.o(i.app_util_enable_irq)
    eTaskConfirmSleepModeStatus              0x00003211   Thumb Code    40  tasks.o(i.eTaskConfirmSleepModeStatus)
    main                                     0x000032c9   Thumb Code    38  main.o(i.main)
    nrf_drv_clock_init                       0x00003329   Thumb Code    52  nrf_drv_clock.o(i.nrf_drv_clock_init)
    nrf_drv_clock_lfclk_request              0x00003369   Thumb Code    88  nrf_drv_clock.o(i.nrf_drv_clock_lfclk_request)
    nrf_drv_common_irq_enable                0x000033cd   Thumb Code    78  nrf_drv_common.o(i.nrf_drv_common_irq_enable)
    nrf_drv_rtc_cc_set                       0x0000342d   Thumb Code   138  nrf_drv_rtc.o(i.nrf_drv_rtc_cc_set)
    nrf_drv_rtc_enable                       0x000034c1   Thumb Code    20  nrf_drv_rtc.o(i.nrf_drv_rtc_enable)
    nrf_drv_rtc_init                         0x000034d9   Thumb Code   102  nrf_drv_rtc.o(i.nrf_drv_rtc_init)
    nrf_drv_rtc_tick_enable                  0x000035e1   Thumb Code    36  nrf_drv_rtc.o(i.nrf_drv_rtc_tick_enable)
    nrf_drv_uart_init                        0x00003605   Thumb Code   118  nrf_drv_uart.o(i.nrf_drv_uart_init)
    nrf_drv_uart_rx                          0x00003685   Thumb Code    86  nrf_drv_uart.o(i.nrf_drv_uart_rx)
    nrf_drv_uart_rx_enable                   0x000036e1   Thumb Code    40  nrf_drv_uart.o(i.nrf_drv_uart_rx_enable)
    nrf_drv_uart_tx                          0x000037b5   Thumb Code    46  nrf_drv_uart.o(i.nrf_drv_uart_tx)
    nrf_drv_uart_tx_in_progress              0x00003875   Thumb Code    20  nrf_drv_uart.o(i.nrf_drv_uart_tx_in_progress)
    pvPortMalloc                             0x00003e25   Thumb Code    68  heap_1.o(i.pvPortMalloc)
    pvTaskIncrementMutexHeldCount            0x00003e75   Thumb Code    20  tasks.o(i.pvTaskIncrementMutexHeldCount)
    pxPortInitialiseStack                    0x00003e8d   Thumb Code    28  port_cmsis.o(i.pxPortInitialiseStack)
    uart_error_handle                        0x00003f7f   Thumb Code    20  uctsk_debug.o(i.uart_error_handle)
    uxListRemove                             0x00004181   Thumb Code    36  list.o(i.uxListRemove)
    vListInitialise                          0x000041a5   Thumb Code    22  list.o(i.vListInitialise)
    vListInitialiseItem                      0x000041bb   Thumb Code     6  list.o(i.vListInitialiseItem)
    vListInsert                              0x000041c1   Thumb Code    48  list.o(i.vListInsert)
    vListInsertEnd                           0x000041f1   Thumb Code    24  list.o(i.vListInsertEnd)
    vPortEnterCritical                       0x00004209   Thumb Code    12  port_cmsis.o(i.vPortEnterCritical)
    vPortExitCritical                        0x00004219   Thumb Code    14  port_cmsis.o(i.vPortExitCritical)
    vPortFree                                0x0000422d   Thumb Code     2  heap_1.o(i.vPortFree)
    vPortSafeTaskSwitchContext               0x0000423f   Thumb Code    44  port_cmsis.o(i.vPortSafeTaskSwitchContext)
    vPortSetupTimerInterrupt                 0x0000426d   Thumb Code    54  port_cmsis_systick.o(i.vPortSetupTimerInterrupt)
    vPortSuppressTicksAndSleep               0x000042b9   Thumb Code   116  port_cmsis_systick.o(i.vPortSuppressTicksAndSleep)
    vPortTaskYield                           0x00004341   Thumb Code    20  port_cmsis.o(i.vPortTaskYield)
    vQueueAddToRegistry                      0x00004359   Thumb Code    32  queue.o(i.vQueueAddToRegistry)
    vQueueWaitForMessageRestricted           0x0000437d   Thumb Code    60  queue.o(i.vQueueWaitForMessageRestricted)
    vTaskDelay                               0x000043b9   Thumb Code    44  tasks.o(i.vTaskDelay)
    vTaskMissedYield                         0x000043e9   Thumb Code     8  tasks.o(i.vTaskMissedYield)
    vTaskPlaceOnEventList                    0x000043f5   Thumb Code    48  tasks.o(i.vTaskPlaceOnEventList)
    vTaskPlaceOnEventListRestricted          0x0000442d   Thumb Code    50  tasks.o(i.vTaskPlaceOnEventListRestricted)
    vTaskPriorityInherit                     0x00004469   Thumb Code    92  tasks.o(i.vTaskPriorityInherit)
    vTaskSetTimeOutState                     0x000044cd   Thumb Code    12  tasks.o(i.vTaskSetTimeOutState)
    vTaskStartScheduler                      0x000044dd   Thumb Code    62  tasks.o(i.vTaskStartScheduler)
    vTaskStepTick                            0x0000452d   Thumb Code    10  tasks.o(i.vTaskStepTick)
    vTaskSuspendAll                          0x0000453d   Thumb Code    10  tasks.o(i.vTaskSuspendAll)
    vTaskSwitchContext                       0x0000454d   Thumb Code    68  tasks.o(i.vTaskSwitchContext)
    xPortStartScheduler                      0x00004599   Thumb Code    46  port_cmsis.o(i.xPortStartScheduler)
    xQueueGenericCreate                      0x000045d1   Thumb Code    62  queue.o(i.xQueueGenericCreate)
    xQueueGenericReceive                     0x0000460f   Thumb Code   272  queue.o(i.xQueueGenericReceive)
    xQueueGenericReset                       0x0000471f   Thumb Code    98  queue.o(i.xQueueGenericReset)
    xQueueGenericSend                        0x00004781   Thumb Code   222  queue.o(i.xQueueGenericSend)
    xQueueGenericSendFromISR                 0x0000485f   Thumb Code    96  queue.o(i.xQueueGenericSendFromISR)
    xTaskCheckForTimeOut                     0x000048c1   Thumb Code    66  tasks.o(i.xTaskCheckForTimeOut)
    xTaskGenericCreate                       0x00004909   Thumb Code   336  tasks.o(i.xTaskGenericCreate)
    xTaskGetSchedulerState                   0x00004a65   Thumb Code    26  tasks.o(i.xTaskGetSchedulerState)
    xTaskGetTickCount                        0x00004a85   Thumb Code     6  tasks.o(i.xTaskGetTickCount)
    xTaskIncrementTick                       0x00004a91   Thumb Code   154  tasks.o(i.xTaskIncrementTick)
    xTaskPriorityDisinherit                  0x00004b35   Thumb Code    76  tasks.o(i.xTaskPriorityDisinherit)
    xTaskRemoveFromEventList                 0x00004b89   Thumb Code    86  tasks.o(i.xTaskRemoveFromEventList)
    xTaskResumeAll                           0x00004bed   Thumb Code   146  tasks.o(i.xTaskResumeAll)
    xTimerCreateTimerTask                    0x00004c8d   Thumb Code    52  timers.o(i.xTimerCreateTimerTask)
    xTimerGenericCommand                     0x00004cd1   Thumb Code    72  timers.o(i.xTimerGenericCommand)
    Debug_MenuTab                            0x00004d1c   Data          48  uctsk_debug.o(.constdata)
    rtc                                      0x00004dbc   Data           8  bsp_rtc.o(.constdata)
    Region$$Table$$Base                      0x00004e3c   Number         0  anon$$obj.o(Region$$Table)
    Region$$Table$$Limit                     0x00004e5c   Number         0  anon$$obj.o(Region$$Table)
    DebugRx                                  0x20000019   Data           5  uctsk_debug.o(.data)
    Weight                                   0x20000028   Data          28  count.o(.data)
    Value                                    0x20000044   Data          28  count.o(.data)
    MemManager_Mem_256B_Num                  0x20000061   Data           1  memmanager.o(.data)
    MemManager_Mem_256B_MaxNum               0x20000062   Data           1  memmanager.o(.data)
    MemManager_Mem_1KB_Num                   0x20000063   Data           1  memmanager.o(.data)
    MemManager_Mem_1KB_MaxNum                0x20000064   Data           1  memmanager.o(.data)
    BspRtc_Err                               0x20000074   Data           1  bsp_rtc.o(.data)
    BspRtc_CurrentTimeBuf                    0x20000098   Data           6  bsp_rtc.o(.data)
    pxCurrentTCB                             0x200000cc   Data           4  tasks.o(.data)
    SystemCoreClock                          0x20000128   Data           4  system_nrf51.o(.data)
    CurrentDate                              0x20000f2c   Data          44  bsp_rtc.o(.bss)
    xQueueRegistry                           0x20000ff0   Data          16  queue.o(.bss)
    __initial_sp                             0x20002a48   Data           0  arm_startup_nrf51.o(STACK)



==============================================================================

Memory Map of the image

  Image Entry point : 0x000000c1

  Load Region LR_IROM1 (Base: 0x00000000, Size: 0x00004f88, Max: 0x00040000, ABSOLUTE, COMPRESSED[0x00004e88])

    Execution Region ER_IROM1 (Base: 0x00000000, Size: 0x00004e5c, Max: 0x00040000, ABSOLUTE)

    Base Addr    Size         Type   Attr      Idx    E Section Name        Object

    0x00000000   0x000000c0   Data   RO         3657    RESET               arm_startup_nrf51.o
    0x000000c0   0x00000000   Code   RO         3699  * .ARM.Collect$$$$00000000  mc_p.l(entry.o)
    0x000000c0   0x00000004   Code   RO         4028    .ARM.Collect$$$$00000001  mc_p.l(entry2.o)
    0x000000c4   0x00000004   Code   RO         4031    .ARM.Collect$$$$00000004  mc_p.l(entry5.o)
    0x000000c8   0x00000000   Code   RO         4033    .ARM.Collect$$$$00000008  mc_p.l(entry7b.o)
    0x000000c8   0x00000000   Code   RO         4035    .ARM.Collect$$$$0000000A  mc_p.l(entry8b.o)
    0x000000c8   0x00000008   Code   RO         4036    .ARM.Collect$$$$0000000B  mc_p.l(entry9a.o)
    0x000000d0   0x00000000   Code   RO         4038    .ARM.Collect$$$$0000000D  mc_p.l(entry10a.o)
    0x000000d0   0x00000000   Code   RO         4040    .ARM.Collect$$$$0000000F  mc_p.l(entry11a.o)
    0x000000d0   0x00000004   Code   RO         4029    .ARM.Collect$$$$00002712  mc_p.l(entry2.o)
    0x000000d4   0x0000006c   Code   RO         3369    .emb_text           port.o
    0x00000140   0x00000038   Code   RO         3658    .text               arm_startup_nrf51.o
    0x00000178   0x0000002c   Code   RO         3702    .text               mc_p.l(uidiv.o)
    0x000001a4   0x00000028   Code   RO         3704    .text               mc_p.l(idiv.o)
    0x000001cc   0x00000010   Code   RO         3710    .text               mc_p.l(localtime_w.o)
    0x000001dc   0x00000074   Code   RO         3713    .text               mc_p.l(localtime_r.o)
    0x00000250   0x0000008c   Code   RO         3716    .text               mc_p.l(mktime.o)
    0x000002dc   0x00000024   Code   RO         3719    .text               mc_p.l(memcpya.o)
    0x00000300   0x00000024   Code   RO         3721    .text               mc_p.l(memseta.o)
    0x00000324   0x0000000e   Code   RO         3723    .text               mc_p.l(strlen.o)
    0x00000332   0x000000b2   Code   RO         3990    .text               mf_p.l(fadd.o)
    0x000003e4   0x0000007a   Code   RO         3992    .text               mf_p.l(fmul.o)
    0x0000045e   0x0000007c   Code   RO         3994    .text               mf_p.l(fdiv.o)
    0x000004da   0x00000018   Code   RO         3996    .text               mf_p.l(fscalb.o)
    0x000004f2   0x00000002   PAD
    0x000004f4   0x00000164   Code   RO         3998    .text               mf_p.l(dadd.o)
    0x00000658   0x000000d0   Code   RO         4000    .text               mf_p.l(dmul.o)
    0x00000728   0x000000f0   Code   RO         4002    .text               mf_p.l(ddiv.o)
    0x00000818   0x0000002c   Code   RO         4004    .text               mf_p.l(dscalb.o)
    0x00000844   0x00000016   Code   RO         4006    .text               mf_p.l(fflti.o)
    0x0000085a   0x00000002   PAD
    0x0000085c   0x00000028   Code   RO         4008    .text               mf_p.l(dflti.o)
    0x00000884   0x00000032   Code   RO         4012    .text               mf_p.l(ffixi.o)
    0x000008b6   0x00000028   Code   RO         4016    .text               mf_p.l(f2d.o)
    0x000008de   0x00000002   PAD
    0x000008e0   0x00000028   Code   RO         4018    .text               mf_p.l(cdcmple.o)
    0x00000908   0x00000028   Code   RO         4020    .text               mf_p.l(cdrcmple.o)
    0x00000930   0x00000014   Code   RO         4024    .text               mf_p.l(cfcmple.o)
    0x00000944   0x00000014   Code   RO         4026    .text               mf_p.l(cfrcmple.o)
    0x00000958   0x00000060   Code   RO         4042    .text               mc_p.l(uldiv.o)
    0x000009b8   0x00000020   Code   RO         4044    .text               mc_p.l(llshl.o)
    0x000009d8   0x00000026   Code   RO         4046    .text               mc_p.l(llsshr.o)
    0x000009fe   0x00000000   Code   RO         4051    .text               mc_p.l(iusefp.o)
    0x000009fe   0x00000082   Code   RO         4052    .text               mf_p.l(fepilogue.o)
    0x00000a80   0x000000be   Code   RO         4054    .text               mf_p.l(depilogue.o)
    0x00000b3e   0x00000002   PAD
    0x00000b40   0x00000040   Code   RO         4058    .text               mf_p.l(dfixul.o)
    0x00000b80   0x00000024   Code   RO         4060    .text               mc_p.l(init.o)
    0x00000ba4   0x00000022   Code   RO         4062    .text               mc_p.l(llushr.o)
    0x00000bc6   0x00000056   Code   RO         4072    .text               mc_p.l(__dczerorl2.o)
    0x00000c1c   0x00000038   Code   RO          229    i.App_DebugTaskCreate  uctsk_debug.o
    0x00000c54   0x00000022   Code   RO          230    i.App_TaskDebug     uctsk_debug.o
    0x00000c76   0x00000002   PAD
    0x00000c78   0x00000034   Code   RO            3    i.App_TaskStart     main.o
    0x00000cac   0x0000003c   Code   RO          857    i.BspLed_Init       bsp_led.o
    0x00000ce8   0x0000006c   Code   RO          892    i.BspRtc_Config     bsp_rtc.o
    0x00000d54   0x00000002   Code   RO          893    i.BspRtc_DebugTestOnOff  bsp_rtc.o
    0x00000d56   0x00000002   PAD
    0x00000d58   0x00000048   Code   RO          895    i.BspRtc_Init       bsp_rtc.o
    0x00000da0   0x0000007c   Code   RO          899    i.BspRtc_ReadRealTime  bsp_rtc.o
    0x00000e1c   0x00000088   Code   RO          904    i.BspRtc_SetRealTime  bsp_rtc.o
    0x00000ea4   0x0000004c   Code   RO          339    i.Count_CalcDerivative  count.o
    0x00000ef0   0x000000d4   Code   RO          342    i.Count_DebugTestOnOff  count.o
    0x00000fc4   0x000000ac   Code   RO          344    i.Count_DichotomyEquation  count.o
    0x00001070   0x00000068   Code   RO          345    i.Count_GA_Crossover  count.o
    0x000010d8   0x00000054   Code   RO          346    i.Count_GA_EvaluateFitness  count.o
    0x0000112c   0x00000038   Code   RO          347    i.Count_GA_GetBestPopulation  count.o
    0x00001164   0x0000004c   Code   RO          348    i.Count_GA_Mutation  count.o
    0x000011b0   0x00000110   Code   RO          349    i.Count_GA_Select   count.o
    0x000012c0   0x000000e0   Code   RO          350    i.Count_GA_Test     count.o
    0x000013a0   0x000000a8   Code   RO          360    i.Count_NewtonRaphson  count.o
    0x00001448   0x00000048   Code   RO          361    i.Count_NonLinearEquationTestFun  count.o
    0x00001490   0x000001cc   Code   RO          362    i.Count_NonLinearEquation_Test  count.o
    0x0000165c   0x00000440   Code   RO          366    i.Count_Spline3     count.o
    0x00001a9c   0x00000124   Code   RO          367    i.Count_Spline3_Test  count.o
    0x00001bc0   0x000000d6   Code   RO          379    i.Count_TimeTypeConvert  count.o
    0x00001c96   0x00000002   PAD
    0x00001c98   0x00000020   Code   RO          380    i.Count_Time_ConvCalendarToUnix  count.o
    0x00001cb8   0x00000024   Code   RO          381    i.Count_Time_ConvUnixToCalendar  count.o
    0x00001cdc   0x00000054   Code   RO          232    i.DebugInit         uctsk_debug.o
    0x00001d30   0x0000005c   Code   RO          234    i.DebugOut          uctsk_debug.o
    0x00001d8c   0x00000012   Code   RO          236    i.DebugOutStr       uctsk_debug.o
    0x00001d9e   0x00000002   PAD
    0x00001da0   0x00000278   Code   RO          237    i.DebugPro_100ms    uctsk_debug.o
    0x00002018   0x000000dc   Code   RO          238    i.Debug_InterruptRx  uctsk_debug.o
    0x000020f4   0x00000178   Code   RO         1510    i.GPIOTE_IRQHandler  nrf_drv_gpiote.o
    0x0000226c   0x00000078   Code   RO          786    i.MemManager_Free   memmanager.o
    0x000022e4   0x000000a4   Code   RO          787    i.MemManager_Get    memmanager.o
    0x00002388   0x00000010   Code   RO          788    i.MemManager_Init   memmanager.o
    0x00002398   0x00000044   Code   RO          836    i.Module_OS_Info_DebugTestOnOff  module_os.o
    0x000023dc   0x00000054   Code   RO         1315    i.POWER_CLOCK_IRQHandler  nrf_drv_clock.o
    0x00002430   0x00000014   Code   RO         2007    i.RTC0_IRQHandler   nrf_drv_rtc.o
    0x00002444   0x00000050   Code   RO         3463    i.RTC1_IRQHandler   port_cmsis_systick.o
    0x00002494   0x000000a0   Code   RO         3665    i.SystemInit        system_nrf51.o
    0x00002534   0x00000024   Code   RO          906    i.Time_GetCalendarTime  bsp_rtc.o
    0x00002558   0x00000028   Code   RO          907    i.Time_SetCalendarTime  bsp_rtc.o
    0x00002580   0x00000014   Code   RO         1725    i.UART0_IRQHandler  nrf_drv_uart.o
    0x00002594   0x00000028   Code   RO         3964    i.__0sprintf        mc_p.l(printfa.o)
    0x000025bc   0x0000002e   Code   RO         4056    i.__ARM_clz         mf_p.l(depilogue.o)
    0x000025ea   0x0000001a   Code   RO         1255    i.__ARM_common_switch8  bsp.o
    0x00002604   0x0000000e   Code   RO         4066    i.__scatterload_copy  mc_p.l(handlers.o)
    0x00002612   0x00000002   Code   RO         4067    i.__scatterload_null  mc_p.l(handlers.o)
    0x00002614   0x0000000e   Code   RO         4068    i.__scatterload_zeroinit  mc_p.l(handlers.o)
    0x00002622   0x00000002   PAD
    0x00002624   0x00000174   Code   RO         3969    i._fp_digits        mc_p.l(printfa.o)
    0x00002798   0x000006ec   Code   RO         3970    i._printf_core      mc_p.l(printfa.o)
    0x00002e84   0x00000020   Code   RO         3971    i._printf_post_padding  mc_p.l(printfa.o)
    0x00002ea4   0x0000002c   Code   RO         3972    i._printf_pre_padding  mc_p.l(printfa.o)
    0x00002ed0   0x0000000a   Code   RO         3974    i._sputc            mc_p.l(printfa.o)
    0x00002eda   0x00000002   PAD
    0x00002edc   0x0000001c   Code   RO         2212    i.app_error_fault_handler  app_error_weak.o
    0x00002ef8   0x00000018   Code   RO         2174    i.app_error_handler_bare  app_error.o
    0x00002f10   0x00000016   Code   RO         2329    i.app_fifo_get      app_fifo.o
    0x00002f26   0x00000024   Code   RO         2330    i.app_fifo_init     app_fifo.o
    0x00002f4a   0x0000001a   Code   RO         2332    i.app_fifo_put      app_fifo.o
    0x00002f64   0x00000038   Code   RO         2399    i.app_uart_get      app_uart_fifo.o
    0x00002f9c   0x000000b0   Code   RO         2400    i.app_uart_init     app_uart_fifo.o
    0x0000304c   0x00000040   Code   RO         2401    i.app_uart_put      app_uart_fifo.o
    0x0000308c   0x00000008   Code   RO         2289    i.app_util_critical_region_enter  app_util_platform.o
    0x00003094   0x00000008   Code   RO         2290    i.app_util_critical_region_exit  app_util_platform.o
    0x0000309c   0x00000010   Code   RO         2291    i.app_util_disable_irq  app_util_platform.o
    0x000030ac   0x00000014   Code   RO         2292    i.app_util_enable_irq  app_util_platform.o
    0x000030c0   0x00000084   Code   RO         1726    i.apply_config      nrf_drv_uart.o
    0x00003144   0x00000094   Code   RO          398    i.arm_linear_interp_f32  count.o
    0x000031d8   0x00000010   Code   RO         1513    i.channel_port_get  nrf_drv_gpiote.o
    0x000031e8   0x00000028   Code   RO         1316    i.clock_clk_started_notify  nrf_drv_clock.o
    0x00003210   0x00000030   Code   RO         2877    i.eTaskConfirmSleepModeStatus  tasks.o
    0x00003240   0x00000014   Code   RO         2335    i.fifo_get          app_fifo.o
    0x00003254   0x00000012   Code   RO         2336    i.fifo_put          app_fifo.o
    0x00003266   0x00000002   PAD
    0x00003268   0x00000048   Code   RO         3666    i.is_manual_peripheral_setup_needed  system_nrf51.o
    0x000032b0   0x00000016   Code   RO         1318    i.item_enqueue      nrf_drv_clock.o
    0x000032c6   0x00000002   PAD
    0x000032c8   0x00000040   Code   RO            4    i.main              main.o
    0x00003308   0x00000010   Code   RO         1514    i.nrf_bitmask_bit_is_set  nrf_drv_gpiote.o
    0x00003318   0x00000010   Code   RO         1320    i.nrf_clock_event_check  nrf_drv_clock.o
    0x00003328   0x00000040   Code   RO         1327    i.nrf_drv_clock_init  nrf_drv_clock.o
    0x00003368   0x00000064   Code   RO         1332    i.nrf_drv_clock_lfclk_request  nrf_drv_clock.o
    0x000033cc   0x00000060   Code   RO         1469    i.nrf_drv_common_irq_enable  nrf_drv_common.o
    0x0000342c   0x00000094   Code   RO         2009    i.nrf_drv_rtc_cc_set  nrf_drv_rtc.o
    0x000034c0   0x00000018   Code   RO         2011    i.nrf_drv_rtc_enable  nrf_drv_rtc.o
    0x000034d8   0x0000006c   Code   RO         2012    i.nrf_drv_rtc_init  nrf_drv_rtc.o
    0x00003544   0x0000009c   Code   RO         2013    i.nrf_drv_rtc_int_handler  nrf_drv_rtc.o
    0x000035e0   0x00000024   Code   RO         2018    i.nrf_drv_rtc_tick_enable  nrf_drv_rtc.o
    0x00003604   0x00000080   Code   RO         1728    i.nrf_drv_uart_init  nrf_drv_uart.o
    0x00003684   0x0000005c   Code   RO         1729    i.nrf_drv_uart_rx   nrf_drv_uart.o
    0x000036e0   0x0000002c   Code   RO         1732    i.nrf_drv_uart_rx_enable  nrf_drv_uart.o
    0x0000370c   0x000000a8   Code   RO         1733    i.nrf_drv_uart_rx_for_uart  nrf_drv_uart.o
    0x000037b4   0x00000034   Code   RO         1734    i.nrf_drv_uart_tx   nrf_drv_uart.o
    0x000037e8   0x0000008c   Code   RO         1736    i.nrf_drv_uart_tx_for_uart  nrf_drv_uart.o
    0x00003874   0x00000018   Code   RO         1737    i.nrf_drv_uart_tx_in_progress  nrf_drv_uart.o
    0x0000388c   0x00000028   Code   RO         1739    i.nrf_gpio_cfg      nrf_drv_uart.o
    0x000038b4   0x00000012   Code   RO         1741    i.nrf_gpio_cfg_input  nrf_drv_uart.o
    0x000038c6   0x00000014   Code   RO          858    i.nrf_gpio_cfg_output  bsp_led.o
    0x000038da   0x00000014   Code   RO         1742    i.nrf_gpio_cfg_output  nrf_drv_uart.o
    0x000038ee   0x00000022   Code   RO         1536    i.nrf_gpio_cfg_sense_set  nrf_drv_gpiote.o
    0x00003910   0x00000018   Code   RO          908    i.nrf_gpio_pin_toggle  bsp_rtc.o
    0x00003928   0x00000018   Code   RO          859    i.nrf_gpio_pin_write  bsp_led.o
    0x00003940   0x00000028   Code   RO         1537    i.nrf_gpio_ports_read  nrf_drv_gpiote.o
    0x00003968   0x00000010   Code   RO         1538    i.nrf_gpiote_event_clear  nrf_drv_gpiote.o
    0x00003978   0x00000014   Code   RO         1539    i.nrf_gpiote_event_is_set  nrf_drv_gpiote.o
    0x0000398c   0x0000000a   Code   RO         1743    i.nrf_uart_event_check  nrf_drv_uart.o
    0x00003996   0x00000010   Code   RO         1744    i.nrf_uart_int_enable_check  nrf_drv_uart.o
    0x000039a6   0x00000002   PAD
    0x000039a8   0x00000034   Code   RO         2880    i.prvAddCurrentTaskToDelayedList  tasks.o
    0x000039dc   0x00000050   Code   RO         3217    i.prvCheckForValidListAndQueue  timers.o
    0x00003a2c   0x00000058   Code   RO         2881    i.prvCheckTasksWaitingTermination  tasks.o
    0x00003a84   0x00000026   Code   RO         2706    i.prvCopyDataFromQueue  queue.o
    0x00003aaa   0x00000076   Code   RO         2707    i.prvCopyDataToQueue  queue.o
    0x00003b20   0x00000028   Code   RO         2882    i.prvGetExpectedIdleTime  tasks.o
    0x00003b48   0x00000034   Code   RO         2883    i.prvIdleTask       tasks.o
    0x00003b7c   0x00000038   Code   RO         3218    i.prvInsertTimerInActiveList  timers.o
    0x00003bb4   0x000000a8   Code   RO         3219    i.prvProcessReceivedCommands  timers.o
    0x00003c5c   0x00000094   Code   RO         3220    i.prvProcessTimerOrBlockTask  timers.o
    0x00003cf0   0x00000020   Code   RO         2884    i.prvResetNextTaskUnblockTime  tasks.o
    0x00003d10   0x00000028   Code   RO         3221    i.prvSampleTimeNow  timers.o
    0x00003d38   0x00000058   Code   RO         3222    i.prvSwitchTimerLists  timers.o
    0x00003d90   0x00000004   Code   RO         3387    i.prvTaskExitError  port_cmsis.o
    0x00003d94   0x00000024   Code   RO         3223    i.prvTimerTask      timers.o
    0x00003db8   0x0000006a   Code   RO         2708    i.prvUnlockQueue    queue.o
    0x00003e22   0x00000002   PAD
    0x00003e24   0x00000050   Code   RO         3328    i.pvPortMalloc      heap_1.o
    0x00003e74   0x00000018   Code   RO         2886    i.pvTaskIncrementMutexHeldCount  tasks.o
    0x00003e8c   0x00000024   Code   RO         3388    i.pxPortInitialiseStack  port_cmsis.o
    0x00003eb0   0x00000044   Code   RO          909    i.rtc_handler       bsp_rtc.o
    0x00003ef4   0x00000026   Code   RO         1745    i.rx_byte           nrf_drv_uart.o
    0x00003f1a   0x00000014   Code   RO         1746    i.rx_done_event     nrf_drv_uart.o
    0x00003f2e   0x0000001a   Code   RO         1747    i.rx_enable         nrf_drv_uart.o
    0x00003f48   0x0000001e   Code   RO         1748    i.tx_byte           nrf_drv_uart.o
    0x00003f66   0x00000018   Code   RO         1749    i.tx_done_event     nrf_drv_uart.o
    0x00003f7e   0x00000014   Code   RO          239    i.uart_error_handle  uctsk_debug.o
    0x00003f92   0x00000002   PAD
    0x00003f94   0x000000a8   Code   RO         2402    i.uart_event_handler  app_uart_fifo.o
    0x0000403c   0x00000128   Code   RO         1750    i.uart_irq_handler  nrf_drv_uart.o
    0x00004164   0x0000001c   Code   RO         2709    i.ulPortDisableISR  queue.o
    0x00004180   0x00000024   Code   RO         2662    i.uxListRemove      list.o
    0x000041a4   0x00000016   Code   RO         2663    i.vListInitialise   list.o
    0x000041ba   0x00000006   Code   RO         2664    i.vListInitialiseItem  list.o
    0x000041c0   0x00000030   Code   RO         2665    i.vListInsert       list.o
    0x000041f0   0x00000018   Code   RO         2666    i.vListInsertEnd    list.o
    0x00004208   0x00000010   Code   RO         3390    i.vPortEnterCritical  port_cmsis.o
    0x00004218   0x00000014   Code   RO         3391    i.vPortExitCritical  port_cmsis.o
    0x0000422c   0x00000002   Code   RO         3329    i.vPortFree         heap_1.o
    0x0000422e   0x00000010   Code   RO         2713    i.vPortRestoreISR   queue.o
    0x0000423e   0x0000002c   Code   RO         3392    i.vPortSafeTaskSwitchContext  port_cmsis.o
    0x0000426a   0x00000002   PAD
    0x0000426c   0x0000004c   Code   RO         3464    i.vPortSetupTimerInterrupt  port_cmsis_systick.o
    0x000042b8   0x00000088   Code   RO         3465    i.vPortSuppressTicksAndSleep  port_cmsis_systick.o
    0x00004340   0x00000018   Code   RO         3393    i.vPortTaskYield    port_cmsis.o
    0x00004358   0x00000024   Code   RO         2714    i.vQueueAddToRegistry  queue.o
    0x0000437c   0x0000003c   Code   RO         2717    i.vQueueWaitForMessageRestricted  queue.o
    0x000043b8   0x00000030   Code   RO         2895    i.vTaskDelay        tasks.o
    0x000043e8   0x0000000c   Code   RO         2899    i.vTaskMissedYield  tasks.o
    0x000043f4   0x00000038   Code   RO         2901    i.vTaskPlaceOnEventList  tasks.o
    0x0000442c   0x0000003c   Code   RO         2902    i.vTaskPlaceOnEventListRestricted  tasks.o
    0x00004468   0x00000064   Code   RO         2904    i.vTaskPriorityInherit  tasks.o
    0x000044cc   0x00000010   Code   RO         2907    i.vTaskSetTimeOutState  tasks.o
    0x000044dc   0x00000050   Code   RO         2908    i.vTaskStartScheduler  tasks.o
    0x0000452c   0x00000010   Code   RO         2909    i.vTaskStepTick     tasks.o
    0x0000453c   0x00000010   Code   RO         2911    i.vTaskSuspendAll   tasks.o
    0x0000454c   0x0000004c   Code   RO         2912    i.vTaskSwitchContext  tasks.o
    0x00004598   0x00000038   Code   RO         3394    i.xPortStartScheduler  port_cmsis.o
    0x000045d0   0x0000003e   Code   RO         2720    i.xQueueGenericCreate  queue.o
    0x0000460e   0x00000110   Code   RO         2721    i.xQueueGenericReceive  queue.o
    0x0000471e   0x00000062   Code   RO         2722    i.xQueueGenericReset  queue.o
    0x00004780   0x000000de   Code   RO         2723    i.xQueueGenericSend  queue.o
    0x0000485e   0x00000060   Code   RO         2724    i.xQueueGenericSendFromISR  queue.o
    0x000048be   0x00000002   PAD
    0x000048c0   0x00000048   Code   RO         2913    i.xTaskCheckForTimeOut  tasks.o
    0x00004908   0x0000015c   Code   RO         2914    i.xTaskGenericCreate  tasks.o
    0x00004a64   0x00000020   Code   RO         2919    i.xTaskGetSchedulerState  tasks.o
    0x00004a84   0x0000000c   Code   RO         2920    i.xTaskGetTickCount  tasks.o
    0x00004a90   0x000000a4   Code   RO         2922    i.xTaskIncrementTick  tasks.o
    0x00004b34   0x00000054   Code   RO         2925    i.xTaskPriorityDisinherit  tasks.o
    0x00004b88   0x00000064   Code   RO         2926    i.xTaskRemoveFromEventList  tasks.o
    0x00004bec   0x000000a0   Code   RO         2928    i.xTaskResumeAll    tasks.o
    0x00004c8c   0x00000044   Code   RO         3227    i.xTimerCreateTimerTask  timers.o
    0x00004cd0   0x0000004c   Code   RO         3228    i.xTimerGenericCommand  timers.o
    0x00004d1c   0x00000048   Data   RO          241    .constdata          uctsk_debug.o
    0x00004d64   0x00000050   Data   RO          405    .constdata          count.o
    0x00004db4   0x00000010   Data   RO          911    .constdata          bsp_rtc.o
    0x00004dc4   0x00000004   Data   RO         1543    .constdata          nrf_drv_gpiote.o
    0x00004dc8   0x00000020   Data   RO         2404    .constdata          app_uart_fifo.o
    0x00004de8   0x00000004   Data   RO         3395    .constdata          port_cmsis.o
    0x00004dec   0x0000000c   Data   RO         3714    .constdata          mc_p.l(localtime_r.o)
    0x00004df8   0x0000000c   Data   RO         3717    .constdata          mc_p.l(mktime.o)
    0x00004e04   0x00000037   Data   RO          242    .conststring        uctsk_debug.o
    0x00004e3b   0x00000001   PAD
    0x00004e3c   0x00000020   Data   RO         4064    Region$$Table       anon$$obj.o


    Execution Region RW_IRAM1 (Base: 0x20000000, Size: 0x00002a48, Max: 0x00008000, ABSOLUTE, COMPRESSED[0x0000002c])

    Base Addr    Size         Type   Attr      Idx    E Section Name        Object

    0x20000000   0x00000008   Data   RW            5    .data               main.o
    0x20000008   0x00000016   Data   RW          243    .data               uctsk_debug.o
    0x2000001e   0x00000002   PAD
    0x20000020   0x00000040   Data   RW          406    .data               count.o
    0x20000060   0x00000010   Data   RW          791    .data               memmanager.o
    0x20000070   0x00000001   Data   RW          837    .data               module_os.o
    0x20000071   0x00000003   PAD
    0x20000074   0x0000003c   Data   RW          912    .data               bsp_rtc.o
    0x200000b0   0x00000008   Data   RW         2023    .data               nrf_drv_rtc.o
    0x200000b8   0x00000004   Data   RW         2293    .data               app_util_platform.o
    0x200000bc   0x00000010   Data   RW         2405    .data               app_uart_fifo.o
    0x200000cc   0x0000003c   Data   RW         2931    .data               tasks.o
    0x20000108   0x00000014   Data   RW         3234    .data               timers.o
    0x2000011c   0x00000008   Data   RW         3333    .data               heap_1.o
    0x20000124   0x00000004   Data   RW         3396    .data               port_cmsis.o
    0x20000128   0x00000004   Data   RW         3667    .data               system_nrf51.o
    0x2000012c   0x00000200   Zero   RW          240    .bss                uctsk_debug.o
    0x2000032c   0x00000c00   Zero   RW          790    .bss                memmanager.o
    0x20000f2c   0x0000002c   Zero   RW          910    .bss                bsp_rtc.o
    0x20000f58   0x00000014   Zero   RW         1334    .bss                nrf_drv_clock.o
    0x20000f6c   0x00000048   Zero   RW         1542    .bss                nrf_drv_gpiote.o
    0x20000fb4   0x0000001c   Zero   RW         1751    .bss                nrf_drv_uart.o
    0x20000fd0   0x00000020   Zero   RW         2403    .bss                app_uart_fifo.o
    0x20000ff0   0x00000010   Zero   RW         2732    .bss                queue.o
    0x20001000   0x000001f4   Zero   RW         2930    .bss                tasks.o
    0x200011f4   0x00000028   Zero   RW         3233    .bss                timers.o
    0x2000121c   0x00001000   Zero   RW         3332    .bss                heap_1.o
    0x2000221c   0x0000002c   Zero   RW         3711    .bss                mc_p.l(localtime_w.o)
    0x20002248   0x00000800   Zero   RW         3655    STACK               arm_startup_nrf51.o


==============================================================================

Image component sizes


      Code (inc. data)   RO Data    RW Data    ZI Data      Debug   Object Name

        24          4          0          0          0       2121   app_error.o
        28         10          0          0          0       7054   app_error_weak.o
       122          0          0          0          0       4538   app_fifo.o
         0          0          0          0          0       2444   app_timer_freertos.o
       464         44         32         16         32      10110   app_uart_fifo.o
        52         10          0          4          0       2952   app_util_platform.o
        56         18        192          0       2048        656   arm_startup_nrf51.o
        26          0          0          0          0         72   bsp.o
       104          6          0          0          0       4970   bsp_led.o
       610         54         16         60         44      17625   bsp_rtc.o
      3786        516         80         64          0      32701   count.o
         0          0          0          0          0       9496   event_groups.o
        82         12          0          8       4096       2043   heap_1.o
       136          0          0          0          0       3158   list.o
       116         32          0          8          0      44231   main.o
       300         28          0         16       3072       4314   memmanager.o
        68          6          0          1          0       1000   module_os.o
       326         44          0          0         20      11632   nrf_drv_clock.o
        96         18          0          0          0       8932   nrf_drv_common.o
       518         34          4          0         72      16888   nrf_drv_gpiote.o
       492         32          0          8          0      12149   nrf_drv_rtc.o
      1338         52          0          0         28      29270   nrf_drv_uart.o
         0          0          0          0          0       1472   nrf_nvic.o
       108         16          0          0          0        528   port.o
       200         32          4          4          0      14001   port_cmsis.o
       292         52          0          0          0      12242   port_cmsis_systick.o
      1152          4          0          0         16      11873   queue.o
       232         36          0          4          0       2151   system_nrf51.o
      1788        200          0         60        500      28056   tasks.o
       760         72          0         20         40       8171   timers.o
      1156        350        127         22        512      10427   uctsk_debug.o

    ----------------------------------------------------------------------
     14454       1682        488        300      10480     317277   Object Totals
         0          0         32          0          0          0   (incl. Generated)
        22          0          1          5          0          0   (incl. Padding)

    ----------------------------------------------------------------------

      Code (inc. data)   RO Data    RW Data    ZI Data      Debug   Library Member Name

        86          0          0          0          0          0   __dczerorl2.o
         0          0          0          0          0          0   entry.o
         0          0          0          0          0          0   entry10a.o
         0          0          0          0          0          0   entry11a.o
         8          4          0          0          0          0   entry2.o
         4          0          0          0          0          0   entry5.o
         0          0          0          0          0          0   entry7b.o
         0          0          0          0          0          0   entry8b.o
         8          4          0          0          0          0   entry9a.o
        30          0          0          0          0          0   handlers.o
        40          0          0          0          0         72   idiv.o
        36          8          0          0          0         68   init.o
         0          0          0          0          0          0   iusefp.o
        32          0          0          0          0         68   llshl.o
        38          0          0          0          0         68   llsshr.o
        34          0          0          0          0         68   llushr.o
       116         12         12          0          0         72   localtime_r.o
        16          6          0          0         44         68   localtime_w.o
        36          0          0          0          0         60   memcpya.o
        36          0          0          0          0        100   memseta.o
       140         16         12          0          0         72   mktime.o
      2270         94          0          0          0        472   printfa.o
        14          0          0          0          0         60   strlen.o
        44          0          0          0          0         72   uidiv.o
        96          0          0          0          0         84   uldiv.o
        40          2          0          0          0         68   cdcmple.o
        40          2          0          0          0         68   cdrcmple.o
        20          0          0          0          0         68   cfcmple.o
        20          0          0          0          0         68   cfrcmple.o
       356          4          0          0          0        140   dadd.o
       240          6          0          0          0         84   ddiv.o
       236          0          0          0          0        216   depilogue.o
        64         10          0          0          0         68   dfixul.o
        40          6          0          0          0         68   dflti.o
       208          6          0          0          0         88   dmul.o
        44          0          0          0          0         72   dscalb.o
        40          0          0          0          0         60   f2d.o
       178          0          0          0          0        108   fadd.o
       124          0          0          0          0         72   fdiv.o
       130          0          0          0          0        144   fepilogue.o
        50          0          0          0          0         60   ffixi.o
        22          0          0          0          0         68   fflti.o
       122          0          0          0          0         72   fmul.o
        24          0          0          0          0         60   fscalb.o

    ----------------------------------------------------------------------
      5094        180         24          0         44       3056   Library Totals
        12          0          0          0          0          0   (incl. Padding)

    ----------------------------------------------------------------------

      Code (inc. data)   RO Data    RW Data    ZI Data      Debug   Library Name

      3084        144         24          0         44       1404   mc_p.l
      1998         36          0          0          0       1652   mf_p.l

    ----------------------------------------------------------------------
      5094        180         24          0         44       3056   Library Totals

    ----------------------------------------------------------------------

==============================================================================


      Code (inc. data)   RO Data    RW Data    ZI Data      Debug   

     19548       1862        512        300      10524     311717   Grand Totals
     19548       1862        512         44      10524     311717   ELF Image Totals (compressed)
     19548       1862        512         44          0          0   ROM Totals

==============================================================================

    Total RO  Size (Code + RO Data)                20060 (  19.59kB)
    Total RW  Size (RW Data + ZI Data)             10824 (  10.57kB)
    Total ROM Size (Code + RO Data + RW Data)      20104 (  19.63kB)

==============================================================================

