Component: ARM Compiler 5.06 update 4 (build 422) Tool: armlink [4d35d2]

==============================================================================

Section Cross References

    main.o(i.App_TaskStart) refers to bsp_rtc.o(i.BspRtc_Init) for BspRtc_Init
    main.o(i.App_TaskStart) refers to bsp_led.o(i.BspLed_Init) for BspLed_Init
    main.o(i.App_TaskStart) refers to bsp_nrfrfesb.o(i.Bsp_NrfRfEsb_Test) for Bsp_NrfRfEsb_Test
    main.o(i.App_TaskStart) refers to uctsk_debug.o(i.App_DebugTaskCreate) for App_DebugTaskCreate
    main.o(i.App_TaskStart) refers to uctsk_ad.o(i.App_ADTaskCreate) for App_ADTaskCreate
    main.o(i.App_TaskStart) refers to tasks.o(i.vTaskDelay) for vTaskDelay
    main.o(i.App_TaskStart) refers to bsp_rtc.o(i.BspRtc_1000ms) for BspRtc_1000ms
    main.o(i.App_TaskStart) refers to main.o(.data) for .data
    main.o(i.main) refers to tasks.o(i.xTaskGenericCreate) for xTaskGenericCreate
    main.o(i.main) refers to tasks.o(i.vTaskStartScheduler) for vTaskStartScheduler
    main.o(i.main) refers to main.o(.data) for .data
    main.o(i.main) refers to main.o(i.App_TaskStart) for App_TaskStart
    uctsk_debug.o(i.App_DebugTaskCreate) refers to tasks.o(i.xTaskGenericCreate) for xTaskGenericCreate
    uctsk_debug.o(i.App_DebugTaskCreate) refers to uctsk_debug.o(.data) for .data
    uctsk_debug.o(i.App_DebugTaskCreate) refers to uctsk_debug.o(i.App_TaskDebug) for App_TaskDebug
    uctsk_debug.o(i.App_TaskDebug) refers to tasks.o(i.vTaskDelay) for vTaskDelay
    uctsk_debug.o(i.App_TaskDebug) refers to uctsk_debug.o(i.DebugPro_100ms) for DebugPro_100ms
    uctsk_debug.o(i.App_TaskDebug) refers to uctsk_debug.o(i.Debug_InterruptRx) for Debug_InterruptRx
    uctsk_debug.o(i.App_TaskDebug) refers to app_uart_fifo.o(i.app_uart_get) for app_uart_get
    uctsk_debug.o(i.DebugIn) refers to tasks.o(i.vTaskDelay) for vTaskDelay
    uctsk_debug.o(i.DebugIn) refers to memcpya.o(.text) for __aeabi_memcpy
    uctsk_debug.o(i.DebugIn) refers to uctsk_debug.o(.data) for .data
    uctsk_debug.o(i.DebugInit) refers to memcpya.o(.text) for __aeabi_memcpy4
    uctsk_debug.o(i.DebugInit) refers to app_uart_fifo.o(i.app_uart_init) for app_uart_init
    uctsk_debug.o(i.DebugInit) refers to app_error.o(i.app_error_handler_bare) for app_error_handler_bare
    uctsk_debug.o(i.DebugInit) refers to uctsk_debug.o(.data) for .data
    uctsk_debug.o(i.DebugInit) refers to uctsk_debug.o(.constdata) for .constdata
    uctsk_debug.o(i.DebugInit) refers to uctsk_debug.o(.bss) for .bss
    uctsk_debug.o(i.DebugInit) refers to uctsk_debug.o(i.uart_error_handle) for uart_error_handle
    uctsk_debug.o(i.DebugInputNum) refers to uctsk_debug.o(i.DebugIn) for DebugIn
    uctsk_debug.o(i.DebugOut) refers to app_uart_fifo.o(i.app_uart_put) for app_uart_put
    uctsk_debug.o(i.DebugOut) refers to tasks.o(i.vTaskDelay) for vTaskDelay
    uctsk_debug.o(i.DebugOut) refers to uidiv.o(.text) for __aeabi_uidivmod
    uctsk_debug.o(i.DebugOut) refers to uctsk_debug.o(.data) for .data
    uctsk_debug.o(i.DebugOutHex) refers to uctsk_debug.o(i.DebugOutStr) for DebugOutStr
    uctsk_debug.o(i.DebugOutHex) refers to printfa.o(i.__0sprintf) for __2sprintf
    uctsk_debug.o(i.DebugOutStr) refers to strlen.o(.text) for strlen
    uctsk_debug.o(i.DebugOutStr) refers to uctsk_debug.o(i.DebugOut) for DebugOut
    uctsk_debug.o(i.DebugPro_100ms) refers to memmanager.o(i.MemManager_Get) for MemManager_Get
    uctsk_debug.o(i.DebugPro_100ms) refers to uctsk_debug.o(i.DebugInit) for DebugInit
    uctsk_debug.o(i.DebugPro_100ms) refers to bsp_rtc.o(i.BspRtc_ReadRealTime) for BspRtc_ReadRealTime
    uctsk_debug.o(i.DebugPro_100ms) refers to uctsk_debug.o(i.DebugOutStr) for DebugOutStr
    uctsk_debug.o(i.DebugPro_100ms) refers to printfa.o(i.__0sprintf) for __2sprintf
    uctsk_debug.o(i.DebugPro_100ms) refers to strlen.o(.text) for strlen
    uctsk_debug.o(i.DebugPro_100ms) refers to uctsk_debug.o(i.DebugOut) for DebugOut
    uctsk_debug.o(i.DebugPro_100ms) refers to memmanager.o(i.MemManager_Free) for MemManager_Free
    uctsk_debug.o(i.DebugPro_100ms) refers to uctsk_debug.o(.data) for .data
    uctsk_debug.o(i.DebugPro_100ms) refers to uctsk_debug.o(.constdata) for .constdata
    uctsk_debug.o(i.Debug_InterruptRx) refers to uctsk_debug.o(i.DebugOut) for DebugOut
    uctsk_debug.o(i.Debug_InterruptRx) refers to memcpya.o(.text) for __aeabi_memcpy
    uctsk_debug.o(i.Debug_InterruptRx) refers to uctsk_debug.o(.data) for .data
    uctsk_debug.o(i.Debug_InterruptRx) refers to uctsk_debug.o(.constdata) for .constdata
    uctsk_debug.o(i.uart_error_handle) refers to app_error.o(i.app_error_handler_bare) for app_error_handler_bare
    uctsk_debug.o(.constdata) refers to uctsk_debug.o(.conststring) for .conststring
    uctsk_debug.o(.constdata) refers to module_os.o(i.Module_OS_Info_DebugTestOnOff) for Module_OS_Info_DebugTestOnOff
    uctsk_debug.o(.constdata) refers to bsp_rtc.o(i.BspRtc_DebugTestOnOff) for BspRtc_DebugTestOnOff
[...]
    i.prvUnlockQueue                         0x00004910   Section        0  queue.o(i.prvUnlockQueue)
    prvUnlockQueue                           0x00004911   Thumb Code   106  queue.o(i.prvUnlockQueue)
    i.pvPortMalloc                           0x0000497c   Section        0  heap_1.o(i.pvPortMalloc)
    i.pvTaskIncrementMutexHeldCount          0x000049cc   Section        0  tasks.o(i.pvTaskIncrementMutexHeldCount)
    i.pxPortInitialiseStack                  0x000049e4   Section        0  port_cmsis.o(i.pxPortInitialiseStack)
    i.reset_fifos                            0x00004a08   Section        0  nrf_esb.o(i.reset_fifos)
    reset_fifos                              0x00004a09   Thumb Code    22  nrf_esb.o(i.reset_fifos)
    i.rtc_handler                            0x00004a24   Section        0  bsp_rtc.o(i.rtc_handler)
    rtc_handler                              0x00004a25   Thumb Code    68  bsp_rtc.o(i.rtc_handler)
    i.rx_byte                                0x00004a70   Section        0  nrf_drv_uart.o(i.rx_byte)
    rx_byte                                  0x00004a71   Thumb Code    38  nrf_drv_uart.o(i.rx_byte)
    i.rx_done_event                          0x00004a96   Section        0  nrf_drv_uart.o(i.rx_done_event)
    rx_done_event                            0x00004a97   Thumb Code    20  nrf_drv_uart.o(i.rx_done_event)
    i.rx_enable                              0x00004aaa   Section        0  nrf_drv_uart.o(i.rx_enable)
    rx_enable                                0x00004aab   Thumb Code    26  nrf_drv_uart.o(i.rx_enable)
    i.rx_fifo_push_rfbuf                     0x00004ac4   Section        0  nrf_esb.o(i.rx_fifo_push_rfbuf)
    rx_fifo_push_rfbuf                       0x00004ac5   Thumb Code   116  nrf_esb.o(i.rx_fifo_push_rfbuf)
    i.start_tx_transaction                   0x00004b44   Section        0  nrf_esb.o(i.start_tx_transaction)
    start_tx_transaction                     0x00004b45   Thumb Code   216  nrf_esb.o(i.start_tx_transaction)
    i.timer_init                             0x00004c4c   Section        0  bsp_nrfrfesb.o(i.timer_init)
    i.timer_led_event_handler                0x00004ca4   Section        0  bsp_nrfrfesb.o(i.timer_led_event_handler)
    i.tx_byte                                0x00004cd0   Section        0  nrf_drv_uart.o(i.tx_byte)
    tx_byte                                  0x00004cd1   Thumb Code    30  nrf_drv_uart.o(i.tx_byte)
    i.tx_done_event                          0x00004cee   Section        0  nrf_drv_uart.o(i.tx_done_event)
    tx_done_event                            0x00004cef   Thumb Code    24  nrf_drv_uart.o(i.tx_done_event)
    i.tx_fifo_remove_last                    0x00004d08   Section        0  nrf_esb.o(i.tx_fifo_remove_last)
    tx_fifo_remove_last                      0x00004d09   Thumb Code    44  nrf_esb.o(i.tx_fifo_remove_last)
    i.uart_error_handle                      0x00004d38   Section        0  uctsk_debug.o(i.uart_error_handle)
    i.uart_event_handler                     0x00004d4c   Section        0  app_uart_fifo.o(i.uart_event_handler)
    uart_event_handler                       0x00004d4d   Thumb Code   158  app_uart_fifo.o(i.uart_event_handler)
    i.uart_irq_handler                       0x00004df4   Section        0  nrf_drv_uart.o(i.uart_irq_handler)
    uart_irq_handler                         0x00004df5   Thumb Code   296  nrf_drv_uart.o(i.uart_irq_handler)
    i.uctsk_AD                               0x00004f1c   Section        0  uctsk_ad.o(i.uctsk_AD)
    uctsk_AD                                 0x00004f1d   Thumb Code    52  uctsk_ad.o(i.uctsk_AD)
    i.ulPortDisableISR                       0x00004f54   Section        0  queue.o(i.ulPortDisableISR)
    ulPortDisableISR                         0x00004f55   Thumb Code    28  queue.o(i.ulPortDisableISR)
    i.update_radio_addresses                 0x00004f70   Section        0  nrf_esb.o(i.update_radio_addresses)
    update_radio_addresses                   0x00004f71   Thumb Code    58  nrf_esb.o(i.update_radio_addresses)
    i.update_radio_parameters                0x00004fb4   Section        0  nrf_esb.o(i.update_radio_parameters)
    update_radio_parameters                  0x00004fb5   Thumb Code   106  nrf_esb.o(i.update_radio_parameters)
    i.update_radio_tx_power                  0x0000503c   Section        0  nrf_esb.o(i.update_radio_tx_power)
    update_radio_tx_power                    0x0000503d   Thumb Code    10  nrf_esb.o(i.update_radio_tx_power)
    i.update_rf_payload_format_esb           0x00005050   Section        0  nrf_esb.o(i.update_rf_payload_format_esb)
    update_rf_payload_format_esb             0x00005051   Thumb Code    30  nrf_esb.o(i.update_rf_payload_format_esb)
    i.update_rf_payload_format_esb_dpl       0x0000507c   Section        0  nrf_esb.o(i.update_rf_payload_format_esb_dpl)
    update_rf_payload_format_esb_dpl         0x0000507d   Thumb Code    22  nrf_esb.o(i.update_rf_payload_format_esb_dpl)
    i.uxListRemove                           0x000050a4   Section        0  list.o(i.uxListRemove)
    i.vListInitialise                        0x000050c8   Section        0  list.o(i.vListInitialise)
    i.vListInitialiseItem                    0x000050de   Section        0  list.o(i.vListInitialiseItem)
    i.vListInsert                            0x000050e4   Section        0  list.o(i.vListInsert)
    i.vListInsertEnd                         0x00005114   Section        0  list.o(i.vListInsertEnd)
    i.vPortEnterCritical                     0x0000512c   Section        0  port_cmsis.o(i.vPortEnterCritical)
    i.vPortExitCritical                      0x0000513c   Section        0  port_cmsis.o(i.vPortExitCritical)
    i.vPortFree                              0x00005150   Section        0  heap_1.o(i.vPortFree)
    i.vPortRestoreISR                        0x00005152   Section        0  queue.o(i.vPortRestoreISR)
    vPortRestoreISR                          0x00005153   Thumb Code    16  queue.o(i.vPortRestoreISR)
    i.vPortSafeTaskSwitchContext             0x00005162   Section        0  port_cmsis.o(i.vPortSafeTaskSwitchContext)
    i.vPortSetupTimerInterrupt               0x00005190   Section        0  port_cmsis_systick.o(i.vPortSetupTimerInterrupt)
    i.vPortSuppressTicksAndSleep             0x000051dc   Section        0  port_cmsis_systick.o(i.vPortSuppressTicksAndSleep)
    i.vPortTaskYield                         0x00005264   Section        0  port_cmsis.o(i.vPortTaskYield)
    i.vQueueAddToRegistry                    0x0000527c   Section        0  queue.o(i.vQueueAddToRegistry)
    i.vQueueWaitForMessageRestricted         0x000052a0   Section        0  queue.o(i.vQueueWaitForMessageRestricted)
    i.vTaskDelay                             0x000052dc   Section        0  tasks.o(i.vTaskDelay)
    i.vTaskMissedYield                       0x0000530c   Section        0  tasks.o(i.vTaskMissedYield)
    i.vTaskPlaceOnEventList                  0x00005318   Section        0  tasks.o(i.vTaskPlaceOnEventList)
    i.vTaskPlaceOnEventListRestricted        0x00005350   Section        0  tasks.o(i.vTaskPlaceOnEventListRestricted)
    i.vTaskPriorityInherit                   0x0000538c   Section        0  tasks.o(i.vTaskPriorityInherit)
    i.vTaskSetTimeOutState                   0x000053f0   Section        0  tasks.o(i.vTaskSetTimeOutState)
    i.vTaskStartScheduler                    0x00005400   Section        0  tasks.o(i.vTaskStartScheduler)
    i.vTaskStepTick                          0x00005450   Section        0  tasks.o(i.vTaskStepTick)
    i.vTaskSuspendAll                        0x00005460   Section        0  tasks.o(i.vTaskSuspendAll)
    i.vTaskSwitchContext                     0x00005470   Section        0  tasks.o(i.vTaskSwitchContext)
    i.xPortStartScheduler                    0x000054bc   Section        0  port_cmsis.o(i.xPortStartScheduler)
    i.xQueueGenericCreate                    0x000054f4   Section        0  queue.o(i.xQueueGenericCreate)
    i.xQueueGenericReceive                   0x00005532   Section        0  queue.o(i.xQueueGenericReceive)
    i.xQueueGenericReset                     0x00005642   Section        0  queue.o(i.xQueueGenericReset)
    i.xQueueGenericSend                      0x000056a4   Section        0  queue.o(i.xQueueGenericSend)
    i.xQueueGenericSendFromISR               0x00005782   Section        0  queue.o(i.xQueueGenericSendFromISR)
    i.xTaskCheckForTimeOut                   0x000057e4   Section        0  tasks.o(i.xTaskCheckForTimeOut)
    i.xTaskGenericCreate                     0x0000582c   Section        0  tasks.o(i.xTaskGenericCreate)
    i.xTaskGetSchedulerState                 0x00005988   Section        0  tasks.o(i.xTaskGetSchedulerState)
    i.xTaskGetTickCount                      0x000059a8   Section        0  tasks.o(i.xTaskGetTickCount)
    i.xTaskIncrementTick                     0x000059b4   Section        0  tasks.o(i.xTaskIncrementTick)
    i.xTaskPriorityDisinherit                0x00005a58   Section        0  tasks.o(i.xTaskPriorityDisinherit)
    i.xTaskRemoveFromEventList               0x00005aac   Section        0  tasks.o(i.xTaskRemoveFromEventList)
    i.xTaskResumeAll                         0x00005b10   Section        0  tasks.o(i.xTaskResumeAll)
    i.xTimerCreateTimerTask                  0x00005bb0   Section        0  timers.o(i.xTimerCreateTimerTask)
    i.xTimerGenericCommand                   0x00005bf4   Section        0  timers.o(i.xTimerGenericCommand)
    .constdata                               0x00005c40   Section       72  uctsk_debug.o(.constdata)
    .constdata                               0x00005c88   Section        1  uctsk_ad.o(.constdata)
    .constdata                               0x00005c8c   Section       80  count.o(.constdata)
    WeekTab                                  0x00005c8c   Data          12  count.o(.constdata)
    .constdata                               0x00005cdc   Section       16  bsp_rtc.o(.constdata)
    .constdata                               0x00005cec   Section       40  bsp_nrfrfesb.o(.constdata)
    .constdata                               0x00005d14   Section        1  nrf_drv_adc.o(.constdata)
    m_default_config                         0x00005d14   Data           1  nrf_drv_adc.o(.constdata)
    .constdata                               0x00005d18   Section        4  nrf_drv_gpiote.o(.constdata)
    .constdata                               0x00005d1c   Section       32  app_uart_fifo.o(.constdata)
    .constdata                               0x00005d3c   Section        4  port_cmsis.o(.constdata)
    <Data1>                                  0x00005d3c   Data           4  port_cmsis.o(.constdata)
    .constdata                               0x00005d40   Section       12  localtime_r.o(.constdata)
    monlen                                   0x00005d40   Data          12  localtime_r.o(.constdata)
    .constdata                               0x00005d4c   Section       12  mktime.o(.constdata)
    monlen                                   0x00005d4c   Data          12  mktime.o(.constdata)
    .conststring                             0x00005d58   Section       55  uctsk_debug.o(.conststring)
    .data                                    0x20000000   Section        8  main.o(.data)
    stimer                                   0x20000000   Data           1  main.o(.data)
    AppTaskStartTCB                          0x20000004   Data           4  main.o(.data)
    .data                                    0x20000008   Section       22  uctsk_debug.o(.data)
    Debug_InitSign                           0x20000008   Data           1  uctsk_debug.o(.data)
    step                                     0x20000009   Data           1  uctsk_debug.o(.data)
    timer1                                   0x2000000a   Data           2  uctsk_debug.o(.data)
    count1                                   0x2000000c   Data           2  uctsk_debug.o(.data)
    DebugInLen                               0x2000000e   Data           2  uctsk_debug.o(.data)
    AppTaskDebugTCB                          0x20000010   Data           4  uctsk_debug.o(.data)
    DebugInBuf                               0x20000014   Data           5  uctsk_debug.o(.data)
    .data                                    0x20000020   Section       16  uctsk_ad.o(.data)
    AD_DebugTest_Enable                      0x20000020   Data           1  uctsk_ad.o(.data)
    App_TaskADTCB                            0x20000024   Data           4  uctsk_ad.o(.data)
    m_channel_config                         0x20000028   Data           8  uctsk_ad.o(.data)
    .data                                    0x20000030   Section       64  count.o(.data)
    sbufnum                                  0x20000030   Data           2  count.o(.data)
    sbufsum                                  0x20000034   Data           4  count.o(.data)
    .data                                    0x20000070   Section       16  memmanager.o(.data)
    Mem_First                                0x20000070   Data           1  memmanager.o(.data)
    Mem_256B                                 0x20000078   Data           4  memmanager.o(.data)
    Mem_1KB                                  0x2000007c   Data           4  memmanager.o(.data)
    .data                                    0x20000080   Section        1  module_os.o(.data)
    s_count                                  0x20000080   Data           1  module_os.o(.data)
    .data                                    0x20000084   Section       60  bsp_rtc.o(.data)
    Rtc_AlarmTriggerBitMap                   0x20000085   Data           1  bsp_rtc.o(.data)
    Rtc_Auto_OnOff                           0x20000086   Data           1  bsp_rtc.o(.data)
    Rtc_Auto_State                           0x20000087   Data           1  bsp_rtc.o(.data)
    Rtc_Format                               0x20000088   Data           1  bsp_rtc.o(.data)
    Rtc_AlarmRunBitMap                       0x20000089   Data           1  bsp_rtc.o(.data)
    Rtc_AlarmRunState                        0x2000008a   Data           1  bsp_rtc.o(.data)
    Rtc_MonthBak                             0x2000008b   Data           1  bsp_rtc.o(.data)
    si                                       0x2000008c   Data           1  bsp_rtc.o(.data)
    count                                    0x2000008d   Data           1  bsp_rtc.o(.data)
    Rtc_AlarmMode                            0x2000008e   Data           2  bsp_rtc.o(.data)
    Rtc_Auto_BeginTime                       0x20000090   Data           2  bsp_rtc.o(.data)
    Rtc_Auto_EndTime                         0x20000092   Data           2  bsp_rtc.o(.data)
    secondBak                                0x20000094   Data           2  bsp_rtc.o(.data)
    Rtc_Alarm                                0x20000096   Data           4  bsp_rtc.o(.data)
    Rtc_Warn_OnOff                           0x2000009a   Data           4  bsp_rtc.o(.data)
    Rtc_BeginToNow_s                         0x200000a0   Data           4  bsp_rtc.o(.data)
    Rtc_Timer_s                              0x200000a4   Data           4  bsp_rtc.o(.data)
    Rtc_Warn_Time                            0x200000ae   Data           8  bsp_rtc.o(.data)
    AlarmTimerSBuf                           0x200000b8   Data           8  bsp_rtc.o(.data)
    .data                                    0x200000c0   Section       45  bsp_nrfrfesb.o(.data)
    FreqIndex                                0x200000c0   Data           1  bsp_nrfrfesb.o(.data)
    RxCounterAll                             0x200000c4   Data           4  bsp_nrfrfesb.o(.data)
    tx_payload                               0x200000c8   Data          37  bsp_nrfrfesb.o(.data)
    .data                                    0x200000f0   Section        8  nrf_drv_rtc.o(.data)
    m_cb                                     0x200000f0   Data           3  nrf_drv_rtc.o(.data)
    m_handlers                               0x200000f4   Data           4  nrf_drv_rtc.o(.data)
    .data                                    0x200000f8   Section        4  app_util_platform.o(.data)
    m_in_critical_region                     0x200000f8   Data           4  app_util_platform.o(.data)
    .data                                    0x200000fc   Section       16  app_uart_fifo.o(.data)
    tx_buffer                                0x200000fc   Data           1  app_uart_fifo.o(.data)
    rx_buffer                                0x200000fd   Data           1  app_uart_fifo.o(.data)
    m_rx_ovf                                 0x200000fe   Data           1  app_uart_fifo.o(.data)
    m_event_handler                          0x20000100   Data           4  app_uart_fifo.o(.data)
    app_uart_inst                            0x20000104   Data           8  app_uart_fifo.o(.data)
    .data                                    0x2000010c   Section       60  nrf_esb.o(.data)
    m_esb_initialized                        0x2000010c   Data           1  nrf_esb.o(.data)
    m_nrf_esb_mainstate                      0x2000010d   Data           1  nrf_esb.o(.data)
    m_interrupt_flags                        0x20000110   Data           4  nrf_esb.o(.data)
    on_radio_disabled                        0x20000114   Data           4  nrf_esb.o(.data)
    on_radio_end                             0x20000118   Data           4  nrf_esb.o(.data)
    update_rf_payload_format                 0x2000011c   Data           4  nrf_esb.o(.data)
    mp_current_payload                       0x20000120   Data           4  nrf_esb.o(.data)
    m_event_handler                          0x20000124   Data           4  nrf_esb.o(.data)
    m_retransmits_remaining                  0x20000128   Data           4  nrf_esb.o(.data)
    m_last_tx_attempts                       0x2000012c   Data           4  nrf_esb.o(.data)
    m_wait_for_ack_timeout_us                0x20000130   Data           4  nrf_esb.o(.data)
    m_esb_addr                               0x20000134   Data          20  nrf_esb.o(.data)
    .data                                    0x20000148   Section       60  tasks.o(.data)
    uxTasksDeleted                           0x2000014c   Data           4  tasks.o(.data)
    xIdleTaskHandle                          0x20000150   Data           4  tasks.o(.data)
    uxCurrentNumberOfTasks                   0x20000154   Data           4  tasks.o(.data)
    xTickCount                               0x20000158   Data           4  tasks.o(.data)
    uxTopReadyPriority                       0x2000015c   Data           4  tasks.o(.data)
    xSchedulerRunning                        0x20000160   Data           4  tasks.o(.data)
    uxPendedTicks                            0x20000164   Data           4  tasks.o(.data)
    xYieldPending                            0x20000168   Data           4  tasks.o(.data)
    xNumOfOverflows                          0x2000016c   Data           4  tasks.o(.data)
    uxTaskNumber                             0x20000170   Data           4  tasks.o(.data)
    xNextTaskUnblockTime                     0x20000174   Data           4  tasks.o(.data)
    uxSchedulerSuspended                     0x20000178   Data           4  tasks.o(.data)
    pxDelayedTaskList                        0x2000017c   Data           4  tasks.o(.data)
    pxOverflowDelayedTaskList                0x20000180   Data           4  tasks.o(.data)
    .data                                    0x20000184   Section       20  timers.o(.data)
    xTimerQueue                              0x20000184   Data           4  timers.o(.data)
    xTimerTaskHandle                         0x20000188   Data           4  timers.o(.data)
    xLastTime                                0x2000018c   Data           4  timers.o(.data)
    pxCurrentTimerList                       0x20000190   Data           4  timers.o(.data)
    pxOverflowTimerList                      0x20000194   Data           4  timers.o(.data)
    .data                                    0x20000198   Section        8  heap_1.o(.data)
    xNextFreeByte                            0x20000198   Data           4  heap_1.o(.data)
    pucAlignedHeap                           0x2000019c   Data           4  heap_1.o(.data)
    .data                                    0x200001a0   Section        4  port_cmsis.o(.data)
    uxCriticalNesting                        0x200001a0   Data           4  port_cmsis.o(.data)
    .data                                    0x200001a4   Section        4  system_nrf51.o(.data)
    __tagsym$$used                           0x200001a4   Number         0  system_nrf51.o(.data)
    .bss                                     0x200001a8   Section      512  uctsk_debug.o(.bss)
    rx_buf                                   0x200001a8   Data         256  uctsk_debug.o(.bss)
    tx_buf                                   0x200002a8   Data         256  uctsk_debug.o(.bss)
    .bss                                     0x200003a8   Section       20  uctsk_ad.o(.bss)
    adc_buffer                               0x200003a8   Data          20  uctsk_ad.o(.bss)
    .bss                                     0x200003bc   Section     3072  memmanager.o(.bss)
    mem_256B_buf                             0x200003bc   Data        1024  memmanager.o(.bss)
    mem_1KB_buf                              0x200007bc   Data        2048  memmanager.o(.bss)
    .bss                                     0x20000fbc   Section       44  bsp_rtc.o(.bss)
    .bss                                     0x20000fe8   Section       61  bsp_nrfrfesb.o(.bss)
    RxCounterBuf                             0x20000fe8   Data          24  bsp_nrfrfesb.o(.bss)
    .bss                                     0x20001028   Section       20  nrf_drv_adc.o(.bss)
    m_cb                                     0x20001028   Data          20  nrf_drv_adc.o(.bss)
    .bss                                     0x2000103c   Section       20  nrf_drv_clock.o(.bss)
    m_clock_cb                               0x2000103c   Data          20  nrf_drv_clock.o(.bss)
    .bss                                     0x20001050   Section       72  nrf_drv_gpiote.o(.bss)
    m_cb                                     0x20001050   Data          72  nrf_drv_gpiote.o(.bss)
    .bss                                     0x20001098   Section       12  nrf_drv_timer.o(.bss)
    m_cb                                     0x20001098   Data          12  nrf_drv_timer.o(.bss)
    .bss                                     0x200010a4   Section       28  nrf_drv_uart.o(.bss)
    m_cb                                     0x200010a4   Data          28  nrf_drv_uart.o(.bss)
    .bss                                     0x200010c0   Section       32  app_uart_fifo.o(.bss)
    m_rx_fifo                                0x200010c0   Data          16  app_uart_fifo.o(.bss)
    m_tx_fifo                                0x200010d0   Data          16  app_uart_fifo.o(.bss)
    .bss                                     0x200010e0   Section      818  nrf_esb.o(.bss)
    m_config_local                           0x200010e0   Data          24  nrf_esb.o(.bss)
    m_tx_fifo_payload                        0x200010f8   Data         296  nrf_esb.o(.bss)
    m_tx_fifo                                0x20001220   Data          44  nrf_esb.o(.bss)
    m_rx_fifo_payload                        0x2000124c   Data         296  nrf_esb.o(.bss)
    m_rx_fifo                                0x20001374   Data          44  nrf_esb.o(.bss)
    m_tx_payload_buffer                      0x200013a0   Data          34  nrf_esb.o(.bss)
    m_rx_payload_buffer                      0x200013c2   Data          34  nrf_esb.o(.bss)
    m_pids                                   0x200013e4   Data           9  nrf_esb.o(.bss)
    m_rx_pipe_info                           0x200013ee   Data          36  nrf_esb.o(.bss)
    .bss                                     0x20001414   Section       16  queue.o(.bss)
    .bss                                     0x20001424   Section      500  tasks.o(.bss)
    pxReadyTasksLists                        0x20001424   Data         400  tasks.o(.bss)
    xDelayedTaskList1                        0x200015b4   Data          20  tasks.o(.bss)
    xDelayedTaskList2                        0x200015c8   Data          20  tasks.o(.bss)
    xPendingReadyList                        0x200015dc   Data          20  tasks.o(.bss)
    xTasksWaitingTermination                 0x200015f0   Data          20  tasks.o(.bss)
    xSuspendedTaskList                       0x20001604   Data          20  tasks.o(.bss)
    .bss                                     0x20001618   Section       40  timers.o(.bss)
    xActiveTimerList1                        0x20001618   Data          20  timers.o(.bss)
    xActiveTimerList2                        0x2000162c   Data          20  timers.o(.bss)
    .bss                                     0x20001640   Section     4096  heap_1.o(.bss)
    ucHeap                                   0x20001640   Data        4096  heap_1.o(.bss)
    .bss                                     0x20002640   Section       44  localtime_w.o(.bss)
    _tms                                     0x20002640   Data          44  localtime_w.o(.bss)
    STACK                                    0x20002670   Section     2048  arm_startup_nrf51.o(STACK)

    Global Symbols

    Symbol Name                              Value     Ov Type        Size  Object(Section)

    BuildAttributes$$THM_ISAv3M$S$PE$A:L22$X:L11$S22$IEEE1$IW$USESV6$~STKCKD$USESV7$~SHL$OTIME$ROPI$EBA8$MICROLIB$REQ8$PRES8$EABIv2 0x00000000   Number         0  anon$$obj.o ABSOLUTE
    __ARM_use_no_argv                        0x00000000   Number         0  main.o ABSOLUTE
    __Vectors                                0x00000000   Data           4  arm_startup_nrf51.o(RESET)
    _printf_a                                0x00000000   Number         0  stubs.o ABSOLUTE
    _printf_c                                0x00000000   Number         0  stubs.o ABSOLUTE
    _printf_charcount                        0x00000000   Number         0  stubs.o ABSOLUTE
    _printf_d                                0x00000000   Number         0  stubs.o ABSOLUTE
    _printf_e                                0x00000000   Number         0  stubs.o ABSOLUTE
    _printf_f                                0x00000000   Number         0  stubs.o ABSOLUTE
    _printf_flags                            0x00000000   Number         0  stubs.o ABSOLUTE
    _printf_fp_dec                           0x00000000   Number         0  stubs.o ABSOLUTE
    _printf_fp_hex                           0x00000000   Number         0  stubs.o ABSOLUTE
    _printf_g                                0x00000000   Number         0  stubs.o ABSOLUTE
    _printf_i                                0x00000000   Number         0  stubs.o ABSOLUTE
    _printf_int_dec                          0x00000000   Number         0  stubs.o ABSOLUTE
    _printf_l                                0x00000000   Number         0  stubs.o ABSOLUTE
    _printf_lc                               0x00000000   Number         0  stubs.o ABSOLUTE
    _printf_ll                               0x00000000   Number         0  stubs.o ABSOLUTE
    _printf_lld                              0x00000000   Number         0  stubs.o ABSOLUTE
    _printf_lli                              0x00000000   Number         0  stubs.o ABSOLUTE
    _printf_llo                              0x00000000   Number         0  stubs.o ABSOLUTE
    _printf_llu                              0x00000000   Number         0  stubs.o ABSOLUTE
    _printf_llx                              0x00000000   Number         0  stubs.o ABSOLUTE
    _printf_longlong_dec                     0x00000000   Number         0  stubs.o ABSOLUTE
    _printf_longlong_hex                     0x00000000   Number         0  stubs.o ABSOLUTE
    _printf_longlong_oct                     0x00000000   Number         0  stubs.o ABSOLUTE
    _printf_ls                               0x00000000   Number         0  stubs.o ABSOLUTE
    _printf_mbtowc                           0x00000000   Number         0  stubs.o ABSOLUTE
    _printf_n                                0x00000000   Number         0  stubs.o ABSOLUTE
    _printf_o                                0x00000000   Number         0  stubs.o ABSOLUTE
    _printf_p                                0x00000000   Number         0  stubs.o ABSOLUTE
    _printf_percent                          0x00000000   Number         0  stubs.o ABSOLUTE
    _printf_pre_padding                      0x00000000   Number         0  stubs.o ABSOLUTE
    _printf_return_value                     0x00000000   Number         0  stubs.o ABSOLUTE
    _printf_s                                0x00000000   Number         0  stubs.o ABSOLUTE
    _printf_sizespec                         0x00000000   Number         0  stubs.o ABSOLUTE
    _printf_str                              0x00000000   Number         0  stubs.o ABSOLUTE
    _printf_truncate_signed                  0x00000000   Number         0  stubs.o ABSOLUTE
    _printf_truncate_unsigned                0x00000000   Number         0  stubs.o ABSOLUTE
    _printf_u                                0x00000000   Number         0  stubs.o ABSOLUTE
    _printf_wc                               0x00000000   Number         0  stubs.o ABSOLUTE
    _printf_wctomb                           0x00000000   Number         0  stubs.o ABSOLUTE
    _printf_widthprec                        0x00000000   Number         0  stubs.o ABSOLUTE
    _printf_x                                0x00000000   Number         0  stubs.o ABSOLUTE
    __cpp_initialize__aeabi_                  - Undefined Weak Reference
    __cxa_finalize                            - Undefined Weak Reference
    _clock_init                               - Undefined Weak Reference
    _microlib_exit                            - Undefined Weak Reference
    __Vectors_End                            0x000000c0   Data           0  arm_startup_nrf51.o(RESET)
    __Vectors_Size                           0x000000c0   Number         0  arm_startup_nrf51.o ABSOLUTE
    __main                                   0x000000c1   Thumb Code     0  entry.o(.ARM.Collect$$$$00000000)
    _main_stk                                0x000000c1   Thumb Code     0  entry2.o(.ARM.Collect$$$$00000001)
    _main_scatterload                        0x000000c5   Thumb Code     0  entry5.o(.ARM.Collect$$$$00000004)
    __main_after_scatterload                 0x000000c9   Thumb Code     0  entry5.o(.ARM.Collect$$$$00000004)
    _main_clock                              0x000000c9   Thumb Code     0  entry7b.o(.ARM.Collect$$$$00000008)
    _main_cpp_init                           0x000000c9   Thumb Code     0  entry8b.o(.ARM.Collect$$$$0000000A)
    _main_init                               0x000000c9   Thumb Code     0  entry9a.o(.ARM.Collect$$$$0000000B)
    __rt_final_cpp                           0x000000d1   Thumb Code     0  entry10a.o(.ARM.Collect$$$$0000000D)
    __rt_final_exit                          0x000000d1   Thumb Code     0  entry11a.o(.ARM.Collect$$$$0000000F)
    SVC_Handler                              0x000000d5   Thumb Code     0  port.o(.emb_text)
    vPortStartFirstTask                      0x000000d5   Thumb Code    36  port.o(.emb_text)
    PendSV_Handler                           0x00000101   Thumb Code    60  port.o(.emb_text)
    Reset_Handler                            0x00000141   Thumb Code    26  arm_startup_nrf51.o(.text)
    NMI_Handler                              0x0000015b   Thumb Code     2  arm_startup_nrf51.o(.text)
    HardFault_Handler                        0x0000015d   Thumb Code     2  arm_startup_nrf51.o(.text)
    SysTick_Handler                          0x00000163   Thumb Code     2  arm_startup_nrf51.o(.text)
    CCM_AAR_IRQHandler                       0x00000165   Thumb Code     0  arm_startup_nrf51.o(.text)
    ECB_IRQHandler                           0x00000165   Thumb Code     0  arm_startup_nrf51.o(.text)
    LPCOMP_IRQHandler                        0x00000165   Thumb Code     0  arm_startup_nrf51.o(.text)
    QDEC_IRQHandler                          0x00000165   Thumb Code     0  arm_startup_nrf51.o(.text)
    RNG_IRQHandler                           0x00000165   Thumb Code     0  arm_startup_nrf51.o(.text)
    SPI0_TWI0_IRQHandler                     0x00000165   Thumb Code     0  arm_startup_nrf51.o(.text)
    SPI1_TWI1_IRQHandler                     0x00000165   Thumb Code     0  arm_startup_nrf51.o(.text)
    SWI1_IRQHandler                          0x00000165   Thumb Code     0  arm_startup_nrf51.o(.text)
    SWI2_IRQHandler                          0x00000165   Thumb Code     0  arm_startup_nrf51.o(.text)
    SWI3_IRQHandler                          0x00000165   Thumb Code     0  arm_startup_nrf51.o(.text)
    SWI4_IRQHandler                          0x00000165   Thumb Code     0  arm_startup_nrf51.o(.text)
    SWI5_IRQHandler                          0x00000165   Thumb Code     0  arm_startup_nrf51.o(.text)
    TEMP_IRQHandler                          0x00000165   Thumb Code     0  arm_startup_nrf51.o(.text)
    TIMER1_IRQHandler                        0x00000165   Thumb Code     0  arm_startup_nrf51.o(.text)
    TIMER2_IRQHandler                        0x00000165   Thumb Code     0  arm_startup_nrf51.o(.text)
    WDT_IRQHandler                           0x00000165   Thumb Code     0  arm_startup_nrf51.o(.text)
    __aeabi_uidiv                            0x00000179   Thumb Code     0  uidiv.o(.text)
    __aeabi_uidivmod                         0x00000179   Thumb Code    44  uidiv.o(.text)
    __aeabi_idiv                             0x000001a5   Thumb Code     0  idiv.o(.text)
    __aeabi_idivmod                          0x000001a5   Thumb Code    40  idiv.o(.text)
    localtime                                0x000001cd   Thumb Code    10  localtime_w.o(.text)
    _localtime                               0x000001dd   Thumb Code     0  localtime_r.o(.text)
    localtime_r                              0x000001dd   Thumb Code   104  localtime_r.o(.text)
    mktime                                   0x00000251   Thumb Code   124  mktime.o(.text)
    __aeabi_memcpy                           0x000002dd   Thumb Code    36  memcpya.o(.text)
    __aeabi_memcpy4                          0x000002dd   Thumb Code     0  memcpya.o(.text)
    __aeabi_memcpy8                          0x000002dd   Thumb Code     0  memcpya.o(.text)
    __aeabi_memset                           0x00000301   Thumb Code    14  memseta.o(.text)
    __aeabi_memset4                          0x00000301   Thumb Code     0  memseta.o(.text)
    __aeabi_memset8                          0x00000301   Thumb Code     0  memseta.o(.text)
    __aeabi_memclr                           0x0000030f   Thumb Code     4  memseta.o(.text)
    __aeabi_memclr4                          0x0000030f   Thumb Code     0  memseta.o(.text)
    __aeabi_memclr8                          0x0000030f   Thumb Code     0  memseta.o(.text)
    _memset$wrapper                          0x00000313   Thumb Code    18  memseta.o(.text)
    strlen                                   0x00000325   Thumb Code    14  strlen.o(.text)
    __aeabi_fadd                             0x00000333   Thumb Code   162  fadd.o(.text)
    __aeabi_fsub                             0x000003d5   Thumb Code     8  fadd.o(.text)
    __aeabi_frsub                            0x000003dd   Thumb Code     8  fadd.o(.text)
    __aeabi_fmul                             0x000003e5   Thumb Code   122  fmul.o(.text)
    __aeabi_fdiv                             0x0000045f   Thumb Code   124  fdiv.o(.text)
    __ARM_scalbnf                            0x000004db   Thumb Code    24  fscalb.o(.text)
    scalbnf                                  0x000004db   Thumb Code     0  fscalb.o(.text)
    __aeabi_dadd                             0x000004f5   Thumb Code   328  dadd.o(.text)
    __aeabi_dsub                             0x0000063d   Thumb Code    12  dadd.o(.text)
    __aeabi_drsub                            0x00000649   Thumb Code    12  dadd.o(.text)
    __aeabi_dmul                             0x00000659   Thumb Code   202  dmul.o(.text)
    __aeabi_ddiv                             0x00000729   Thumb Code   234  ddiv.o(.text)
    __ARM_scalbn                             0x00000819   Thumb Code    44  dscalb.o(.text)
    scalbn                                   0x00000819   Thumb Code     0  dscalb.o(.text)
    __aeabi_i2f                              0x00000845   Thumb Code    22  fflti.o(.text)
    __aeabi_i2d                              0x0000085d   Thumb Code    34  dflti.o(.text)
    __aeabi_f2iz                             0x00000885   Thumb Code    50  ffixi.o(.text)
    __aeabi_f2d                              0x000008b7   Thumb Code    40  f2d.o(.text)
    __aeabi_cdcmpeq                          0x000008e1   Thumb Code     0  cdcmple.o(.text)
    __aeabi_cdcmple                          0x000008e1   Thumb Code    38  cdcmple.o(.text)
    __aeabi_cdrcmple                         0x00000909   Thumb Code    38  cdrcmple.o(.text)
    __aeabi_cfcmpeq                          0x00000931   Thumb Code     0  cfcmple.o(.text)
    __aeabi_cfcmple                          0x00000931   Thumb Code    20  cfcmple.o(.text)
    __aeabi_cfrcmple                         0x00000945   Thumb Code    20  cfrcmple.o(.text)
    __aeabi_uldivmod                         0x00000959   Thumb Code    96  uldiv.o(.text)
    __aeabi_llsl                             0x000009b9   Thumb Code    32  llshl.o(.text)
    _ll_shift_l                              0x000009b9   Thumb Code     0  llshl.o(.text)
    __aeabi_lasr                             0x000009d9   Thumb Code    38  llsshr.o(.text)
    _ll_sshift_r                             0x000009d9   Thumb Code     0  llsshr.o(.text)
    __I$use$fp                               0x000009ff   Thumb Code     0  iusefp.o(.text)
    _float_round                             0x000009ff   Thumb Code    16  fepilogue.o(.text)
    _float_epilogue                          0x00000a0f   Thumb Code   114  fepilogue.o(.text)
    _double_round                            0x00000a81   Thumb Code    26  depilogue.o(.text)
    _double_epilogue                         0x00000a9b   Thumb Code   164  depilogue.o(.text)
    __aeabi_d2ulz                            0x00000b41   Thumb Code    54  dfixul.o(.text)
    __scatterload                            0x00000b81   Thumb Code    28  init.o(.text)
    __scatterload_rt2                        0x00000b81   Thumb Code     0  init.o(.text)
    __aeabi_llsr                             0x00000ba5   Thumb Code    34  llushr.o(.text)
    _ll_ushift_r                             0x00000ba5   Thumb Code     0  llushr.o(.text)
    __decompress                             0x00000bc7   Thumb Code     0  __dczerorl2.o(.text)
    __decompress1                            0x00000bc7   Thumb Code    86  __dczerorl2.o(.text)
    ADC_Configuration                        0x00000c1d   Thumb Code    32  uctsk_ad.o(i.ADC_Configuration)
    ADC_IRQHandler                           0x00000c49   Thumb Code    78  nrf_drv_adc.o(i.ADC_IRQHandler)
    App_ADTaskCreate                         0x00000ca9   Thumb Code    30  uctsk_ad.o(i.App_ADTaskCreate)
    App_DebugTaskCreate                      0x00000cdd   Thumb Code    30  uctsk_debug.o(i.App_DebugTaskCreate)
    BspLed_Init                              0x00000d79   Thumb Code    60  bsp_led.o(i.BspLed_Init)
    BspRtc_1000ms                            0x00000db5   Thumb Code   110  bsp_rtc.o(i.BspRtc_1000ms)
    BspRtc_DebugTestOnOff                    0x00000e99   Thumb Code     2  bsp_rtc.o(i.BspRtc_DebugTestOnOff)
    BspRtc_Init                              0x00000e9d   Thumb Code    62  bsp_rtc.o(i.BspRtc_Init)
    BspRtc_ReadRealTime                      0x00000ee5   Thumb Code   118  bsp_rtc.o(i.BspRtc_ReadRealTime)
    BspRtc_SetRealTime                       0x00000f61   Thumb Code   130  bsp_rtc.o(i.BspRtc_SetRealTime)
    Bsp_NrfRfEsb_Test                        0x00000fe9   Thumb Code    28  bsp_nrfrfesb.o(i.Bsp_NrfRfEsb_Test)
    Count_DebugTestOnOff                     0x00001051   Thumb Code   126  count.o(i.Count_DebugTestOnOff)
    Count_DichotomyEquation                  0x00001125   Thumb Code   160  count.o(i.Count_DichotomyEquation)
    Count_NewtonRaphson                      0x00001501   Thumb Code   154  count.o(i.Count_NewtonRaphson)
    Count_Spline3                            0x000017bd   Thumb Code  1084  count.o(i.Count_Spline3)
    Count_TimeTypeConvert                    0x00001d21   Thumb Code   214  count.o(i.Count_TimeTypeConvert)
    Count_Time_ConvCalendarToUnix            0x00001df9   Thumb Code    26  count.o(i.Count_Time_ConvCalendarToUnix)
    Count_Time_ConvUnixToCalendar            0x00001e19   Thumb Code    30  count.o(i.Count_Time_ConvUnixToCalendar)
    DebugInit                                0x00001e3d   Thumb Code    66  uctsk_debug.o(i.DebugInit)
    DebugOut                                 0x00001e91   Thumb Code    86  uctsk_debug.o(i.DebugOut)
    DebugOutStr                              0x00001eed   Thumb Code    18  uctsk_debug.o(i.DebugOutStr)
    Debug_InterruptRx                        0x00002179   Thumb Code   212  uctsk_debug.o(i.Debug_InterruptRx)
    GPIOTE_IRQHandler                        0x00002255   Thumb Code   364  nrf_drv_gpiote.o(i.GPIOTE_IRQHandler)
    MemManager_Free                          0x000023cd   Thumb Code   108  memmanager.o(i.MemManager_Free)
    MemManager_Get                           0x00002445   Thumb Code   152  memmanager.o(i.MemManager_Get)
    Module_OS_Info_DebugTestOnOff            0x000024f9   Thumb Code    62  module_os.o(i.Module_OS_Info_DebugTestOnOff)
    POWER_CLOCK_IRQHandler                   0x000025bd   Thumb Code    70  nrf_drv_clock.o(i.POWER_CLOCK_IRQHandler)
    RADIO_IRQHandler                         0x00002611   Thumb Code    70  nrf_esb.o(i.RADIO_IRQHandler)
    RTC0_IRQHandler                          0x00002665   Thumb Code    14  nrf_drv_rtc.o(i.RTC0_IRQHandler)
    RTC1_IRQHandler                          0x00002679   Thumb Code    70  port_cmsis_systick.o(i.RTC1_IRQHandler)
    SWI0_IRQHandler                          0x000026c9   Thumb Code    82  nrf_esb.o(i.SWI0_IRQHandler)
    SystemInit                               0x00002721   Thumb Code   130  system_nrf51.o(i.SystemInit)
    TIMER0_IRQHandler                        0x000027c1   Thumb Code    60  nrf_drv_timer.o(i.TIMER0_IRQHandler)
    UART0_IRQHandler                         0x00002851   Thumb Code    12  nrf_drv_uart.o(i.UART0_IRQHandler)
    __0sprintf                               0x00002865   Thumb Code    36  printfa.o(i.__0sprintf)
    __1sprintf                               0x00002865   Thumb Code     0  printfa.o(i.__0sprintf)
    __2sprintf                               0x00002865   Thumb Code     0  printfa.o(i.__0sprintf)
    __c89sprintf                             0x00002865   Thumb Code     0  printfa.o(i.__0sprintf)
    sprintf                                  0x00002865   Thumb Code     0  printfa.o(i.__0sprintf)
    __ARM_clz                                0x0000288d   Thumb Code    46  depilogue.o(i.__ARM_clz)
    __ARM_common_switch8                     0x000028bb   Thumb Code    26  bsp.o(i.__ARM_common_switch8)
    __scatterload_copy                       0x000028d5   Thumb Code    14  handlers.o(i.__scatterload_copy)
    __scatterload_null                       0x000028e3   Thumb Code     2  handlers.o(i.__scatterload_null)
    __scatterload_zeroinit                   0x000028e5   Thumb Code    14  handlers.o(i.__scatterload_zeroinit)
    app_error_fault_handler                  0x00003229   Thumb Code    18  app_error_weak.o(i.app_error_fault_handler)
    app_error_handler_bare                   0x00003245   Thumb Code    20  app_error.o(i.app_error_handler_bare)
    app_fifo_get                             0x0000325d   Thumb Code    22  app_fifo.o(i.app_fifo_get)
    app_fifo_init                            0x00003273   Thumb Code    36  app_fifo.o(i.app_fifo_init)
    app_fifo_put                             0x00003297   Thumb Code    26  app_fifo.o(i.app_fifo_put)
    app_uart_get                             0x000032b1   Thumb Code    46  app_uart_fifo.o(i.app_uart_get)
    app_uart_init                            0x000032e9   Thumb Code   160  app_uart_fifo.o(i.app_uart_init)
    app_uart_put                             0x00003399   Thumb Code    56  app_uart_fifo.o(i.app_uart_put)
    app_util_critical_region_enter           0x000033d9   Thumb Code     8  app_util_platform.o(i.app_util_critical_region_enter)
    app_util_critical_region_exit            0x000033e1   Thumb Code     8  app_util_platform.o(i.app_util_critical_region_exit)
    app_util_disable_irq                     0x000033e9   Thumb Code    12  app_util_platform.o(i.app_util_disable_irq)
    app_util_enable_irq                      0x000033f9   Thumb Code    14  app_util_platform.o(i.app_util_enable_irq)
    clocks_start                             0x00003591   Thumb Code    20  bsp_nrfrfesb.o(i.clocks_start)
    eTaskConfirmSleepModeStatus              0x000035a9   Thumb Code    40  tasks.o(i.eTaskConfirmSleepModeStatus)
    main                                     0x000036dd   Thumb Code    38  main.o(i.main)
    nrf_drv_adc_buffer_convert               0x00003751   Thumb Code    84  nrf_drv_adc.o(i.nrf_drv_adc_buffer_convert)
    nrf_drv_adc_channel_enable               0x000037b5   Thumb Code    28  nrf_drv_adc.o(i.nrf_drv_adc_channel_enable)
    nrf_drv_adc_init                         0x000037d5   Thumb Code    50  nrf_drv_adc.o(i.nrf_drv_adc_init)
    nrf_drv_adc_sample                       0x00003815   Thumb Code     8  nrf_drv_adc.o(i.nrf_drv_adc_sample)
    nrf_drv_clock_init                       0x00003821   Thumb Code    52  nrf_drv_clock.o(i.nrf_drv_clock_init)
    nrf_drv_clock_lfclk_request              0x00003861   Thumb Code    88  nrf_drv_clock.o(i.nrf_drv_clock_lfclk_request)
    nrf_drv_common_irq_enable                0x000038c5   Thumb Code    78  nrf_drv_common.o(i.nrf_drv_common_irq_enable)
    nrf_drv_rtc_cc_set                       0x00003925   Thumb Code   138  nrf_drv_rtc.o(i.nrf_drv_rtc_cc_set)
    nrf_drv_rtc_enable                       0x000039b9   Thumb Code    20  nrf_drv_rtc.o(i.nrf_drv_rtc_enable)
    nrf_drv_rtc_init                         0x000039d1   Thumb Code   102  nrf_drv_rtc.o(i.nrf_drv_rtc_init)
    nrf_drv_rtc_tick_enable                  0x00003ad9   Thumb Code    36  nrf_drv_rtc.o(i.nrf_drv_rtc_tick_enable)
    nrf_drv_timer_compare                    0x00003afd   Thumb Code    42  nrf_drv_timer.o(i.nrf_drv_timer_compare)
    nrf_drv_timer_enable                     0x00003b29   Thumb Code    22  nrf_drv_timer.o(i.nrf_drv_timer_enable)
    nrf_drv_timer_extended_compare           0x00003b45   Thumb Code    46  nrf_drv_timer.o(i.nrf_drv_timer_extended_compare)
    nrf_drv_timer_init                       0x00003b75   Thumb Code   150  nrf_drv_timer.o(i.nrf_drv_timer_init)
    nrf_drv_uart_init                        0x00003c11   Thumb Code   118  nrf_drv_uart.o(i.nrf_drv_uart_init)
    nrf_drv_uart_rx                          0x00003c91   Thumb Code    86  nrf_drv_uart.o(i.nrf_drv_uart_rx)
    nrf_drv_uart_rx_enable                   0x00003ced   Thumb Code    40  nrf_drv_uart.o(i.nrf_drv_uart_rx_enable)
    nrf_drv_uart_tx                          0x00003dc1   Thumb Code    46  nrf_drv_uart.o(i.nrf_drv_uart_tx)
    nrf_drv_uart_tx_in_progress              0x00003e81   Thumb Code    20  nrf_drv_uart.o(i.nrf_drv_uart_tx_in_progress)
    nrf_esb_disable                          0x00003e99   Thumb Code    54  nrf_esb.o(i.nrf_esb_disable)
    nrf_esb_event_handler                    0x00003ee1   Thumb Code    74  bsp_nrfrfesb.o(i.nrf_esb_event_handler)
    nrf_esb_init                             0x00003f35   Thumb Code   220  nrf_esb.o(i.nrf_esb_init)
    nrf_esb_read_rx_payload                  0x0000403d   Thumb Code   110  nrf_esb.o(i.nrf_esb_read_rx_payload)
    nrf_esb_set_base_address_0               0x000040b5   Thumb Code    44  nrf_esb.o(i.nrf_esb_set_base_address_0)
    nrf_esb_set_prefixes                     0x000040e5   Thumb Code    70  nrf_esb.o(i.nrf_esb_set_prefixes)
    nrf_esb_set_rf_channel                   0x00004131   Thumb Code    30  nrf_esb.o(i.nrf_esb_set_rf_channel)
    nrf_esb_write_payload                    0x00004155   Thumb Code   182  nrf_esb.o(i.nrf_esb_write_payload)
    pvPortMalloc                             0x0000497d   Thumb Code    68  heap_1.o(i.pvPortMalloc)
    pvTaskIncrementMutexHeldCount            0x000049cd   Thumb Code    20  tasks.o(i.pvTaskIncrementMutexHeldCount)
    pxPortInitialiseStack                    0x000049e5   Thumb Code    28  port_cmsis.o(i.pxPortInitialiseStack)
    timer_init                               0x00004c4d   Thumb Code    74  bsp_nrfrfesb.o(i.timer_init)
    timer_led_event_handler                  0x00004ca5   Thumb Code    38  bsp_nrfrfesb.o(i.timer_led_event_handler)
    uart_error_handle                        0x00004d39   Thumb Code    20  uctsk_debug.o(i.uart_error_handle)
    uxListRemove                             0x000050a5   Thumb Code    36  list.o(i.uxListRemove)
    vListInitialise                          0x000050c9   Thumb Code    22  list.o(i.vListInitialise)
    vListInitialiseItem                      0x000050df   Thumb Code     6  list.o(i.vListInitialiseItem)
    vListInsert                              0x000050e5   Thumb Code    48  list.o(i.vListInsert)
    vListInsertEnd                           0x00005115   Thumb Code    24  list.o(i.vListInsertEnd)
    vPortEnterCritical                       0x0000512d   Thumb Code    12  port_cmsis.o(i.vPortEnterCritical)
    vPortExitCritical                        0x0000513d   Thumb Code    14  port_cmsis.o(i.vPortExitCritical)
    vPortFree                                0x00005151   Thumb Code     2  heap_1.o(i.vPortFree)
    vPortSafeTaskSwitchContext               0x00005163   Thumb Code    44  port_cmsis.o(i.vPortSafeTaskSwitchContext)
    vPortSetupTimerInterrupt                 0x00005191   Thumb Code    54  port_cmsis_systick.o(i.vPortSetupTimerInterrupt)
    vPortSuppressTicksAndSleep               0x000051dd   Thumb Code   116  port_cmsis_systick.o(i.vPortSuppressTicksAndSleep)
    vPortTaskYield                           0x00005265   Thumb Code    20  port_cmsis.o(i.vPortTaskYield)
    vQueueAddToRegistry                      0x0000527d   Thumb Code    32  queue.o(i.vQueueAddToRegistry)
    vQueueWaitForMessageRestricted           0x000052a1   Thumb Code    60  queue.o(i.vQueueWaitForMessageRestricted)
    vTaskDelay                               0x000052dd   Thumb Code    44  tasks.o(i.vTaskDelay)
    vTaskMissedYield                         0x0000530d   Thumb Code     8  tasks.o(i.vTaskMissedYield)
    vTaskPlaceOnEventList                    0x00005319   Thumb Code    48  tasks.o(i.vTaskPlaceOnEventList)
    vTaskPlaceOnEventListRestricted          0x00005351   Thumb Code    50  tasks.o(i.vTaskPlaceOnEventListRestricted)
    vTaskPriorityInherit                     0x0000538d   Thumb Code    92  tasks.o(i.vTaskPriorityInherit)
    vTaskSetTimeOutState                     0x000053f1   Thumb Code    12  tasks.o(i.vTaskSetTimeOutState)
    vTaskStartScheduler                      0x00005401   Thumb Code    62  tasks.o(i.vTaskStartScheduler)
    vTaskStepTick                            0x00005451   Thumb Code    10  tasks.o(i.vTaskStepTick)
    vTaskSuspendAll                          0x00005461   Thumb Code    10  tasks.o(i.vTaskSuspendAll)
    vTaskSwitchContext                       0x00005471   Thumb Code    68  tasks.o(i.vTaskSwitchContext)
    xPortStartScheduler                      0x000054bd   Thumb Code    46  port_cmsis.o(i.xPortStartScheduler)
    xQueueGenericCreate                      0x000054f5   Thumb Code    62  queue.o(i.xQueueGenericCreate)
    xQueueGenericReceive                     0x00005533   Thumb Code   272  queue.o(i.xQueueGenericReceive)
    xQueueGenericReset                       0x00005643   Thumb Code    98  queue.o(i.xQueueGenericReset)
    xQueueGenericSend                        0x000056a5   Thumb Code   222  queue.o(i.xQueueGenericSend)
    xQueueGenericSendFromISR                 0x00005783   Thumb Code    96  queue.o(i.xQueueGenericSendFromISR)
    xTaskCheckForTimeOut                     0x000057e5   Thumb Code    66  tasks.o(i.xTaskCheckForTimeOut)
    xTaskGenericCreate                       0x0000582d   Thumb Code   336  tasks.o(i.xTaskGenericCreate)
    xTaskGetSchedulerState                   0x00005989   Thumb Code    26  tasks.o(i.xTaskGetSchedulerState)
    xTaskGetTickCount                        0x000059a9   Thumb Code     6  tasks.o(i.xTaskGetTickCount)
    xTaskIncrementTick                       0x000059b5   Thumb Code   154  tasks.o(i.xTaskIncrementTick)
    xTaskPriorityDisinherit                  0x00005a59   Thumb Code    76  tasks.o(i.xTaskPriorityDisinherit)
    xTaskRemoveFromEventList                 0x00005aad   Thumb Code    86  tasks.o(i.xTaskRemoveFromEventList)
    xTaskResumeAll                           0x00005b11   Thumb Code   146  tasks.o(i.xTaskResumeAll)
    xTimerCreateTimerTask                    0x00005bb1   Thumb Code    52  timers.o(i.xTimerCreateTimerTask)
    xTimerGenericCommand                     0x00005bf5   Thumb Code    72  timers.o(i.xTimerGenericCommand)
    Debug_MenuTab                            0x00005c40   Data          48  uctsk_debug.o(.constdata)
    rtc                                      0x00005ce4   Data           8  bsp_rtc.o(.constdata)
    Region$$Table$$Base                      0x00005d90   Number         0  anon$$obj.o(Region$$Table)
    Region$$Table$$Limit                     0x00005db0   Number         0  anon$$obj.o(Region$$Table)
    DebugRx                                  0x20000019   Data           5  uctsk_debug.o(.data)
    ADC_Vbat_mV                              0x20000022   Data           2  uctsk_ad.o(.data)
    Weight                                   0x20000038   Data          28  count.o(.data)
    Value                                    0x20000054   Data          28  count.o(.data)
    MemManager_Mem_256B_Num                  0x20000071   Data           1  memmanager.o(.data)
    MemManager_Mem_256B_MaxNum               0x20000072   Data           1  memmanager.o(.data)
    MemManager_Mem_1KB_Num                   0x20000073   Data           1  memmanager.o(.data)
    MemManager_Mem_1KB_MaxNum                0x20000074   Data           1  memmanager.o(.data)
    BspRtc_Err                               0x20000084   Data           1  bsp_rtc.o(.data)
    BspRtc_CurrentTimeBuf                    0x200000a8   Data           6  bsp_rtc.o(.data)
    pxCurrentTCB                             0x20000148   Data           4  tasks.o(.data)
    SystemCoreClock                          0x200001a4   Data           4  system_nrf51.o(.data)
    CurrentDate                              0x20000fbc   Data          44  bsp_rtc.o(.bss)
    rx_payload                               0x20001000   Data          37  bsp_nrfrfesb.o(.bss)
    xQueueRegistry                           0x20001414   Data          16  queue.o(.bss)
    __initial_sp                             0x20002e70   Data           0  arm_startup_nrf51.o(STACK)



==============================================================================

Memory Map of the image

  Image Entry point : 0x000000c1

  Load Region LR_IROM1 (Base: 0x00000000, Size: 0x00005f58, Max: 0x00040000, ABSOLUTE, COMPRESSED[0x00005e10])

    Execution Region ER_IROM1 (Base: 0x00000000, Size: 0x00005db0, Max: 0x00040000, ABSOLUTE)

    Base Addr    Size         Type   Attr      Idx    E Section Name        Object

    0x00000000   0x000000c0   Data   RO         4288    RESET               arm_startup_nrf51.o
    0x000000c0   0x00000000   Code   RO         4330  * .ARM.Collect$$$$00000000  mc_p.l(entry.o)
    0x000000c0   0x00000004   Code   RO         4659    .ARM.Collect$$$$00000001  mc_p.l(entry2.o)
    0x000000c4   0x00000004   Code   RO         4662    .ARM.Collect$$$$00000004  mc_p.l(entry5.o)
    0x000000c8   0x00000000   Code   RO         4664    .ARM.Collect$$$$00000008  mc_p.l(entry7b.o)
    0x000000c8   0x00000000   Code   RO         4666    .ARM.Collect$$$$0000000A  mc_p.l(entry8b.o)
    0x000000c8   0x00000008   Code   RO         4667    .ARM.Collect$$$$0000000B  mc_p.l(entry9a.o)
    0x000000d0   0x00000000   Code   RO         4669    .ARM.Collect$$$$0000000D  mc_p.l(entry10a.o)
    0x000000d0   0x00000000   Code   RO         4671    .ARM.Collect$$$$0000000F  mc_p.l(entry11a.o)
    0x000000d0   0x00000004   Code   RO         4660    .ARM.Collect$$$$00002712  mc_p.l(entry2.o)
    0x000000d4   0x0000006c   Code   RO         4000    .emb_text           port.o
    0x00000140   0x00000038   Code   RO         4289    .text               arm_startup_nrf51.o
    0x00000178   0x0000002c   Code   RO         4333    .text               mc_p.l(uidiv.o)
    0x000001a4   0x00000028   Code   RO         4335    .text               mc_p.l(idiv.o)
    0x000001cc   0x00000010   Code   RO         4341    .text               mc_p.l(localtime_w.o)
    0x000001dc   0x00000074   Code   RO         4344    .text               mc_p.l(localtime_r.o)
    0x00000250   0x0000008c   Code   RO         4347    .text               mc_p.l(mktime.o)
    0x000002dc   0x00000024   Code   RO         4350    .text               mc_p.l(memcpya.o)
    0x00000300   0x00000024   Code   RO         4352    .text               mc_p.l(memseta.o)
    0x00000324   0x0000000e   Code   RO         4354    .text               mc_p.l(strlen.o)
    0x00000332   0x000000b2   Code   RO         4621    .text               mf_p.l(fadd.o)
    0x000003e4   0x0000007a   Code   RO         4623    .text               mf_p.l(fmul.o)
    0x0000045e   0x0000007c   Code   RO         4625    .text               mf_p.l(fdiv.o)
    0x000004da   0x00000018   Code   RO         4627    .text               mf_p.l(fscalb.o)
    0x000004f2   0x00000002   PAD
    0x000004f4   0x00000164   Code   RO         4629    .text               mf_p.l(dadd.o)
    0x00000658   0x000000d0   Code   RO         4631    .text               mf_p.l(dmul.o)
    0x00000728   0x000000f0   Code   RO         4633    .text               mf_p.l(ddiv.o)
    0x00000818   0x0000002c   Code   RO         4635    .text               mf_p.l(dscalb.o)
    0x00000844   0x00000016   Code   RO         4637    .text               mf_p.l(fflti.o)
    0x0000085a   0x00000002   PAD
    0x0000085c   0x00000028   Code   RO         4639    .text               mf_p.l(dflti.o)
    0x00000884   0x00000032   Code   RO         4643    .text               mf_p.l(ffixi.o)
    0x000008b6   0x00000028   Code   RO         4647    .text               mf_p.l(f2d.o)
    0x000008de   0x00000002   PAD
    0x000008e0   0x00000028   Code   RO         4649    .text               mf_p.l(cdcmple.o)
    0x00000908   0x00000028   Code   RO         4651    .text               mf_p.l(cdrcmple.o)
    0x00000930   0x00000014   Code   RO         4655    .text               mf_p.l(cfcmple.o)
    0x00000944   0x00000014   Code   RO         4657    .text               mf_p.l(cfrcmple.o)
    0x00000958   0x00000060   Code   RO         4673    .text               mc_p.l(uldiv.o)
    0x000009b8   0x00000020   Code   RO         4675    .text               mc_p.l(llshl.o)
    0x000009d8   0x00000026   Code   RO         4677    .text               mc_p.l(llsshr.o)
    0x000009fe   0x00000000   Code   RO         4682    .text               mc_p.l(iusefp.o)
    0x000009fe   0x00000082   Code   RO         4683    .text               mf_p.l(fepilogue.o)
    0x00000a80   0x000000be   Code   RO         4685    .text               mf_p.l(depilogue.o)
    0x00000b3e   0x00000002   PAD
    0x00000b40   0x00000040   Code   RO         4689    .text               mf_p.l(dfixul.o)
    0x00000b80   0x00000024   Code   RO         4691    .text               mc_p.l(init.o)
    0x00000ba4   0x00000022   Code   RO         4693    .text               mc_p.l(llushr.o)
    0x00000bc6   0x00000056   Code   RO         4703    .text               mc_p.l(__dczerorl2.o)
    0x00000c1c   0x0000002c   Code   RO          332    i.ADC_Configuration  uctsk_ad.o
    0x00000c48   0x00000060   Code   RO         1493    i.ADC_IRQHandler    nrf_drv_adc.o
    0x00000ca8   0x00000034   Code   RO          335    i.App_ADTaskCreate  uctsk_ad.o
    0x00000cdc   0x00000038   Code   RO          236    i.App_DebugTaskCreate  uctsk_debug.o
    0x00000d14   0x00000022   Code   RO          237    i.App_TaskDebug     uctsk_debug.o
    0x00000d36   0x00000002   PAD
    0x00000d38   0x00000040   Code   RO            3    i.App_TaskStart     main.o
    0x00000d78   0x0000003c   Code   RO          930    i.BspLed_Init       bsp_led.o
    0x00000db4   0x00000078   Code   RO          963    i.BspRtc_1000ms     bsp_rtc.o
    0x00000e2c   0x0000006c   Code   RO          965    i.BspRtc_Config     bsp_rtc.o
    0x00000e98   0x00000002   Code   RO          966    i.BspRtc_DebugTestOnOff  bsp_rtc.o
    0x00000e9a   0x00000002   PAD
    0x00000e9c   0x00000048   Code   RO          968    i.BspRtc_Init       bsp_rtc.o
    0x00000ee4   0x0000007c   Code   RO          972    i.BspRtc_ReadRealTime  bsp_rtc.o
    0x00000f60   0x00000088   Code   RO          977    i.BspRtc_SetRealTime  bsp_rtc.o
    0x00000fe8   0x0000001c   Code   RO         1383    i.Bsp_NrfRfEsb_Test  bsp_nrfrfesb.o
    0x00001004   0x0000004c   Code   RO          412    i.Count_CalcDerivative  count.o
    0x00001050   0x000000d4   Code   RO          415    i.Count_DebugTestOnOff  count.o
    0x00001124   0x000000ac   Code   RO          417    i.Count_DichotomyEquation  count.o
    0x000011d0   0x00000068   Code   RO          418    i.Count_GA_Crossover  count.o
    0x00001238   0x00000054   Code   RO          419    i.Count_GA_EvaluateFitness  count.o
    0x0000128c   0x00000038   Code   RO          420    i.Count_GA_GetBestPopulation  count.o
    0x000012c4   0x0000004c   Code   RO          421    i.Count_GA_Mutation  count.o
    0x00001310   0x00000110   Code   RO          422    i.Count_GA_Select   count.o
    0x00001420   0x000000e0   Code   RO          423    i.Count_GA_Test     count.o
    0x00001500   0x000000a8   Code   RO          433    i.Count_NewtonRaphson  count.o
    0x000015a8   0x00000048   Code   RO          434    i.Count_NonLinearEquationTestFun  count.o
    0x000015f0   0x000001cc   Code   RO          435    i.Count_NonLinearEquation_Test  count.o
    0x000017bc   0x00000440   Code   RO          439    i.Count_Spline3     count.o
    0x00001bfc   0x00000124   Code   RO          440    i.Count_Spline3_Test  count.o
    0x00001d20   0x000000d6   Code   RO          452    i.Count_TimeTypeConvert  count.o
    0x00001df6   0x00000002   PAD
    0x00001df8   0x00000020   Code   RO          453    i.Count_Time_ConvCalendarToUnix  count.o
    0x00001e18   0x00000024   Code   RO          454    i.Count_Time_ConvUnixToCalendar  count.o
    0x00001e3c   0x00000054   Code   RO          239    i.DebugInit         uctsk_debug.o
    0x00001e90   0x0000005c   Code   RO          241    i.DebugOut          uctsk_debug.o
    0x00001eec   0x00000012   Code   RO          243    i.DebugOutStr       uctsk_debug.o
    0x00001efe   0x00000002   PAD
    0x00001f00   0x00000278   Code   RO          244    i.DebugPro_100ms    uctsk_debug.o
    0x00002178   0x000000dc   Code   RO          245    i.Debug_InterruptRx  uctsk_debug.o
    0x00002254   0x00000178   Code   RO         1775    i.GPIOTE_IRQHandler  nrf_drv_gpiote.o
    0x000023cc   0x00000078   Code   RO          859    i.MemManager_Free   memmanager.o
    0x00002444   0x000000a4   Code   RO          860    i.MemManager_Get    memmanager.o
    0x000024e8   0x00000010   Code   RO          861    i.MemManager_Init   memmanager.o
    0x000024f8   0x00000044   Code   RO          909    i.Module_OS_Info_DebugTestOnOff  module_os.o
    0x0000253c   0x00000014   Code   RO         2915    i.NVIC_DisableIRQ   nrf_esb.o
    0x00002550   0x00000014   Code   RO         2916    i.NVIC_EnableIRQ    nrf_esb.o
    0x00002564   0x00000014   Code   RO         2917    i.NVIC_SetPendingIRQ  nrf_esb.o
    0x00002578   0x00000044   Code   RO         2918    i.NVIC_SetPriority  nrf_esb.o
    0x000025bc   0x00000054   Code   RO         1602    i.POWER_CLOCK_IRQHandler  nrf_drv_clock.o
    0x00002610   0x00000054   Code   RO         2919    i.RADIO_IRQHandler  nrf_esb.o
    0x00002664   0x00000014   Code   RO         1990    i.RTC0_IRQHandler   nrf_drv_rtc.o
    0x00002678   0x00000050   Code   RO         4094    i.RTC1_IRQHandler   port_cmsis_systick.o
    0x000026c8   0x00000058   Code   RO         2920    i.SWI0_IRQHandler   nrf_esb.o
    0x00002720   0x000000a0   Code   RO         4296    i.SystemInit        system_nrf51.o
    0x000027c0   0x00000044   Code   RO         2092    i.TIMER0_IRQHandler  nrf_drv_timer.o
    0x00002804   0x00000024   Code   RO          979    i.Time_GetCalendarTime  bsp_rtc.o
    0x00002828   0x00000028   Code   RO          980    i.Time_SetCalendarTime  bsp_rtc.o
    0x00002850   0x00000014   Code   RO         2201    i.UART0_IRQHandler  nrf_drv_uart.o
    0x00002864   0x00000028   Code   RO         4595    i.__0sprintf        mc_p.l(printfa.o)
    0x0000288c   0x0000002e   Code   RO         4687    i.__ARM_clz         mf_p.l(depilogue.o)
    0x000028ba   0x0000001a   Code   RO         1323    i.__ARM_common_switch8  bsp.o
    0x000028d4   0x0000000e   Code   RO         4697    i.__scatterload_copy  mc_p.l(handlers.o)
    0x000028e2   0x00000002   Code   RO         4698    i.__scatterload_null  mc_p.l(handlers.o)
    0x000028e4   0x0000000e   Code   RO         4699    i.__scatterload_zeroinit  mc_p.l(handlers.o)
    0x000028f2   0x00000002   PAD
    0x000028f4   0x00000174   Code   RO         4600    i._fp_digits        mc_p.l(printfa.o)
    0x00002a68   0x000006ec   Code   RO         4601    i._printf_core      mc_p.l(printfa.o)
    0x00003154   0x00000020   Code   RO         4602    i._printf_post_padding  mc_p.l(printfa.o)
    0x00003174   0x0000002c   Code   RO         4603    i._printf_pre_padding  mc_p.l(printfa.o)
    0x000031a0   0x0000000a   Code   RO         4605    i._sputc            mc_p.l(printfa.o)
    0x000031aa   0x00000012   Code   RO          336    i.adc_event_handler  uctsk_ad.o
    0x000031bc   0x00000060   Code   RO         1494    i.adc_sample_process  nrf_drv_adc.o
    0x0000321c   0x0000000a   Code   RO         2921    i.addr_conv         nrf_esb.o
    0x00003226   0x00000002   PAD
    0x00003228   0x0000001c   Code   RO         2580    i.app_error_fault_handler  app_error_weak.o
    0x00003244   0x00000018   Code   RO         2542    i.app_error_handler_bare  app_error.o
    0x0000325c   0x00000016   Code   RO         2697    i.app_fifo_get      app_fifo.o
    0x00003272   0x00000024   Code   RO         2698    i.app_fifo_init     app_fifo.o
    0x00003296   0x0000001a   Code   RO         2700    i.app_fifo_put      app_fifo.o
    0x000032b0   0x00000038   Code   RO         2767    i.app_uart_get      app_uart_fifo.o
    0x000032e8   0x000000b0   Code   RO         2768    i.app_uart_init     app_uart_fifo.o
    0x00003398   0x00000040   Code   RO         2769    i.app_uart_put      app_uart_fifo.o
    0x000033d8   0x00000008   Code   RO         2657    i.app_util_critical_region_enter  app_util_platform.o
    0x000033e0   0x00000008   Code   RO         2658    i.app_util_critical_region_exit  app_util_platform.o
    0x000033e8   0x00000010   Code   RO         2659    i.app_util_disable_irq  app_util_platform.o
    0x000033f8   0x00000014   Code   RO         2660    i.app_util_enable_irq  app_util_platform.o
    0x0000340c   0x00000084   Code   RO         2202    i.apply_config      nrf_drv_uart.o
    0x00003490   0x00000094   Code   RO          471    i.arm_linear_interp_f32  count.o
    0x00003524   0x00000034   Code   RO         2922    i.bytewise_bit_swap  nrf_esb.o
    0x00003558   0x00000010   Code   RO         1778    i.channel_port_get  nrf_drv_gpiote.o
    0x00003568   0x00000028   Code   RO         1603    i.clock_clk_started_notify  nrf_drv_clock.o
    0x00003590   0x00000018   Code   RO         1384    i.clocks_start      bsp_nrfrfesb.o
    0x000035a8   0x00000030   Code   RO         3508    i.eTaskConfirmSleepModeStatus  tasks.o
    0x000035d8   0x0000007c   Code   RO         1385    i.esb_init          bsp_nrfrfesb.o
    0x00003654   0x00000014   Code   RO         2703    i.fifo_get          app_fifo.o
    0x00003668   0x00000012   Code   RO         2704    i.fifo_put          app_fifo.o
    0x0000367a   0x00000002   PAD
    0x0000367c   0x00000048   Code   RO         4297    i.is_manual_peripheral_setup_needed  system_nrf51.o
    0x000036c4   0x00000016   Code   RO         1605    i.item_enqueue      nrf_drv_clock.o
    0x000036da   0x00000002   PAD
    0x000036dc   0x00000040   Code   RO            4    i.main              main.o
    0x0000371c   0x00000014   Code   RO         1495    i.nrf_adc_event_check  nrf_drv_adc.o
    0x00003730   0x00000010   Code   RO         1779    i.nrf_bitmask_bit_is_set  nrf_drv_gpiote.o
    0x00003740   0x00000010   Code   RO         1607    i.nrf_clock_event_check  nrf_drv_clock.o
    0x00003750   0x00000064   Code   RO         1496    i.nrf_drv_adc_buffer_convert  nrf_drv_adc.o
    0x000037b4   0x00000020   Code   RO         1498    i.nrf_drv_adc_channel_enable  nrf_drv_adc.o
    0x000037d4   0x00000040   Code   RO         1499    i.nrf_drv_adc_init  nrf_drv_adc.o
    0x00003814   0x0000000c   Code   RO         1501    i.nrf_drv_adc_sample  nrf_drv_adc.o
    0x00003820   0x00000040   Code   RO         1614    i.nrf_drv_clock_init  nrf_drv_clock.o
    0x00003860   0x00000064   Code   RO         1619    i.nrf_drv_clock_lfclk_request  nrf_drv_clock.o
    0x000038c4   0x00000060   Code   RO         1740    i.nrf_drv_common_irq_enable  nrf_drv_common.o
    0x00003924   0x00000094   Code   RO         1992    i.nrf_drv_rtc_cc_set  nrf_drv_rtc.o
    0x000039b8   0x00000018   Code   RO         1994    i.nrf_drv_rtc_enable  nrf_drv_rtc.o
    0x000039d0   0x0000006c   Code   RO         1995    i.nrf_drv_rtc_init  nrf_drv_rtc.o
    0x00003a3c   0x0000009c   Code   RO         1996    i.nrf_drv_rtc_int_handler  nrf_drv_rtc.o
    0x00003ad8   0x00000024   Code   RO         2001    i.nrf_drv_rtc_tick_enable  nrf_drv_rtc.o
    0x00003afc   0x0000002a   Code   RO         2095    i.nrf_drv_timer_compare  nrf_drv_timer.o
    0x00003b26   0x00000002   PAD
    0x00003b28   0x0000001c   Code   RO         2099    i.nrf_drv_timer_enable  nrf_drv_timer.o
    0x00003b44   0x0000002e   Code   RO         2100    i.nrf_drv_timer_extended_compare  nrf_drv_timer.o
    0x00003b72   0x00000002   PAD
    0x00003b74   0x0000009c   Code   RO         2102    i.nrf_drv_timer_init  nrf_drv_timer.o
    0x00003c10   0x00000080   Code   RO         2204    i.nrf_drv_uart_init  nrf_drv_uart.o
    0x00003c90   0x0000005c   Code   RO         2205    i.nrf_drv_uart_rx   nrf_drv_uart.o
    0x00003cec   0x0000002c   Code   RO         2208    i.nrf_drv_uart_rx_enable  nrf_drv_uart.o
    0x00003d18   0x000000a8   Code   RO         2209    i.nrf_drv_uart_rx_for_uart  nrf_drv_uart.o
    0x00003dc0   0x00000034   Code   RO         2210    i.nrf_drv_uart_tx   nrf_drv_uart.o
    0x00003df4   0x0000008c   Code   RO         2212    i.nrf_drv_uart_tx_for_uart  nrf_drv_uart.o
    0x00003e80   0x00000018   Code   RO         2213    i.nrf_drv_uart_tx_in_progress  nrf_drv_uart.o
    0x00003e98   0x00000048   Code   RO         2924    i.nrf_esb_disable   nrf_esb.o
    0x00003ee0   0x00000054   Code   RO         1386    i.nrf_esb_event_handler  bsp_nrfrfesb.o
    0x00003f34   0x00000108   Code   RO         2929    i.nrf_esb_init      nrf_esb.o
    0x0000403c   0x00000078   Code   RO         2932    i.nrf_esb_read_rx_payload  nrf_esb.o
    0x000040b4   0x00000030   Code   RO         2934    i.nrf_esb_set_base_address_0  nrf_esb.o
    0x000040e4   0x0000004c   Code   RO         2936    i.nrf_esb_set_prefixes  nrf_esb.o
    0x00004130   0x00000024   Code   RO         2937    i.nrf_esb_set_rf_channel  nrf_esb.o
    0x00004154   0x000000c8   Code   RO         2944    i.nrf_esb_write_payload  nrf_esb.o
    0x0000421c   0x00000028   Code   RO         2215    i.nrf_gpio_cfg      nrf_drv_uart.o
    0x00004244   0x00000012   Code   RO         2217    i.nrf_gpio_cfg_input  nrf_drv_uart.o
    0x00004256   0x00000014   Code   RO          931    i.nrf_gpio_cfg_output  bsp_led.o
    0x0000426a   0x00000014   Code   RO         2218    i.nrf_gpio_cfg_output  nrf_drv_uart.o
    0x0000427e   0x00000022   Code   RO         1801    i.nrf_gpio_cfg_sense_set  nrf_drv_gpiote.o
    0x000042a0   0x00000018   Code   RO         1387    i.nrf_gpio_pin_toggle  bsp_nrfrfesb.o
    0x000042b8   0x00000018   Code   RO          932    i.nrf_gpio_pin_write  bsp_led.o
    0x000042d0   0x00000028   Code   RO         1802    i.nrf_gpio_ports_read  nrf_drv_gpiote.o
    0x000042f8   0x00000010   Code   RO         1803    i.nrf_gpiote_event_clear  nrf_drv_gpiote.o
    0x00004308   0x00000014   Code   RO         1804    i.nrf_gpiote_event_is_set  nrf_drv_gpiote.o
    0x0000431c   0x0000000a   Code   RO         2219    i.nrf_uart_event_check  nrf_drv_uart.o
    0x00004326   0x00000010   Code   RO         2220    i.nrf_uart_int_enable_check  nrf_drv_uart.o
    0x00004336   0x00000002   PAD
    0x00004338   0x00000080   Code   RO         2947    i.on_radio_disabled_tx  nrf_esb.o
    0x000043b8   0x00000038   Code   RO         2948    i.on_radio_disabled_tx_noack  nrf_esb.o
    0x000043f0   0x00000110   Code   RO         2949    i.on_radio_disabled_tx_wait_for_ack  nrf_esb.o
    0x00004500   0x00000034   Code   RO         3511    i.prvAddCurrentTaskToDelayedList  tasks.o
    0x00004534   0x00000050   Code   RO         3848    i.prvCheckForValidListAndQueue  timers.o
    0x00004584   0x00000058   Code   RO         3512    i.prvCheckTasksWaitingTermination  tasks.o
    0x000045dc   0x00000026   Code   RO         3337    i.prvCopyDataFromQueue  queue.o
    0x00004602   0x00000076   Code   RO         3338    i.prvCopyDataToQueue  queue.o
    0x00004678   0x00000028   Code   RO         3513    i.prvGetExpectedIdleTime  tasks.o
    0x000046a0   0x00000034   Code   RO         3514    i.prvIdleTask       tasks.o
    0x000046d4   0x00000038   Code   RO         3849    i.prvInsertTimerInActiveList  timers.o
    0x0000470c   0x000000a8   Code   RO         3850    i.prvProcessReceivedCommands  timers.o
    0x000047b4   0x00000094   Code   RO         3851    i.prvProcessTimerOrBlockTask  timers.o
    0x00004848   0x00000020   Code   RO         3515    i.prvResetNextTaskUnblockTime  tasks.o
    0x00004868   0x00000028   Code   RO         3852    i.prvSampleTimeNow  timers.o
    0x00004890   0x00000058   Code   RO         3853    i.prvSwitchTimerLists  timers.o
    0x000048e8   0x00000004   Code   RO         4018    i.prvTaskExitError  port_cmsis.o
    0x000048ec   0x00000024   Code   RO         3854    i.prvTimerTask      timers.o
    0x00004910   0x0000006a   Code   RO         3339    i.prvUnlockQueue    queue.o
    0x0000497a   0x00000002   PAD
    0x0000497c   0x00000050   Code   RO         3959    i.pvPortMalloc      heap_1.o
    0x000049cc   0x00000018   Code   RO         3517    i.pvTaskIncrementMutexHeldCount  tasks.o
    0x000049e4   0x00000024   Code   RO         4019    i.pxPortInitialiseStack  port_cmsis.o
    0x00004a08   0x0000001c   Code   RO         2950    i.reset_fifos       nrf_esb.o
    0x00004a24   0x0000004c   Code   RO          981    i.rtc_handler       bsp_rtc.o
    0x00004a70   0x00000026   Code   RO         2221    i.rx_byte           nrf_drv_uart.o
    0x00004a96   0x00000014   Code   RO         2222    i.rx_done_event     nrf_drv_uart.o
    0x00004aaa   0x0000001a   Code   RO         2223    i.rx_enable         nrf_drv_uart.o
    0x00004ac4   0x00000080   Code   RO         2951    i.rx_fifo_push_rfbuf  nrf_esb.o
    0x00004b44   0x00000108   Code   RO         2952    i.start_tx_transaction  nrf_esb.o
    0x00004c4c   0x00000058   Code   RO         1388    i.timer_init        bsp_nrfrfesb.o
    0x00004ca4   0x0000002c   Code   RO         1389    i.timer_led_event_handler  bsp_nrfrfesb.o
    0x00004cd0   0x0000001e   Code   RO         2224    i.tx_byte           nrf_drv_uart.o
    0x00004cee   0x00000018   Code   RO         2225    i.tx_done_event     nrf_drv_uart.o
    0x00004d06   0x00000002   PAD
    0x00004d08   0x00000030   Code   RO         2953    i.tx_fifo_remove_last  nrf_esb.o
    0x00004d38   0x00000014   Code   RO          246    i.uart_error_handle  uctsk_debug.o
    0x00004d4c   0x000000a8   Code   RO         2770    i.uart_event_handler  app_uart_fifo.o
    0x00004df4   0x00000128   Code   RO         2226    i.uart_irq_handler  nrf_drv_uart.o
    0x00004f1c   0x00000038   Code   RO          337    i.uctsk_AD          uctsk_ad.o
    0x00004f54   0x0000001c   Code   RO         3340    i.ulPortDisableISR  queue.o
    0x00004f70   0x00000044   Code   RO         2954    i.update_radio_addresses  nrf_esb.o
    0x00004fb4   0x00000088   Code   RO         2955    i.update_radio_parameters  nrf_esb.o
    0x0000503c   0x00000014   Code   RO         2956    i.update_radio_tx_power  nrf_esb.o
    0x00005050   0x0000002c   Code   RO         2957    i.update_rf_payload_format_esb  nrf_esb.o
    0x0000507c   0x00000028   Code   RO         2958    i.update_rf_payload_format_esb_dpl  nrf_esb.o
    0x000050a4   0x00000024   Code   RO         3293    i.uxListRemove      list.o
    0x000050c8   0x00000016   Code   RO         3294    i.vListInitialise   list.o
    0x000050de   0x00000006   Code   RO         3295    i.vListInitialiseItem  list.o
    0x000050e4   0x00000030   Code   RO         3296    i.vListInsert       list.o
    0x00005114   0x00000018   Code   RO         3297    i.vListInsertEnd    list.o
    0x0000512c   0x00000010   Code   RO         4021    i.vPortEnterCritical  port_cmsis.o
    0x0000513c   0x00000014   Code   RO         4022    i.vPortExitCritical  port_cmsis.o
    0x00005150   0x00000002   Code   RO         3960    i.vPortFree         heap_1.o
    0x00005152   0x00000010   Code   RO         3344    i.vPortRestoreISR   queue.o
    0x00005162   0x0000002c   Code   RO         4023    i.vPortSafeTaskSwitchContext  port_cmsis.o
    0x0000518e   0x00000002   PAD
    0x00005190   0x0000004c   Code   RO         4095    i.vPortSetupTimerInterrupt  port_cmsis_systick.o
    0x000051dc   0x00000088   Code   RO         4096    i.vPortSuppressTicksAndSleep  port_cmsis_systick.o
    0x00005264   0x00000018   Code   RO         4024    i.vPortTaskYield    port_cmsis.o
    0x0000527c   0x00000024   Code   RO         3345    i.vQueueAddToRegistry  queue.o
    0x000052a0   0x0000003c   Code   RO         3348    i.vQueueWaitForMessageRestricted  queue.o
    0x000052dc   0x00000030   Code   RO         3526    i.vTaskDelay        tasks.o
    0x0000530c   0x0000000c   Code   RO         3530    i.vTaskMissedYield  tasks.o
    0x00005318   0x00000038   Code   RO         3532    i.vTaskPlaceOnEventList  tasks.o
    0x00005350   0x0000003c   Code   RO         3533    i.vTaskPlaceOnEventListRestricted  tasks.o
    0x0000538c   0x00000064   Code   RO         3535    i.vTaskPriorityInherit  tasks.o
    0x000053f0   0x00000010   Code   RO         3538    i.vTaskSetTimeOutState  tasks.o
    0x00005400   0x00000050   Code   RO         3539    i.vTaskStartScheduler  tasks.o
    0x00005450   0x00000010   Code   RO         3540    i.vTaskStepTick     tasks.o
    0x00005460   0x00000010   Code   RO         3542    i.vTaskSuspendAll   tasks.o
    0x00005470   0x0000004c   Code   RO         3543    i.vTaskSwitchContext  tasks.o
    0x000054bc   0x00000038   Code   RO         4025    i.xPortStartScheduler  port_cmsis.o
    0x000054f4   0x0000003e   Code   RO         3351    i.xQueueGenericCreate  queue.o
    0x00005532   0x00000110   Code   RO         3352    i.xQueueGenericReceive  queue.o
    0x00005642   0x00000062   Code   RO         3353    i.xQueueGenericReset  queue.o
    0x000056a4   0x000000de   Code   RO         3354    i.xQueueGenericSend  queue.o
    0x00005782   0x00000060   Code   RO         3355    i.xQueueGenericSendFromISR  queue.o
    0x000057e2   0x00000002   PAD
    0x000057e4   0x00000048   Code   RO         3544    i.xTaskCheckForTimeOut  tasks.o
    0x0000582c   0x0000015c   Code   RO         3545    i.xTaskGenericCreate  tasks.o
    0x00005988   0x00000020   Code   RO         3550    i.xTaskGetSchedulerState  tasks.o
    0x000059a8   0x0000000c   Code   RO         3551    i.xTaskGetTickCount  tasks.o
    0x000059b4   0x000000a4   Code   RO         3553    i.xTaskIncrementTick  tasks.o
    0x00005a58   0x00000054   Code   RO         3556    i.xTaskPriorityDisinherit  tasks.o
    0x00005aac   0x00000064   Code   RO         3557    i.xTaskRemoveFromEventList  tasks.o
    0x00005b10   0x000000a0   Code   RO         3559    i.xTaskResumeAll    tasks.o
    0x00005bb0   0x00000044   Code   RO         3858    i.xTimerCreateTimerTask  timers.o
    0x00005bf4   0x0000004c   Code   RO         3859    i.xTimerGenericCommand  timers.o
    0x00005c40   0x00000048   Data   RO          248    .constdata          uctsk_debug.o
    0x00005c88   0x00000001   Data   RO          340    .constdata          uctsk_ad.o
    0x00005c89   0x00000003   PAD
    0x00005c8c   0x00000050   Data   RO          478    .constdata          count.o
    0x00005cdc   0x00000010   Data   RO          983    .constdata          bsp_rtc.o
    0x00005cec   0x00000028   Data   RO         1392    .constdata          bsp_nrfrfesb.o
    0x00005d14   0x00000001   Data   RO         1505    .constdata          nrf_drv_adc.o
    0x00005d15   0x00000003   PAD
    0x00005d18   0x00000004   Data   RO         1808    .constdata          nrf_drv_gpiote.o
    0x00005d1c   0x00000020   Data   RO         2772    .constdata          app_uart_fifo.o
    0x00005d3c   0x00000004   Data   RO         4026    .constdata          port_cmsis.o
    0x00005d40   0x0000000c   Data   RO         4345    .constdata          mc_p.l(localtime_r.o)
    0x00005d4c   0x0000000c   Data   RO         4348    .constdata          mc_p.l(mktime.o)
    0x00005d58   0x00000037   Data   RO          249    .conststring        uctsk_debug.o
    0x00005d8f   0x00000001   PAD
    0x00005d90   0x00000020   Data   RO         4695    Region$$Table       anon$$obj.o


    Execution Region RW_IRAM1 (Base: 0x20000000, Size: 0x00002e70, Max: 0x00004000, ABSOLUTE, COMPRESSED[0x00000060])

    Base Addr    Size         Type   Attr      Idx    E Section Name        Object

    0x20000000   0x00000008   Data   RW            5    .data               main.o
    0x20000008   0x00000016   Data   RW          250    .data               uctsk_debug.o
    0x2000001e   0x00000002   PAD
    0x20000020   0x00000010   Data   RW          341    .data               uctsk_ad.o
    0x20000030   0x00000040   Data   RW          479    .data               count.o
    0x20000070   0x00000010   Data   RW          864    .data               memmanager.o
    0x20000080   0x00000001   Data   RW          910    .data               module_os.o
    0x20000081   0x00000003   PAD
    0x20000084   0x0000003c   Data   RW          984    .data               bsp_rtc.o
    0x200000c0   0x0000002d   Data   RW         1393    .data               bsp_nrfrfesb.o
    0x200000ed   0x00000003   PAD
    0x200000f0   0x00000008   Data   RW         2006    .data               nrf_drv_rtc.o
    0x200000f8   0x00000004   Data   RW         2661    .data               app_util_platform.o
    0x200000fc   0x00000010   Data   RW         2773    .data               app_uart_fifo.o
    0x2000010c   0x0000003c   Data   RW         2960    .data               nrf_esb.o
    0x20000148   0x0000003c   Data   RW         3562    .data               tasks.o
    0x20000184   0x00000014   Data   RW         3865    .data               timers.o
    0x20000198   0x00000008   Data   RW         3964    .data               heap_1.o
    0x200001a0   0x00000004   Data   RW         4027    .data               port_cmsis.o
    0x200001a4   0x00000004   Data   RW         4298    .data               system_nrf51.o
    0x200001a8   0x00000200   Zero   RW          247    .bss                uctsk_debug.o
    0x200003a8   0x00000014   Zero   RW          339    .bss                uctsk_ad.o
    0x200003bc   0x00000c00   Zero   RW          863    .bss                memmanager.o
    0x20000fbc   0x0000002c   Zero   RW          982    .bss                bsp_rtc.o
    0x20000fe8   0x0000003d   Zero   RW         1390    .bss                bsp_nrfrfesb.o
    0x20001025   0x00000003   PAD
    0x20001028   0x00000014   Zero   RW         1504    .bss                nrf_drv_adc.o
    0x2000103c   0x00000014   Zero   RW         1621    .bss                nrf_drv_clock.o
    0x20001050   0x00000048   Zero   RW         1807    .bss                nrf_drv_gpiote.o
    0x20001098   0x0000000c   Zero   RW         2106    .bss                nrf_drv_timer.o
    0x200010a4   0x0000001c   Zero   RW         2227    .bss                nrf_drv_uart.o
    0x200010c0   0x00000020   Zero   RW         2771    .bss                app_uart_fifo.o
    0x200010e0   0x00000332   Zero   RW         2959    .bss                nrf_esb.o
    0x20001412   0x00000002   PAD
    0x20001414   0x00000010   Zero   RW         3363    .bss                queue.o
    0x20001424   0x000001f4   Zero   RW         3561    .bss                tasks.o
    0x20001618   0x00000028   Zero   RW         3864    .bss                timers.o
    0x20001640   0x00001000   Zero   RW         3963    .bss                heap_1.o
    0x20002640   0x0000002c   Zero   RW         4342    .bss                mc_p.l(localtime_w.o)
    0x2000266c   0x00000004   PAD
    0x20002670   0x00000800   Zero   RW         4286    STACK               arm_startup_nrf51.o


==============================================================================

Image component sizes


      Code (inc. data)   RO Data    RW Data    ZI Data      Debug   Object Name

        24          4          0          0          0       2121   app_error.o
        28         10          0          0          0       7054   app_error_weak.o
       122          0          0          0          0       4538   app_fifo.o
         0          0          0          0          0       2444   app_timer_freertos.o
       464         44         32         16         32      10110   app_uart_fifo.o
        52         10          0          4          0       2952   app_util_platform.o
        56         18        192          0       2048        656   arm_startup_nrf51.o
        26          0          0          0          0         72   bsp.o
       104          6          0          0          0       4970   bsp_led.o
       416         58         40         45         61      17078   bsp_nrfrfesb.o
       714         64         16         60         44      17373   bsp_rtc.o
      3786        516         80         64          0      32701   count.o
         0          0          0          0          0       9496   event_groups.o
        82         12          0          8       4096       2043   heap_1.o
       136          0          0          0          0       3158   list.o
       128         32          0          8          0      44239   main.o
       300         28          0         16       3072       4314   memmanager.o
        68          6          0          1          0       1000   module_os.o
       420         78          1          0         20      11115   nrf_drv_adc.o
       326         44          0          0         20      11632   nrf_drv_clock.o
        96         18          0          0          0       7272   nrf_drv_common.o
       518         34          4          0         72      16888   nrf_drv_gpiote.o
       492         32          0          8          0      12149   nrf_drv_rtc.o
       340         20          0          0         12      15243   nrf_drv_timer.o
      1338         52          0          0         28      27610   nrf_drv_uart.o
      2410        422          0         60        818      27297   nrf_esb.o
         0          0          0          0          0       1472   nrf_nvic.o
       108         16          0          0          0        528   port.o
       200         32          4          4          0      14001   port_cmsis.o
       292         52          0          0          0      12242   port_cmsis_systick.o
      1152          4          0          0         16      11873   queue.o
       232         36          0          4          0       2151   system_nrf51.o
      1788        200          0         60        500      28056   tasks.o
       760         72          0         20         40       8171   timers.o
       170         38          1         16         20       4807   uctsk_ad.o
      1156        350        127         22        512      10427   uctsk_debug.o

    ----------------------------------------------------------------------
     18332       2308        536        424      11416     389253   Object Totals
         0          0         32          0          0          0   (incl. Generated)
        28          0          7          8          5          0   (incl. Padding)

    ----------------------------------------------------------------------

      Code (inc. data)   RO Data    RW Data    ZI Data      Debug   Library Member Name

        86          0          0          0          0          0   __dczerorl2.o
         0          0          0          0          0          0   entry.o
         0          0          0          0          0          0   entry10a.o
         0          0          0          0          0          0   entry11a.o
         8          4          0          0          0          0   entry2.o
         4          0          0          0          0          0   entry5.o
         0          0          0          0          0          0   entry7b.o
         0          0          0          0          0          0   entry8b.o
         8          4          0          0          0          0   entry9a.o
        30          0          0          0          0          0   handlers.o
        40          0          0          0          0         72   idiv.o
        36          8          0          0          0         68   init.o
         0          0          0          0          0          0   iusefp.o
        32          0          0          0          0         68   llshl.o
        38          0          0          0          0         68   llsshr.o
        34          0          0          0          0         68   llushr.o
       116         12         12          0          0         72   localtime_r.o
        16          6          0          0         44         68   localtime_w.o
        36          0          0          0          0         60   memcpya.o
        36          0          0          0          0        100   memseta.o
       140         16         12          0          0         72   mktime.o
      2270         94          0          0          0        472   printfa.o
        14          0          0          0          0         60   strlen.o
        44          0          0          0          0         72   uidiv.o
        96          0          0          0          0         84   uldiv.o
        40          2          0          0          0         68   cdcmple.o
        40          2          0          0          0         68   cdrcmple.o
        20          0          0          0          0         68   cfcmple.o
        20          0          0          0          0         68   cfrcmple.o
       356          4          0          0          0        140   dadd.o
       240          6          0          0          0         84   ddiv.o
       236          0          0          0          0        216   depilogue.o
        64         10          0          0          0         68   dfixul.o
        40          6          0          0          0         68   dflti.o
       208          6          0          0          0         88   dmul.o
        44          0          0          0          0         72   dscalb.o
        40          0          0          0          0         60   f2d.o
       178          0          0          0          0        108   fadd.o
       124          0          0          0          0         72   fdiv.o
       130          0          0          0          0        144   fepilogue.o
        50          0          0          0          0         60   ffixi.o
        22          0          0          0          0         68   fflti.o
       122          0          0          0          0         72   fmul.o
        24          0          0          0          0         60   fscalb.o

    ----------------------------------------------------------------------
      5092        180         24          0         48       3056   Library Totals
        10          0          0          0          4          0   (incl. Padding)

    ----------------------------------------------------------------------

      Code (inc. data)   RO Data    RW Data    ZI Data      Debug   Library Name

      3084        144         24          0         44       1404   mc_p.l
      1998         36          0          0          0       1652   mf_p.l

    ----------------------------------------------------------------------
      5092        180         24          0         48       3056   Library Totals

    ----------------------------------------------------------------------

==============================================================================


      Code (inc. data)   RO Data    RW Data    ZI Data      Debug   

     23424       2488        560        424      11464     381493   Grand Totals
     23424       2488        560         96      11464     381493   ELF Image Totals (compressed)
     23424       2488        560         96          0          0   ROM Totals

==============================================================================

    Total RO  Size (Code + RO Data)                23984 (  23.42kB)
    Total RW  Size (RW Data + ZI Data)             11888 (  11.61kB)
    Total ROM Size (Code + RO Data + RW Data)      24080 (  23.52kB)

==============================================================================

