Component: ARM Compiler 5.06 update 6 (build 750) Tool: armlink [4d35ed]

==============================================================================

Section Cross References

    main.o(i.App_TaskStart) refers to bsp_pwr.o(i.Bsp_Pwr_Init) for Bsp_Pwr_Init
    main.o(i.App_TaskStart) refers to module_memory.o(i.Module_Memory_Init) for Module_Memory_Init
    main.o(i.App_TaskStart) refers to count.o(i.Count_Init) for Count_Init
    main.o(i.App_TaskStart) refers to bsp_rtc.o(i.BspRtc_Init) for BspRtc_Init
    main.o(i.App_TaskStart) refers to bsp_led.o(i.BspLed_Init) for BspLed_Init
    main.o(i.App_TaskStart) refers to bsp_key.o(i.BspKey_Init) for BspKey_Init
    main.o(i.App_TaskStart) refers to bsp_hx711.o(i.BspHx711_Init) for BspHx711_Init
    main.o(i.App_TaskStart) refers to bsp_ap3216c.o(i.BspAp3216c_Init) for BspAp3216c_Init
    main.o(i.App_TaskStart) refers to bsp_nrfrfesb.o(i.Bsp_NrfRfEsb_Init) for Bsp_NrfRfEsb_Init
    main.o(i.App_TaskStart) refers to bsp_tim.o(i.TIM_Configuration) for TIM_Configuration
    main.o(i.App_TaskStart) refers to uctsk_debug.o(i.App_DebugTaskCreate) for App_DebugTaskCreate
    main.o(i.App_TaskStart) refers to uctsk_usertimer.o(i.App_UserTimer100msTaskCreate) for App_UserTimer100msTaskCreate
    main.o(i.App_TaskStart) refers to uctsk_usertimer.o(i.App_UserTimer10msTaskCreate) for App_UserTimer10msTaskCreate
    main.o(i.App_TaskStart) refers to uctsk_gprsnet.o(i.App_GsmParseTaskCreate) for App_GsmParseTaskCreate
    main.o(i.App_TaskStart) refers to uctsk_gprsnet.o(i.App_GsmSendTaskCreate) for App_GsmSendTaskCreate
    main.o(i.App_TaskStart) refers to uctsk_gprsnet.o(i.App_GsmTestTaskCreate) for App_GsmTestTaskCreate
    main.o(i.App_TaskStart) refers to uctsk_gprsappxkap.o(i.App_GprsAppXkapTaskCreate) for App_GprsAppXkapTaskCreate
    main.o(i.App_TaskStart) refers to bsp_pwr.o(i.BspPwr_Cmd_parse) for BspPwr_Cmd_parse
    main.o(i.main) refers to tasks.o(i.xTaskGenericCreate) for xTaskGenericCreate
    main.o(i.main) refers to tasks.o(i.vTaskStartScheduler) for vTaskStartScheduler
    main.o(i.main) refers to main.o(.data) for .data
    main.o(i.main) refers to main.o(i.App_TaskStart) for App_TaskStart
    uctsk_debug.o(i.App_DebugTaskCreate) refers to tasks.o(i.xTaskGenericCreate) for xTaskGenericCreate
    uctsk_debug.o(i.App_DebugTaskCreate) refers to uctsk_debug.o(.data) for .data
    uctsk_debug.o(i.App_DebugTaskCreate) refers to uctsk_debug.o(i.App_TaskDebug) for App_TaskDebug
    uctsk_debug.o(i.App_TaskDebug) refers to tasks.o(i.vTaskDelay) for vTaskDelay
    uctsk_debug.o(i.App_TaskDebug) refers to uctsk_debug.o(i.DebugPro_100ms) for DebugPro_100ms
    uctsk_debug.o(i.DebugIn) refers to memcpya.o(.text) for __aeabi_memcpy
    uctsk_debug.o(i.DebugIn) refers to tasks.o(i.vTaskDelay) for vTaskDelay
    uctsk_debug.o(i.DebugIn) refers to memmanager.o(i.MemManager_Get) for MemManager_Get
    uctsk_debug.o(i.DebugIn) refers to segger_rtt.o(i.SEGGER_RTT_Read) for SEGGER_RTT_Read
    uctsk_debug.o(i.DebugIn) refers to uctsk_debug.o(i.Debug_InterruptRx) for Debug_InterruptRx
    uctsk_debug.o(i.DebugIn) refers to memmanager.o(i.MemManager_Free) for MemManager_Free
    uctsk_debug.o(i.DebugIn) refers to uctsk_debug.o(.data) for .data
    uctsk_debug.o(i.DebugInClear) refers to memmanager.o(i.MemManager_Get) for MemManager_Get
    uctsk_debug.o(i.DebugInClear) refers to segger_rtt.o(i.SEGGER_RTT_Read) for SEGGER_RTT_Read
    uctsk_debug.o(i.DebugInClear) refers to memmanager.o(i.MemManager_Free) for MemManager_Free
    uctsk_debug.o(i.DebugInit) refers to bsp_uart.o(i.UART_INIT) for UART_INIT
    uctsk_debug.o(i.DebugInit) refers to uctsk_debug.o(.data) for .data
    uctsk_debug.o(i.DebugInputNum) refers to uctsk_debug.o(i.DebugIn) for DebugIn
    uctsk_debug.o(i.DebugLogHead) refers to memmanager.o(i.MemManager_Get) for MemManager_Get
    uctsk_debug.o(i.DebugLogHead) refers to printfa.o(i.__0sprintf) for __2sprintf
    uctsk_debug.o(i.DebugLogHead) refers to uctsk_debug.o(i.__ARM_common_switch8) for __ARM_common_switch8
    uctsk_debug.o(i.DebugLogHead) refers to uctsk_debug.o(i.DebugOutStr) for DebugOutStr
    uctsk_debug.o(i.DebugLogHead) refers to memmanager.o(i.MemManager_Free) for MemManager_Free
    uctsk_debug.o(i.DebugLogHead) refers to uctsk_debug.o(.data) for .data
    uctsk_debug.o(i.DebugLogHead) refers to bsp_rtc.o(.data) for BspRtc_CurrentTimeBuf
    uctsk_debug.o(i.DebugLogOut) refers to uctsk_debug.o(i.DebugLogHead) for DebugLogHead
    uctsk_debug.o(i.DebugLogOut) refers to segger_rtt.o(i.SEGGER_RTT_Write) for SEGGER_RTT_Write
    uctsk_debug.o(i.DebugLogOut) refers to tasks.o(i.vTaskDelay) for vTaskDelay
    uctsk_debug.o(i.DebugLogOut) refers to bsp_uart.o(i.UART_DMA_Tx) for UART_DMA_Tx
    uctsk_debug.o(i.DebugLogOut) refers to uctsk_debug.o(.data) for .data
    uctsk_debug.o(i.DebugLogOutHex) refers to uctsk_debug.o(i.DebugLogHead) for DebugLogHead
    uctsk_debug.o(i.DebugLogOutHex) refers to uctsk_debug.o(i.DebugOutStr) for DebugOutStr
[...]
    nrf_drv_common_irq_enable                0x00024615   Thumb Code    78  nrf_drv_common.o(i.nrf_drv_common_irq_enable)
    nrf_drv_gpiote_init                      0x00024675   Thumb Code    84  nrf_drv_gpiote.o(i.nrf_drv_gpiote_init)
    nrf_drv_gpiote_out_init                  0x000246d1   Thumb Code   138  nrf_drv_gpiote.o(i.nrf_drv_gpiote_out_init)
    nrf_drv_gpiote_out_set                   0x0002476d   Thumb Code    10  nrf_drv_gpiote.o(i.nrf_drv_gpiote_out_set)
    nrf_drv_gpiote_out_task_addr_get         0x0002477d   Thumb Code    16  nrf_drv_gpiote.o(i.nrf_drv_gpiote_out_task_addr_get)
    nrf_drv_gpiote_out_task_enable           0x00024791   Thumb Code    38  nrf_drv_gpiote.o(i.nrf_drv_gpiote_out_task_enable)
    nrf_drv_ppi_channel_alloc                0x000247c1   Thumb Code    82  nrf_drv_ppi.o(i.nrf_drv_ppi_channel_alloc)
    nrf_drv_ppi_channel_assign               0x0002481d   Thumb Code    60  nrf_drv_ppi.o(i.nrf_drv_ppi_channel_assign)
    nrf_drv_ppi_channel_enable               0x0002485d   Thumb Code    54  nrf_drv_ppi.o(i.nrf_drv_ppi_channel_enable)
    nrf_drv_ppi_init                         0x00024899   Thumb Code    20  nrf_drv_ppi.o(i.nrf_drv_ppi_init)
    nrf_drv_rng_init                         0x000248b1   Thumb Code    70  nrf_drv_rng.o(i.nrf_drv_rng_init)
    nrf_drv_rtc_cc_set                       0x0002493d   Thumb Code   138  nrf_drv_rtc.o(i.nrf_drv_rtc_cc_set)
    nrf_drv_rtc_enable                       0x000249d1   Thumb Code    20  nrf_drv_rtc.o(i.nrf_drv_rtc_enable)
    nrf_drv_rtc_init                         0x000249e9   Thumb Code   102  nrf_drv_rtc.o(i.nrf_drv_rtc_init)
    nrf_drv_rtc_tick_enable                  0x00024af1   Thumb Code    36  nrf_drv_rtc.o(i.nrf_drv_rtc_tick_enable)
    nrf_drv_spi_init                         0x00024b15   Thumb Code   262  nrf_drv_spi.o(i.nrf_drv_spi_init)
    nrf_drv_spi_transfer                     0x00024c29   Thumb Code    24  nrf_drv_spi.o(i.nrf_drv_spi_transfer)
    nrf_drv_spi_xfer                         0x00024c41   Thumb Code   104  nrf_drv_spi.o(i.nrf_drv_spi_xfer)
    nrf_drv_timer_compare                    0x00024cb1   Thumb Code    42  nrf_drv_timer.o(i.nrf_drv_timer_compare)
    nrf_drv_timer_disable                    0x00024cdd   Thumb Code    20  nrf_drv_timer.o(i.nrf_drv_timer_disable)
    nrf_drv_timer_enable                     0x00024cf5   Thumb Code    22  nrf_drv_timer.o(i.nrf_drv_timer_enable)
    nrf_drv_timer_extended_compare           0x00024d11   Thumb Code    46  nrf_drv_timer.o(i.nrf_drv_timer_extended_compare)
    nrf_drv_timer_init                       0x00024d41   Thumb Code   150  nrf_drv_timer.o(i.nrf_drv_timer_init)
    nrf_drv_twi_enable                       0x00024ddd   Thumb Code    28  nrf_drv_twi.o(i.nrf_drv_twi_enable)
    nrf_drv_twi_init                         0x00024dfd   Thumb Code   124  nrf_drv_twi.o(i.nrf_drv_twi_init)
    nrf_drv_twi_rx                           0x00024e85   Thumb Code    30  nrf_drv_twi.o(i.nrf_drv_twi_rx)
    nrf_drv_twi_tx                           0x00024ea9   Thumb Code    36  nrf_drv_twi.o(i.nrf_drv_twi_tx)
    nrf_drv_twi_xfer                         0x00024ecd   Thumb Code    36  nrf_drv_twi.o(i.nrf_drv_twi_xfer)
    nrf_drv_uart_init                        0x00024ef5   Thumb Code   118  nrf_drv_uart.o(i.nrf_drv_uart_init)
    nrf_drv_uart_rx                          0x00024f75   Thumb Code    86  nrf_drv_uart.o(i.nrf_drv_uart_rx)
    nrf_drv_uart_rx_enable                   0x00024fd1   Thumb Code    40  nrf_drv_uart.o(i.nrf_drv_uart_rx_enable)
    nrf_drv_uart_tx                          0x000250a5   Thumb Code    46  nrf_drv_uart.o(i.nrf_drv_uart_tx)
    nrf_drv_uart_tx_in_progress              0x00025165   Thumb Code    20  nrf_drv_uart.o(i.nrf_drv_uart_tx_in_progress)
    nrf_drv_wdt_channel_alloc                0x0002517d   Thumb Code    52  nrf_drv_wdt.o(i.nrf_drv_wdt_channel_alloc)
    nrf_drv_wdt_enable                       0x000251b9   Thumb Code    20  nrf_drv_wdt.o(i.nrf_drv_wdt_enable)
    nrf_drv_wdt_init                         0x000251d9   Thumb Code    60  nrf_drv_wdt.o(i.nrf_drv_wdt_init)
    nrf_esb_disable                          0x00025221   Thumb Code    54  nrf_esb.o(i.nrf_esb_disable)
    nrf_esb_event_handler                    0x00025269   Thumb Code    62  bsp_nrfrfesb.o(i.nrf_esb_event_handler)
    nrf_esb_init                             0x000252bd   Thumb Code   220  nrf_esb.o(i.nrf_esb_init)
    nrf_esb_read_rx_payload                  0x000253c5   Thumb Code   110  nrf_esb.o(i.nrf_esb_read_rx_payload)
    nrf_esb_set_address_length               0x0002543d   Thumb Code    44  nrf_esb.o(i.nrf_esb_set_address_length)
    nrf_esb_set_base_address_0               0x00025471   Thumb Code    44  nrf_esb.o(i.nrf_esb_set_base_address_0)
    nrf_esb_set_base_address_1               0x000254a1   Thumb Code    44  nrf_esb.o(i.nrf_esb_set_base_address_1)
    nrf_esb_set_prefixes                     0x000254d1   Thumb Code    70  nrf_esb.o(i.nrf_esb_set_prefixes)
    nrf_esb_set_rf_channel                   0x0002551d   Thumb Code    30  nrf_esb.o(i.nrf_esb_set_rf_channel)
    nrf_esb_start_rx                         0x00025541   Thumb Code    94  nrf_esb.o(i.nrf_esb_start_rx)
    nrf_queue_is_full                        0x000257fd   Thumb Code    30  nrf_queue.o(i.nrf_queue_is_full)
    nrf_queue_push                           0x00025829   Thumb Code   168  nrf_queue.o(i.nrf_queue_push)
    pcTaskGetTaskName                        0x00025a8d   Thumb Code    12  tasks.o(i.pcTaskGetTaskName)
    pvPortMalloc                             0x0002608d   Thumb Code   162  heap_4.o(i.pvPortMalloc)
    pvTaskIncrementMutexHeldCount            0x00026135   Thumb Code    20  tasks.o(i.pvTaskIncrementMutexHeldCount)
    pxPortInitialiseStack                    0x0002614d   Thumb Code    28  port_cmsis.o(i.pxPortInitialiseStack)
    timer_dummy_handler                      0x00026317   Thumb Code     2  bsp_buzzermusic.o(i.timer_dummy_handler)
    uart_error_handle                        0x00026757   Thumb Code     2  bsp_uart.o(i.uart_error_handle)
    uxListRemove                             0x00028d11   Thumb Code    36  list.o(i.uxListRemove)
    uxTaskGetNumberOfTasks                   0x00028d35   Thumb Code     6  tasks.o(i.uxTaskGetNumberOfTasks)
    uxTaskGetSystemState                     0x00028d41   Thumb Code   128  tasks.o(i.uxTaskGetSystemState)
    uxTaskPriorityGet                        0x00028dd1   Thumb Code    26  tasks.o(i.uxTaskPriorityGet)
    vApplicationIdleHook                     0x00028df1   Thumb Code     2  module_os.o(i.vApplicationIdleHook)
    vApplicationMallocFailedHook             0x00028df3   Thumb Code     2  module_os.o(i.vApplicationMallocFailedHook)
    vApplicationStackOverflowHook            0x00028df5   Thumb Code    34  module_os.o(i.vApplicationStackOverflowHook)
    vListInitialise                          0x00028e35   Thumb Code    22  list.o(i.vListInitialise)
    vListInitialiseItem                      0x00028e4b   Thumb Code     6  list.o(i.vListInitialiseItem)
    vListInsert                              0x00028e51   Thumb Code    48  list.o(i.vListInsert)
    vListInsertEnd                           0x00028e81   Thumb Code    24  list.o(i.vListInsertEnd)
    vPortEnterCritical                       0x00028e99   Thumb Code    12  port_cmsis.o(i.vPortEnterCritical)
    vPortExitCritical                        0x00028ea9   Thumb Code    14  port_cmsis.o(i.vPortExitCritical)
    vPortFree                                0x00028ebd   Thumb Code    54  heap_4.o(i.vPortFree)
    vPortSafeTaskSwitchContext               0x00028f09   Thumb Code    44  port_cmsis.o(i.vPortSafeTaskSwitchContext)
    vPortSetupTimerInterrupt                 0x00028f35   Thumb Code    54  port_cmsis_systick.o(i.vPortSetupTimerInterrupt)
    vPortSuppressTicksAndSleep               0x00028f81   Thumb Code   116  port_cmsis_systick.o(i.vPortSuppressTicksAndSleep)
    vPortTaskYield                           0x00029009   Thumb Code    20  port_cmsis.o(i.vPortTaskYield)
    vQueueAddToRegistry                      0x00029021   Thumb Code    32  queue.o(i.vQueueAddToRegistry)
    vQueueWaitForMessageRestricted           0x00029045   Thumb Code    60  queue.o(i.vQueueWaitForMessageRestricted)
    vTaskDelay                               0x00029081   Thumb Code    44  tasks.o(i.vTaskDelay)
    vTaskMissedYield                         0x000290b1   Thumb Code     8  tasks.o(i.vTaskMissedYield)
    vTaskPlaceOnEventList                    0x000290bd   Thumb Code    48  tasks.o(i.vTaskPlaceOnEventList)
    vTaskPlaceOnEventListRestricted          0x000290f5   Thumb Code    50  tasks.o(i.vTaskPlaceOnEventListRestricted)
    vTaskPriorityInherit                     0x00029131   Thumb Code    92  tasks.o(i.vTaskPriorityInherit)
    vTaskSetTimeOutState                     0x00029195   Thumb Code    12  tasks.o(i.vTaskSetTimeOutState)
    vTaskStartScheduler                      0x000291a5   Thumb Code    66  tasks.o(i.vTaskStartScheduler)
    vTaskStepTick                            0x000291fd   Thumb Code    10  tasks.o(i.vTaskStepTick)
    vTaskSuspendAll                          0x0002920d   Thumb Code    10  tasks.o(i.vTaskSuspendAll)
    vTaskSwitchContext                       0x0002921d   Thumb Code   116  tasks.o(i.vTaskSwitchContext)
    wdt_event_handler                        0x0002929d   Thumb Code     2  bsp_watchdog.o(i.wdt_event_handler)
    xPortGetFreeHeapSize                     0x000292a1   Thumb Code     6  heap_4.o(i.xPortGetFreeHeapSize)
    xPortGetMinimumEverFreeHeapSize          0x000292ad   Thumb Code     6  heap_4.o(i.xPortGetMinimumEverFreeHeapSize)
    xPortStartScheduler                      0x000292b9   Thumb Code    46  port_cmsis.o(i.xPortStartScheduler)
    xQueueCreateCountingSemaphore            0x000292f1   Thumb Code    20  queue.o(i.xQueueCreateCountingSemaphore)
    xQueueGenericCreate                      0x00029305   Thumb Code    72  queue.o(i.xQueueGenericCreate)
    xQueueGenericReceive                     0x0002934d   Thumb Code   272  queue.o(i.xQueueGenericReceive)
    xQueueGenericReset                       0x0002945d   Thumb Code    98  queue.o(i.xQueueGenericReset)
    xQueueGenericSend                        0x000294bf   Thumb Code   238  queue.o(i.xQueueGenericSend)
    xQueueGenericSendFromISR                 0x000295ad   Thumb Code   114  queue.o(i.xQueueGenericSendFromISR)
    xTaskCheckForTimeOut                     0x00029621   Thumb Code    66  tasks.o(i.xTaskCheckForTimeOut)
    xTaskGenericCreate                       0x00029669   Thumb Code   342  tasks.o(i.xTaskGenericCreate)
    xTaskGetCurrentTaskHandle                0x000297cd   Thumb Code     6  tasks.o(i.xTaskGetCurrentTaskHandle)
    xTaskGetSchedulerState                   0x000297d9   Thumb Code    26  tasks.o(i.xTaskGetSchedulerState)
    xTaskGetTickCount                        0x000297f9   Thumb Code     6  tasks.o(i.xTaskGetTickCount)
    xTaskIncrementTick                       0x00029805   Thumb Code   172  tasks.o(i.xTaskIncrementTick)
    xTaskPriorityDisinherit                  0x000298b9   Thumb Code    76  tasks.o(i.xTaskPriorityDisinherit)
    xTaskRemoveFromEventList                 0x0002990d   Thumb Code    86  tasks.o(i.xTaskRemoveFromEventList)
    xTaskResumeAll                           0x00029971   Thumb Code   146  tasks.o(i.xTaskResumeAll)
    xTimerCreateTimerTask                    0x00029a11   Thumb Code    52  timers.o(i.xTimerCreateTimerTask)
    xTimerGenericCommand                     0x00029a55   Thumb Code    72  timers.o(i.xTimerGenericCommand)
    Debug_MenuTab                            0x00029aa0   Data         336  uctsk_debug.o(.constdata)
    CRC16_Hi                                 0x00029bf1   Data         256  count.o(.constdata)
    CRC16_Lo                                 0x00029cf1   Data         256  count.o(.constdata)
    BSP_BUZZER_MUSIC_LIB_MORNING             0x00029e0c   Data         304  bsp_buzzermusic.o(.constdata)
    BSP_BUZZER_MUSIC_LIB_TYSG                0x00029f3c   Data         212  bsp_buzzermusic.o(.constdata)
    BSP_BUZZER_MUSIC_LIB_B                   0x0002a010   Data           4  bsp_buzzermusic.o(.constdata)
    BSP_BUZZER_MUSIC_LIB_L                   0x0002a014   Data           4  bsp_buzzermusic.o(.constdata)
    BSP_BUZZER_MUSIC_LIB_BB                  0x0002a018   Data           8  bsp_buzzermusic.o(.constdata)
    BSP_BUZZER_MUSIC_LIB_BBB                 0x0002a020   Data          12  bsp_buzzermusic.o(.constdata)
    BSP_BUZZER_MUSIC_LIB_BBBB                0x0002a02c   Data          16  bsp_buzzermusic.o(.constdata)
    BSP_BUZZER_MUSIC_LIB_BBBBB               0x0002a03c   Data          20  bsp_buzzermusic.o(.constdata)
    rtc                                      0x0002a070   Data           8  bsp_rtc.o(.constdata)
    Region$$Table$$Base                      0x0002a3b8   Number         0  anon$$obj.o(Region$$Table)
    Region$$Table$$Limit                     0x0002a3d8   Number         0  anon$$obj.o(Region$$Table)
    AppTaskStartTCB                          0x20000008   Data           4  main.o(.data)
    AppTaskDebugTCB                          0x20000018   Data           4  uctsk_debug.o(.data)
    DebugRx                                  0x20000021   Data           5  uctsk_debug.o(.data)
    ConnectTimeS                             0x20000033   Data           1  uctsk_gprsnet.o(.data)
    ConnectOutTimeS                          0x20000034   Data           1  uctsk_gprsnet.o(.data)
    GPRS_RBuf1_OverBz                        0x20000035   Data           1  uctsk_gprsnet.o(.data)
    Bz_M10ResetFinish                        0x20000036   Data           1  uctsk_gprsnet.o(.data)
    App_TaskGsmParseTCB                      0x20000038   Data           4  uctsk_gprsnet.o(.data)
    App_TaskGsmSendTCB                       0x2000003c   Data           4  uctsk_gprsnet.o(.data)
    App_TaskGsmTestTCB                       0x20000040   Data           4  uctsk_gprsnet.o(.data)
    GsmAppRxQ                                0x20000048   Data           4  uctsk_gprsnet.o(.data)
    GsmAppTxQ                                0x2000004c   Data           4  uctsk_gprsnet.o(.data)
    pTest                                    0x20000050   Data           4  uctsk_gprsnet.o(.data)
    GprsApp_Xkap_RtcReady                    0x2000005c   Data           1  uctsk_gprsappxkap.o(.data)
    GprsAppXkap_Sign_Login                   0x2000005d   Data           1  uctsk_gprsappxkap.o(.data)
    GprsAppXkap_Sign_ParaUpload              0x2000005e   Data           1  uctsk_gprsappxkap.o(.data)
    GprsAppXkap_UpdataState                  0x20000061   Data           1  uctsk_gprsappxkap.o(.data)
    GprsAppXkap_RfmsCmd                      0x20000062   Data           1  uctsk_gprsappxkap.o(.data)
    GprsAppXkap_DataPacketIndex              0x20000064   Data           1  uctsk_gprsappxkap.o(.data)
    Xkap_ConnectOrder                        0x20000067   Data           1  uctsk_gprsappxkap.o(.data)
    s_first_up                               0x2000006d   Data           1  uctsk_gprsappxkap.o(.data)
    GprsApp_RxLastToNowS                     0x2000006e   Data           2  uctsk_gprsappxkap.o(.data)
    GprsAppXkap_MovePowerRxNum               0x20000070   Data           2  uctsk_gprsappxkap.o(.data)
    App_GprsAppXkapTaskTCB                   0x20000084   Data           4  uctsk_gprsappxkap.o(.data)
    GprsAppXkap_TxNum                        0x20000088   Data           4  uctsk_gprsappxkap.o(.data)
    GprsAppXkap_RxNum                        0x2000008c   Data           4  uctsk_gprsappxkap.o(.data)
    Xkap_pConnectDnsStr                      0x20000090   Data           4  uctsk_gprsappxkap.o(.data)
    Xkap_pConnectPortStr                     0x20000094   Data           4  uctsk_gprsappxkap.o(.data)
    GprsAppXkap_Q                            0x2000009c   Data           4  uctsk_gprsappxkap.o(.data)
    GprsAppXkap_S_SOS                        0x200000a0   Data           7  uctsk_gprsappxkap.o(.data)
    AD_DebugTest_Enable                      0x200000b8   Data           1  uctsk_ad.o(.data)
    ADC_Vbat_mV                              0x200000ba   Data           2  uctsk_ad.o(.data)
    App_TaskADTCB                            0x200000bc   Data           4  uctsk_ad.o(.data)
    App_TaskUserTimer10msTCB                 0x200000c0   Data           4  uctsk_usertimer.o(.data)
    App_TaskUserTimer100msTCB                0x200000c4   Data           4  uctsk_usertimer.o(.data)
    MemManager_Mem_256B_Num                  0x200000c9   Data           1  memmanager.o(.data)
    MemManager_Mem_256B_MaxNum               0x200000ca   Data           1  memmanager.o(.data)
    MemManager_Mem_1KB_Num                   0x200000cb   Data           1  memmanager.o(.data)
    MemManager_Mem_1KB_MaxNum                0x200000cc   Data           1  memmanager.o(.data)
    MemManager_Mem_2KB_Basic_Num             0x200000d8   Data           1  memmanager.o(.data)
    MemManager_Mem_2KB_Basic_MaxNum          0x200000d9   Data           1  memmanager.o(.data)
    MemManager_Mem_5KB_Basic_Num             0x200000da   Data           1  memmanager.o(.data)
    MemManager_Mem_5KB_Basic_MaxNum          0x200000db   Data           1  memmanager.o(.data)
    MemManager_Mem_10KB_Num                  0x200000dc   Data           1  memmanager.o(.data)
    MemManager_Mem_10KB_MaxNum               0x200000dd   Data           1  memmanager.o(.data)
    Iap_AllPackage                           0x200000e4   Data           2  iap.o(.data)
    Iap_CurrentPackage                       0x200000e6   Data           2  iap.o(.data)
    memory_WeightLock                        0x200000f8   Data           1  module_memory.o(.data)
    ModuleMemory_psPara                      0x20000104   Data           4  module_memory.o(.data)
    memory_s_InfoInfo                        0x20000108   Data           8  module_memory.o(.data)
    BspAp3216c_Als                           0x20000114   Data           2  bsp_ap3216c.o(.data)
    BspAp3216c_Ps                            0x20000116   Data           2  bsp_ap3216c.o(.data)
    BspAp3216c_Ir                            0x20000118   Data           2  bsp_ap3216c.o(.data)
    BspKey_Value                             0x20000154   Data           1  bsp_key.o(.data)
    BspKey_NewSign                           0x20000155   Data           1  bsp_key.o(.data)
    BspKey_KeepTimer_ms                      0x20000160   Data           2  bsp_key.o(.data)
    BspKey_Count                             0x20000162   Data           2  bsp_key.o(.data)
    BspKey_ValueBuf                          0x20000166   Data           6  bsp_key.o(.data)
    BspKey_RealValueBuf                      0x2000016c   Data           6  bsp_key.o(.data)
    BspRtc_Err                               0x20000174   Data           1  bsp_rtc.o(.data)
    BspRtc_SoftResetTime_s                   0x2000017b   Data           1  bsp_rtc.o(.data)
    Rtc_Timer_s                              0x20000190   Data           4  bsp_rtc.o(.data)
    BspRtc_CurrentTimeBuf                    0x20000194   Data           6  bsp_rtc.o(.data)
    Tim_1ms_Count                            0x200001b0   Data           4  bsp_tim.o(.data)
    ulHighFrequencyTimerTicks                0x200001b4   Data           4  bsp_tim.o(.data)
    m_channel_id                             0x200001c5   Data           1  bsp_watchdog.o(.data)
    pxCurrentTCB                             0x20000274   Data           4  tasks.o(.data)
    SystemCoreClock                          0x200002e8   Data           4  system_nrf51.o(.data)
    Connect_s                                0x20000858   Data         120  uctsk_gprsnet.o(.bss)
    GprsNet_s_Info                           0x200008d0   Data          92  uctsk_gprsnet.o(.bss)
    Ring_S                                   0x2000092c   Data          24  uctsk_gprsnet.o(.bss)
    GprsAppXkap_S_Weather                    0x2000094e   Data          46  uctsk_gprsappxkap.o(.bss)
    GprsAppXkap_S_Info                       0x2000097c   Data          16  uctsk_gprsappxkap.o(.bss)
    GprsAppXkap_S_Err                        0x2000098c   Data          16  uctsk_gprsappxkap.o(.bss)
    BspExtFlash_s_Flash                      0x200014f4   Data          28  bsp_extflash.o(.bss)
    BspKey_PressKeepTimerBuf_10ms            0x20001524   Data          12  bsp_key.o(.bss)
    CurrentDate                              0x20001530   Data          44  bsp_rtc.o(.bss)
    rx_payload                               0x2000188c   Data          37  bsp_nrfrfesb.o(.bss)
    xQueueRegistry                           0x20001d34   Data          16  queue.o(.bss)
    _SEGGER_RTT                              0x200038a0   Data         120  segger_rtt.o(.bss)
    __initial_sp                             0x20003a10   Data           0  arm_startup_nrf51.o(STACK)



==============================================================================

Memory Map of the image

  Image Entry point : 0x0001b0c1

  Load Region LR_IROM1 (Base: 0x0001b000, Size: 0x0000f6bc, Max: 0x00025000, ABSOLUTE, COMPRESSED[0x0000f44c])

    Execution Region ER_IROM1 (Exec base: 0x0001b000, Load base: 0x0001b000, Size: 0x0000f3d8, Max: 0x00025000, ABSOLUTE)

    Exec Addr    Load Addr    Size         Type   Attr      Idx    E Section Name        Object

    0x0001b000   0x0001b000   0x000000c0   Data   RO         6619    RESET               arm_startup_nrf51.o
    0x0001b0c0   0x0001b0c0   0x00000000   Code   RO         6679  * .ARM.Collect$$$$00000000  mc_p.l(entry.o)
    0x0001b0c0   0x0001b0c0   0x00000004   Code   RO         7053    .ARM.Collect$$$$00000001  mc_p.l(entry2.o)
    0x0001b0c4   0x0001b0c4   0x00000004   Code   RO         7056    .ARM.Collect$$$$00000004  mc_p.l(entry5.o)
    0x0001b0c8   0x0001b0c8   0x00000000   Code   RO         7058    .ARM.Collect$$$$00000008  mc_p.l(entry7b.o)
    0x0001b0c8   0x0001b0c8   0x00000000   Code   RO         7060    .ARM.Collect$$$$0000000A  mc_p.l(entry8b.o)
    0x0001b0c8   0x0001b0c8   0x00000008   Code   RO         7061    .ARM.Collect$$$$0000000B  mc_p.l(entry9a.o)
    0x0001b0d0   0x0001b0d0   0x00000000   Code   RO         7063    .ARM.Collect$$$$0000000D  mc_p.l(entry10a.o)
    0x0001b0d0   0x0001b0d0   0x00000000   Code   RO         7065    .ARM.Collect$$$$0000000F  mc_p.l(entry11a.o)
    0x0001b0d0   0x0001b0d0   0x00000004   Code   RO         7054    .ARM.Collect$$$$00002712  mc_p.l(entry2.o)
    0x0001b0d4   0x0001b0d4   0x0000006c   Code   RO         6334    .emb_text           port.o
    0x0001b140   0x0001b140   0x00000038   Code   RO         6620    .text               arm_startup_nrf51.o
    0x0001b178   0x0001b178   0x0000002c   Code   RO         6682    .text               mc_p.l(uidiv.o)
    0x0001b1a4   0x0001b1a4   0x00000028   Code   RO         6684    .text               mc_p.l(idiv.o)
    0x0001b1cc   0x0001b1cc   0x00000060   Code   RO         6686    .text               mc_p.l(uldiv.o)
    0x0001b22c   0x0001b22c   0x00000010   Code   RO         6692    .text               mc_p.l(localtime_w.o)
    0x0001b23c   0x0001b23c   0x00000074   Code   RO         6695    .text               mc_p.l(localtime_r.o)
    0x0001b2b0   0x0001b2b0   0x0000008c   Code   RO         6698    .text               mc_p.l(mktime.o)
    0x0001b33c   0x0001b33c   0x00000024   Code   RO         6701    .text               mc_p.l(memcpya.o)
    0x0001b360   0x0001b360   0x00000024   Code   RO         6703    .text               mc_p.l(memseta.o)
    0x0001b384   0x0001b384   0x00000018   Code   RO         6705    .text               mc_p.l(strcat.o)
    0x0001b39c   0x0001b39c   0x00000028   Code   RO         6707    .text               mc_p.l(strstr.o)
    0x0001b3c4   0x0001b3c4   0x0000000e   Code   RO         6709    .text               mc_p.l(strlen.o)
    0x0001b3d2   0x0001b3d2   0x00000012   Code   RO         6711    .text               mc_p.l(strcpy.o)
    0x0001b3e4   0x0001b3e4   0x00000014   Code   RO         6976    .text               mc_p.l(uread4.o)
    0x0001b3f8   0x0001b3f8   0x000000b2   Code   RO         6978    .text               mf_p.l(fadd.o)
    0x0001b4aa   0x0001b4aa   0x0000007a   Code   RO         6980    .text               mf_p.l(fmul.o)
    0x0001b524   0x0001b524   0x0000007c   Code   RO         6982    .text               mf_p.l(fdiv.o)
    0x0001b5a0   0x0001b5a0   0x00000164   Code   RO         6986    .text               mf_p.l(dadd.o)
    0x0001b704   0x0001b704   0x000000d0   Code   RO         6988    .text               mf_p.l(dmul.o)
    0x0001b7d4   0x0001b7d4   0x000000f0   Code   RO         6990    .text               mf_p.l(ddiv.o)
    0x0001b8c4   0x0001b8c4   0x0000002c   Code   RO         6992    .text               mf_p.l(dscalb.o)
    0x0001b8f0   0x0001b8f0   0x00000016   Code   RO         6994    .text               mf_p.l(fflti.o)
    0x0001b906   0x0001b906   0x0000000e   Code   RO         6996    .text               mf_p.l(ffltui.o)
    0x0001b914   0x0001b914   0x00000032   Code   RO         7002    .text               mf_p.l(ffixi.o)
    0x0001b946   0x0001b946   0x00000002   PAD
    0x0001b948   0x0001b948   0x0000003c   Code   RO         7006    .text               mf_p.l(dfixui.o)
    0x0001b984   0x0001b984   0x00000028   Code   RO         7008    .text               mf_p.l(f2d.o)
    0x0001b9ac   0x0001b9ac   0x00000028   Code   RO         7010    .text               mf_p.l(cdcmple.o)
    0x0001b9d4   0x0001b9d4   0x00000028   Code   RO         7012    .text               mf_p.l(cdrcmple.o)
    0x0001b9fc   0x0001b9fc   0x00000020   Code   RO         7067    .text               mc_p.l(llshl.o)
    0x0001ba1c   0x0001ba1c   0x00000022   Code   RO         7069    .text               mc_p.l(llushr.o)
    0x0001ba3e   0x0001ba3e   0x00000026   Code   RO         7071    .text               mc_p.l(llsshr.o)
    0x0001ba64   0x0001ba64   0x00000000   Code   RO         7083    .text               mc_p.l(iusefp.o)
    0x0001ba64   0x0001ba64   0x00000082   Code   RO         7084    .text               mf_p.l(fepilogue.o)
    0x0001bae6   0x0001bae6   0x000000be   Code   RO         7086    .text               mf_p.l(depilogue.o)
    0x0001bba4   0x0001bba4   0x00000040   Code   RO         7090    .text               mf_p.l(dfixul.o)
    0x0001bbe4   0x0001bbe4   0x00000024   Code   RO         7092    .text               mc_p.l(init.o)
    0x0001bc08   0x0001bc08   0x0000003a   Code   RO         7104    .text               mc_p.l(__dczerorl.o)
    0x0001bc42   0x0001bc42   0x00000002   PAD
    0x0001bc44   0x0001bc44   0x00000094   Code   RO          741    i.ADC_Configuration  uctsk_ad.o
    0x0001bcd8   0x0001bcd8   0x00000060   Code   RO         2824    i.ADC_IRQHandler    nrf_drv_adc.o
    0x0001bd38   0x0001bd38   0x00000010   Code   RO          742    i.AD_DebugTestOnOff  uctsk_ad.o
    0x0001bd48   0x0001bd48   0x00000054   Code   RO          743    i.AD_ReadValue      uctsk_ad.o
    0x0001bd9c   0x0001bd9c   0x00000034   Code   RO          336    i.App_DebugTaskCreate  uctsk_debug.o
    0x0001bdd0   0x0001bdd0   0x0000003c   Code   RO          592    i.App_GprsAppXkapTaskCreate  uctsk_gprsappxkap.o
    0x0001be0c   0x0001be0c   0x00000038   Code   RO          446    i.App_GsmParseTaskCreate  uctsk_gprsnet.o
    0x0001be44   0x0001be44   0x00000038   Code   RO          447    i.App_GsmSendTaskCreate  uctsk_gprsnet.o
    0x0001be7c   0x0001be7c   0x00000038   Code   RO          448    i.App_GsmTestTaskCreate  uctsk_gprsnet.o
    0x0001beb4   0x0001beb4   0x0000000c   Code   RO          337    i.App_TaskDebug     uctsk_debug.o
    0x0001bec0   0x0001bec0   0x0000004c   Code   RO            3    i.App_TaskStart     main.o
    0x0001bf0c   0x0001bf0c   0x00000038   Code   RO          814    i.App_UserTimer100msTaskCreate  uctsk_usertimer.o
    0x0001bf44   0x0001bf44   0x0000003c   Code   RO          815    i.App_UserTimer10msTaskCreate  uctsk_usertimer.o
    0x0001bf80   0x0001bf80   0x00000010   Code   RO         1470    i.BspAp3216c_DebugTestOnOff  bsp_ap3216c.o
    0x0001bf90   0x0001bf90   0x00000074   Code   RO         1471    i.BspAp3216c_DebugTest_100ms  bsp_ap3216c.o
    0x0001c004   0x0001c004   0x00000014   Code   RO         1472    i.BspAp3216c_Init   bsp_ap3216c.o
    0x0001c018   0x0001c018   0x00000084   Code   RO         1474    i.BspAp3216c_Read_Auto  bsp_ap3216c.o
    0x0001c09c   0x0001c09c   0x00000014   Code   RO         1522    i.BspBuzzerMusic_DebugTestOnOff  bsp_buzzermusic.o
    0x0001c0b0   0x0001c0b0   0x00000058   Code   RO         1676    i.BspCpuId_Get      bsp_cpuid.o
    0x0001c108   0x0001c108   0x00000094   Code   RO         1793    i.BspHx711_100ms    bsp_hx711.o
    0x0001c19c   0x0001c19c   0x00000054   Code   RO         1794    i.BspHx711_Calibration  bsp_hx711.o
    0x0001c1f0   0x0001c1f0   0x00000010   Code   RO         1795    i.BspHx711_DebugTestOnOff  bsp_hx711.o
    0x0001c200   0x0001c200   0x00000034   Code   RO         1796    i.BspHx711_Get_ad   bsp_hx711.o
    0x0001c234   0x0001c234   0x0000008c   Code   RO         1797    i.BspHx711_Get_g    bsp_hx711.o
    0x0001c2c0   0x0001c2c0   0x0000004c   Code   RO         1798    i.BspHx711_Init     bsp_hx711.o
    0x0001c30c   0x0001c30c   0x00000014   Code   RO         1799    i.BspHx711_Precise1000ms  bsp_hx711.o
    0x0001c320   0x0001c320   0x0000007c   Code   RO         1800    i.BspHx711_Read     bsp_hx711.o
    0x0001c39c   0x0001c39c   0x00000010   Code   RO         1935    i.BspKey_DebugTestOnOff  bsp_key.o
    0x0001c3ac   0x0001c3ac   0x00000018   Code   RO         1936    i.BspKey_IfPressKey  bsp_key.o
    0x0001c3c4   0x0001c3c4   0x00000018   Code   RO         1937    i.BspKey_Init       bsp_key.o
    0x0001c3dc   0x0001c3dc   0x000001f8   Code   RO         1938    i.BspKey_Main_10ms  bsp_key.o
    0x0001c5d4   0x0001c5d4   0x00000158   Code   RO         1869    i.BspLed_100ms      bsp_led.o
    0x0001c72c   0x0001c72c   0x0000009c   Code   RO         1870    i.BspLed_1ms        bsp_led.o
    0x0001c7c8   0x0001c7c8   0x00000038   Code   RO         1871    i.BspLed_DebugTestOnOff  bsp_led.o
    0x0001c800   0x0001c800   0x0000003c   Code   RO         1872    i.BspLed_Init       bsp_led.o
    0x0001c83c   0x0001c83c   0x00000038   Code   RO         1873    i.BspLed_Mode       bsp_led.o
    0x0001c874   0x0001c874   0x00000038   Code   RO         1874    i.BspLed_PwmLed     bsp_led.o
    0x0001c8ac   0x0001c8ac   0x00000010   Code   RO         2048    i.BspPwr_Cmd_parse  bsp_pwr.o
    0x0001c8bc   0x0001c8bc   0x00000098   Code   RO         2104    i.BspRtc_1000ms     bsp_rtc.o
    0x0001c954   0x0001c954   0x00000378   Code   RO         2106    i.BspRtc_DebugTestOnOff  bsp_rtc.o
    0x0001cccc   0x0001cccc   0x0000000c   Code   RO         2107    i.BspRtc_GetBeginToNowS  bsp_rtc.o
    0x0001ccd8   0x0001ccd8   0x000000d0   Code   RO         2108    i.BspRtc_Init       bsp_rtc.o
    0x0001cda8   0x0001cda8   0x00000094   Code   RO         2111    i.BspRtc_ReadRealTime  bsp_rtc.o
    0x0001ce3c   0x0001ce3c   0x000000a8   Code   RO         2116    i.BspRtc_SetRealTime  bsp_rtc.o
    0x0001cee4   0x0001cee4   0x00000044   Code   RO         2274    i.BspTwi_Init       bsp_twi.o
    0x0001cf28   0x0001cf28   0x00000030   Code   RO         2275    i.BspTwi_Read_nByte  bsp_twi.o
    0x0001cf58   0x0001cf58   0x0000003c   Code   RO         2278    i.BspTwi_Write_nByte  bsp_twi.o
    0x0001cf94   0x0001cf94   0x000001d0   Code   RO         1524    i.Bsp_BuzzerMusic_PlayMusic_10ms  bsp_buzzermusic.o
    0x0001d164   0x0001d164   0x0000003c   Code   RO         1525    i.Bsp_BuzzerMusic_PlayStop  bsp_buzzermusic.o
    0x0001d1a0   0x0001d1a0   0x000000dc   Code   RO         1526    i.Bsp_BuzzerMusic_TimPwm_OnOff  bsp_buzzermusic.o
    0x0001d27c   0x0001d27c   0x00000048   Code   RO         1607    i.Bsp_CpuFlash_Cmp  bsp_cpuflash.o
    0x0001d2c4   0x0001d2c4   0x00000140   Code   RO         1608    i.Bsp_CpuFlash_DebugTestOnOff  bsp_cpuflash.o
    0x0001d404   0x0001d404   0x00000026   Code   RO         1609    i.Bsp_CpuFlash_Erase  bsp_cpuflash.o
    0x0001d42a   0x0001d42a   0x00000002   Code   RO         1610    i.Bsp_CpuFlash_Init  bsp_cpuflash.o
    0x0001d42c   0x0001d42c   0x00000030   Code   RO         1611    i.Bsp_CpuFlash_Read  bsp_cpuflash.o
    0x0001d45c   0x0001d45c   0x00000082   Code   RO         1612    i.Bsp_CpuFlash_Write  bsp_cpuflash.o
    0x0001d4de   0x0001d4de   0x00000002   PAD
    0x0001d4e0   0x0001d4e0   0x00000058   Code   RO         1677    i.Bsp_CpuId_DebugTestOnOff  bsp_cpuid.o
    0x0001d538   0x0001d538   0x0000004c   Code   RO         1678    i.Bsp_CpuId_ReadTemp  bsp_cpuid.o
    0x0001d584   0x0001d584   0x00000068   Code   RO         1679    i.Bsp_CpuId_ReadTemp_DebugTestOnOff  bsp_cpuid.o
    0x0001d5ec   0x0001d5ec   0x000001e0   Code   RO         1718    i.Bsp_ExtFlash_DebugTestOnOff  bsp_extflash.o
    0x0001d7cc   0x0001d7cc   0x00000340   Code   RO         1719    i.Bsp_ExtFlash_Erase  bsp_extflash.o
    0x0001db0c   0x0001db0c   0x00000190   Code   RO         1720    i.Bsp_ExtFlash_Init  bsp_extflash.o
    0x0001dc9c   0x0001dc9c   0x0000008c   Code   RO         1721    i.Bsp_ExtFlash_PageWrite_nByte  bsp_extflash.o
    0x0001dd28   0x0001dd28   0x00000020   Code   RO         1722    i.Bsp_ExtFlash_RW_Byte  bsp_extflash.o
    0x0001dd48   0x0001dd48   0x0000005c   Code   RO         1723    i.Bsp_ExtFlash_Read_nByte  bsp_extflash.o
    0x0001dda4   0x0001dda4   0x0000007c   Code   RO         1724    i.Bsp_ExtFlash_Write_nByte  bsp_extflash.o
    0x0001de20   0x0001de20   0x00000018   Code   RO         2709    i.Bsp_NrfRfEsb_ClocksStart  bsp_nrfrfesb.o
    0x0001de38   0x0001de38   0x00000010   Code   RO         2710    i.Bsp_NrfRfEsb_DebugTestOnOff  bsp_nrfrfesb.o
    0x0001de48   0x0001de48   0x00000034   Code   RO         2712    i.Bsp_NrfRfEsb_Init  bsp_nrfrfesb.o
    0x0001de7c   0x0001de7c   0x00000010   Code   RO         2051    i.Bsp_Pwr_Init      bsp_pwr.o
    0x0001de8c   0x0001de8c   0x0000000a   Code   RO         2053    i.Bsp_Pwr_Reset_DebugTestOnOff  bsp_pwr.o
    0x0001de96   0x0001de96   0x00000002   PAD
    0x0001de98   0x0001de98   0x00000038   Code   RO         2232    i.Bsp_Tim_EventHandler  bsp_tim.o
    0x0001ded0   0x0001ded0   0x00000048   Code   RO         2399    i.Bsp_WatchDog_init  bsp_watchdog.o
    0x0001df18   0x0001df18   0x00000058   Code   RO          854    i.Count_AsciiToHex  count.o
    0x0001df70   0x0001df70   0x00000028   Code   RO          860    i.Count_Bitmap_Read  count.o
    0x0001df98   0x0001df98   0x00000084   Code   RO          861    i.Count_Bitmap_Search  count.o
    0x0001e01c   0x0001e01c   0x00000044   Code   RO          862    i.Count_Bitmap_Write  count.o
    0x0001e060   0x0001e060   0x0000002e   Code   RO          864    i.Count_BufferLoopInit  count.o
    0x0001e08e   0x0001e08e   0x000000d8   Code   RO          865    i.Count_BufferLoopPop  count.o
    0x0001e166   0x0001e166   0x00000106   Code   RO          866    i.Count_BufferLoopPush  count.o
    0x0001e26c   0x0001e26c   0x00000030   Code   RO          867    i.Count_CRC16       count.o
    0x0001e29c   0x0001e29c   0x0000004c   Code   RO          868    i.Count_CalcDerivative  count.o
    0x0001e2e8   0x0001e2e8   0x00000208   Code   RO          872    i.Count_DebugTestOnOff  count.o
    0x0001e4f0   0x0001e4f0   0x000000ac   Code   RO          874    i.Count_DichotomyEquation  count.o
    0x0001e59c   0x0001e59c   0x00000012   Code   RO          878    i.Count_Init        count.o
    0x0001e5ae   0x0001e5ae   0x00000002   PAD
    0x0001e5b0   0x0001e5b0   0x000000a8   Code   RO          887    i.Count_NewtonRaphson  count.o
    0x0001e658   0x0001e658   0x00000048   Code   RO          888    i.Count_NonLinearEquationTestFun  count.o
    0x0001e6a0   0x0001e6a0   0x000001fc   Code   RO          889    i.Count_NonLinearEquation_Test  count.o
    0x0001e89c   0x0001e89c   0x0000003a   Code   RO          894    i.Count_Sort_Buble_U32  count.o
    0x0001e8d6   0x0001e8d6   0x00000034   Code   RO          904    i.Count_TimeCompare  count.o
    0x0001e90a   0x0001e90a   0x000000d6   Code   RO          906    i.Count_TimeTypeConvert  count.o
    0x0001e9e0   0x0001e9e0   0x00000020   Code   RO          907    i.Count_Time_ConvCalendarToUnix  count.o
    0x0001ea00   0x0001ea00   0x00000024   Code   RO          908    i.Count_Time_ConvUnixToCalendar  count.o
    0x0001ea24   0x0001ea24   0x00000060   Code   RO          338    i.DebugIn           uctsk_debug.o
    0x0001ea84   0x0001ea84   0x0000001e   Code   RO          339    i.DebugInClear      uctsk_debug.o
    0x0001eaa2   0x0001eaa2   0x00000002   PAD
    0x0001eaa4   0x0001eaa4   0x00000020   Code   RO          340    i.DebugInit         uctsk_debug.o
    0x0001eac4   0x0001eac4   0x00000068   Code   RO          346    i.DebugOut          uctsk_debug.o
    0x0001eb2c   0x0001eb2c   0x00000040   Code   RO          347    i.DebugOutHex       uctsk_debug.o
    0x0001eb6c   0x0001eb6c   0x00000012   Code   RO          348    i.DebugOutStr       uctsk_debug.o
    0x0001eb7e   0x0001eb7e   0x00000002   PAD
    0x0001eb80   0x0001eb80   0x00000378   Code   RO          349    i.DebugPro_100ms    uctsk_debug.o
    0x0001eef8   0x0001eef8   0x000000f0   Code   RO          350    i.Debug_InterruptRx  uctsk_debug.o
    0x0001efe8   0x0001efe8   0x0000002c   Code   RO         1613    i.FLASH_ErasePage   bsp_cpuflash.o
    0x0001f014   0x0001f014   0x00000020   Code   RO         1614    i.FLASH_Lock        bsp_cpuflash.o
    0x0001f034   0x0001f034   0x00000018   Code   RO         1616    i.FLASH_Unlock      bsp_cpuflash.o
    0x0001f04c   0x0001f04c   0x00000178   Code   RO         3109    i.GPIOTE_IRQHandler  nrf_drv_gpiote.o
    0x0001f1c4   0x0001f1c4   0x00000028   Code   RO          449    i.GSM_DMA_Tx        uctsk_gprsnet.o
    0x0001f1ec   0x0001f1ec   0x00000078   Code   RO          450    i.GSM_M10_INIT      uctsk_gprsnet.o
    0x0001f264   0x0001f264   0x00000074   Code   RO          451    i.GSM_PWR           uctsk_gprsnet.o
    0x0001f2d8   0x0001f2d8   0x00000064   Code   RO          593    i.GprsAppXkap_WrCmd  uctsk_gprsappxkap.o
    0x0001f33c   0x0001f33c   0x00000510   Code   RO          594    i.GprsNetAppXkap_Parse  uctsk_gprsappxkap.o
    0x0001f84c   0x0001f84c   0x00000010   Code   RO          452    i.GprsNet_DebugControlOnOff  uctsk_gprsnet.o
    0x0001f85c   0x0001f85c   0x0000001c   Code   RO          453    i.GprsNet_DebugRx   uctsk_gprsnet.o
    0x0001f878   0x0001f878   0x00000010   Code   RO          454    i.GprsNet_DebugTestOnOff  uctsk_gprsnet.o
    0x0001f888   0x0001f888   0x0000000c   Code   RO          455    i.GprsNet_FlowAdd   uctsk_gprsnet.o
    0x0001f894   0x0001f894   0x0000004c   Code   RO          457    i.GprsNet_InterruptRx  uctsk_gprsnet.o
    0x0001f8e0   0x0001f8e0   0x00000014   Code   RO          458    i.GprsNet_OnOff     uctsk_gprsnet.o
    0x0001f8f4   0x0001f8f4   0x0000005c   Code   RO         1344    i.HardFault_Handler  module_os.o
    0x0001f950   0x0001f950   0x00000932   Code   RO          677    i.Hci_100ms         uctsk_hci.o
    0x00020282   0x00020282   0x00000002   PAD
    0x00020284   0x00020284   0x0000004c   Code   RO          678    i.Hci_AlarmFunc_OnOff  uctsk_hci.o
    0x000202d0   0x000202d0   0x00000084   Code   RO          679    i.Hci_Alarm_OnOff   uctsk_hci.o
    0x00020354   0x00020354   0x00000018   Code   RO          680    i.Hci_GetSW         uctsk_hci.o
    0x0002036c   0x0002036c   0x00000070   Code   RO          681    i.Hci_GetWeight30s  uctsk_hci.o
    0x000203dc   0x000203dc   0x00000084   Code   RO          682    i.Hci_Rx_Parse      uctsk_hci.o
    0x00020460   0x00020460   0x000001cc   Code   RO         1313    i.IAP_APP           iap.o
    0x0002062c   0x0002062c   0x00000080   Code   RO         1314    i.IAP_Enter_pro     iap.o
    0x000206ac   0x000206ac   0x0000007c   Code   RO         1940    i.Key_Main_DebugTest_100ms  bsp_key.o
    0x00020728   0x00020728   0x0000007c   Code   RO         1263    i.MemManager_Free   memmanager.o
    0x000207a4   0x000207a4   0x000000a0   Code   RO         1264    i.MemManager_Get    memmanager.o
    0x00020844   0x00020844   0x00000010   Code   RO         1265    i.MemManager_Init   memmanager.o
    0x00020854   0x00020854   0x000000fc   Code   RO         1403    i.Module_Memory_100ms  module_memory.o
    0x00020950   0x00020950   0x00000470   Code   RO         1404    i.Module_Memory_App  module_memory.o
    0x00020dc0   0x00020dc0   0x00000020   Code   RO         1405    i.Module_Memory_DebugTest_FactoryOnOff  module_memory.o
    0x00020de0   0x00020de0   0x00000028   Code   RO         1406    i.Module_Memory_DebugTest_OnOff  module_memory.o
    0x00020e08   0x00020e08   0x00000064   Code   RO         1407    i.Module_Memory_DebugTest_PrintInfo  module_memory.o
    0x00020e6c   0x00020e6c   0x000011a8   Code   RO         1408    i.Module_Memory_DebugTest_ReadParaOnOff  module_memory.o
    0x00022014   0x00022014   0x0000010c   Code   RO         1409    i.Module_Memory_Init  module_memory.o
    0x00022120   0x00022120   0x0000038c   Code   RO         1345    i.Module_OS_Info_DebugTestOnOff  module_os.o
    0x000224ac   0x000224ac   0x00000014   Code   RO         5117    i.NVIC_DisableIRQ   nrf_esb.o
    0x000224c0   0x000224c0   0x00000014   Code   RO         5118    i.NVIC_EnableIRQ    nrf_esb.o
    0x000224d4   0x000224d4   0x00000014   Code   RO         5119    i.NVIC_SetPendingIRQ  nrf_esb.o
    0x000224e8   0x000224e8   0x00000044   Code   RO         5120    i.NVIC_SetPriority  nrf_esb.o
    0x0002252c   0x0002252c   0x00000054   Code   RO         2933    i.POWER_CLOCK_IRQHandler  nrf_drv_clock.o
    0x00022580   0x00022580   0x00000054   Code   RO         5121    i.RADIO_IRQHandler  nrf_esb.o
    0x000225d4   0x000225d4   0x00000048   Code   RO         3494    i.RNG_IRQHandler    nrf_drv_rng.o
    0x0002261c   0x0002261c   0x00000014   Code   RO         3567    i.RTC0_IRQHandler   nrf_drv_rtc.o
    0x00022630   0x00022630   0x00000050   Code   RO         6428    i.RTC1_IRQHandler   port_cmsis_systick.o
    0x00022680   0x00022680   0x00000050   Code   RO          459    i.RingParse         uctsk_gprsnet.o
    0x000226d0   0x000226d0   0x00000026   Code   RO         6475    i.SEGGER_RTT_Read   segger_rtt.o
    0x000226f6   0x000226f6   0x00000002   PAD
    0x000226f8   0x000226f8   0x00000080   Code   RO         6476    i.SEGGER_RTT_ReadNoLock  segger_rtt.o
    0x00022778   0x00022778   0x00000038   Code   RO         6482    i.SEGGER_RTT_Write  segger_rtt.o
    0x000227b0   0x000227b0   0x0000005c   Code   RO         6483    i.SEGGER_RTT_WriteNoLock  segger_rtt.o
    0x0002280c   0x0002280c   0x00000038   Code   RO         3669    i.SPI0_TWI0_IRQHandler  nrf_drv_spi.o
    0x00022844   0x00022844   0x00000014   Code   RO         3874    i.SPI1_TWI1_IRQHandler  nrf_drv_twi.o
    0x00022858   0x00022858   0x00000058   Code   RO         5122    i.SWI0_IRQHandler   nrf_esb.o
    0x000228b0   0x000228b0   0x000000a0   Code   RO         6627    i.SystemInit        system_nrf51.o
    0x00022950   0x00022950   0x00000018   Code   RO         3748    i.TIMER0_IRQHandler  nrf_drv_timer.o
    0x00022968   0x00022968   0x00000018   Code   RO         3749    i.TIMER1_IRQHandler  nrf_drv_timer.o
    0x00022980   0x00022980   0x00000018   Code   RO         3750    i.TIMER2_IRQHandler  nrf_drv_timer.o
    0x00022998   0x00022998   0x0000005c   Code   RO         2233    i.TIM_Configuration  bsp_tim.o
    0x000229f4   0x000229f4   0x00000024   Code   RO         2118    i.Time_GetCalendarTime  bsp_rtc.o
    0x00022a18   0x00022a18   0x00000028   Code   RO         2119    i.Time_SetCalendarTime  bsp_rtc.o
    0x00022a40   0x00022a40   0x00000014   Code   RO         4024    i.UART0_IRQHandler  nrf_drv_uart.o
    0x00022a54   0x00022a54   0x000000c8   Code   RO         2338    i.UART_1ms_IRQ      bsp_uart.o
    0x00022b1c   0x00022b1c   0x0000002e   Code   RO         2339    i.UART_DMA_Tx       bsp_uart.o
    0x00022b4a   0x00022b4a   0x00000002   PAD
    0x00022b4c   0x00022b4c   0x00000048   Code   RO         2340    i.UART_INIT         bsp_uart.o
    0x00022b94   0x00022b94   0x00000028   Code   RO         4195    i.WDT_IRQHandler    nrf_drv_wdt.o
    0x00022bbc   0x00022bbc   0x000000a4   Code   RO          595    i.Xkap_GetIapData   uctsk_gprsappxkap.o
    0x00022c60   0x00022c60   0x00000080   Code   RO          596    i.Xkap_GetTime      uctsk_gprsappxkap.o
    0x00022ce0   0x00022ce0   0x000000ac   Code   RO          597    i.Xkap_ParseAckPara  uctsk_gprsappxkap.o
    0x00022d8c   0x00022d8c   0x000000b0   Code   RO          598    i.Xkap_SendErr      uctsk_gprsappxkap.o
    0x00022e3c   0x00022e3c   0x000000b8   Code   RO          599    i.Xkap_SendInfo     uctsk_gprsappxkap.o
    0x00022ef4   0x00022ef4   0x000002f4   Code   RO          600    i.Xkap_SendPara     uctsk_gprsappxkap.o
    0x000231e8   0x000231e8   0x00000094   Code   RO          601    i.Xkap_SendSOS      uctsk_gprsappxkap.o
    0x0002327c   0x0002327c   0x0000006c   Code   RO         6486    i._DoInit           segger_rtt.o
    0x000232e8   0x000232e8   0x00000016   Code   RO         6487    i._GetAvailWriteSpace  segger_rtt.o
    0x000232fe   0x000232fe   0x00000060   Code   RO         6489    i._WriteBlocking    segger_rtt.o
    0x0002335e   0x0002335e   0x0000003c   Code   RO         6490    i._WriteNoCheck     segger_rtt.o
    0x0002339a   0x0002339a   0x00000002   PAD
    0x0002339c   0x0002339c   0x00000028   Code   RO         6950    i.__0sprintf        mc_p.l(printfa.o)
    0x000233c4   0x000233c4   0x0000002e   Code   RO         7088    i.__ARM_clz         mf_p.l(depilogue.o)
    0x000233f2   0x000233f2   0x00000030   Code   RO         1396    i.__ARM_common_ll_muluu  module_os.o
    0x00023422   0x00023422   0x0000001a   Code   RO          435    i.__ARM_common_switch8  uctsk_debug.o
    0x0002343c   0x0002343c   0x0000000e   Code   RO         7098    i.__scatterload_copy  mc_p.l(handlers.o)
    0x0002344a   0x0002344a   0x00000002   Code   RO         7099    i.__scatterload_null  mc_p.l(handlers.o)
    0x0002344c   0x0002344c   0x0000000e   Code   RO         7100    i.__scatterload_zeroinit  mc_p.l(handlers.o)
    0x0002345a   0x0002345a   0x00000002   PAD
    0x0002345c   0x0002345c   0x00000174   Code   RO         6955    i._fp_digits        mc_p.l(printfa.o)
    0x000235d0   0x000235d0   0x000006ec   Code   RO         6956    i._printf_core      mc_p.l(printfa.o)
    0x00023cbc   0x00023cbc   0x00000020   Code   RO         6957    i._printf_post_padding  mc_p.l(printfa.o)
    0x00023cdc   0x00023cdc   0x0000002c   Code   RO         6958    i._printf_pre_padding  mc_p.l(printfa.o)
    0x00023d08   0x00023d08   0x0000000a   Code   RO         6960    i._sputc            mc_p.l(printfa.o)
    0x00023d12   0x00023d12   0x00000002   Code   RO          746    i.adc_event_handler  uctsk_ad.o
    0x00023d14   0x00023d14   0x00000060   Code   RO         2825    i.adc_sample_process  nrf_drv_adc.o
    0x00023d74   0x00023d74   0x0000000a   Code   RO         5123    i.addr_conv         nrf_esb.o
    0x00023d7e   0x00023d7e   0x00000002   PAD
    0x00023d80   0x00023d80   0x0000001c   Code   RO         4452    i.app_error_fault_handler  app_error_weak.o
    0x00023d9c   0x00023d9c   0x00000018   Code   RO         4414    i.app_error_handler_bare  app_error.o
    0x00023db4   0x00023db4   0x00000016   Code   RO         4731    i.app_fifo_get      app_fifo.o
    0x00023dca   0x00023dca   0x00000024   Code   RO         4732    i.app_fifo_init     app_fifo.o
    0x00023dee   0x00023dee   0x0000001a   Code   RO         4734    i.app_fifo_put      app_fifo.o
    0x00023e08   0x00023e08   0x00000038   Code   RO         4801    i.app_uart_get      app_uart_fifo.o
    0x00023e40   0x00023e40   0x000000b0   Code   RO         4802    i.app_uart_init     app_uart_fifo.o
    0x00023ef0   0x00023ef0   0x00000040   Code   RO         4803    i.app_uart_put      app_uart_fifo.o
    0x00023f30   0x00023f30   0x00000008   Code   RO         4691    i.app_util_critical_region_enter  app_util_platform.o
    0x00023f38   0x00023f38   0x00000008   Code   RO         4692    i.app_util_critical_region_exit  app_util_platform.o
    0x00023f40   0x00023f40   0x00000010   Code   RO         4693    i.app_util_disable_irq  app_util_platform.o
    0x00023f50   0x00023f50   0x00000014   Code   RO         4694    i.app_util_enable_irq  app_util_platform.o
    0x00023f64   0x00023f64   0x00000084   Code   RO         4025    i.apply_config      nrf_drv_uart.o
    0x00023fe8   0x00023fe8   0x0000000e   Code   RO         3324    i.are_app_channels  nrf_drv_ppi.o
    0x00023ff6   0x00023ff6   0x00000094   Code   RO          914    i.arm_linear_interp_f32  count.o
    0x0002408a   0x0002408a   0x00000002   PAD
    0x0002408c   0x0002408c   0x00000034   Code   RO         5124    i.bytewise_bit_swap  nrf_esb.o
    0x000240c0   0x000240c0   0x0000001c   Code   RO         3110    i.channel_free      nrf_drv_gpiote.o
    0x000240dc   0x000240dc   0x00000048   Code   RO         3111    i.channel_port_alloc  nrf_drv_gpiote.o
    0x00024124   0x00024124   0x00000010   Code   RO         3112    i.channel_port_get  nrf_drv_gpiote.o
    0x00024134   0x00024134   0x00000054   Code   RO         5125    i.clear_events_restart_rx  nrf_esb.o
    0x00024188   0x00024188   0x00000028   Code   RO         2934    i.clock_clk_started_notify  nrf_drv_clock.o
    0x000241b0   0x000241b0   0x00000030   Code   RO         5781    i.eTaskConfirmSleepModeStatus  tasks.o
    0x000241e0   0x000241e0   0x00000078   Code   RO         2714    i.esb_init          bsp_nrfrfesb.o
    0x00024258   0x00024258   0x00000014   Code   RO         4737    i.fifo_get          app_fifo.o
    0x0002426c   0x0002426c   0x00000012   Code   RO         4738    i.fifo_put          app_fifo.o
    0x0002427e   0x0002427e   0x00000040   Code   RO         3751    i.irq_handler       nrf_drv_timer.o
    0x000242be   0x000242be   0x000000ac   Code   RO         3875    i.irq_handler_twi   nrf_drv_twi.o
    0x0002436a   0x0002436a   0x00000002   PAD
    0x0002436c   0x0002436c   0x00000018   Code   RO         3325    i.is_allocated_channel  nrf_drv_ppi.o
    0x00024384   0x00024384   0x0000000e   Code   RO         3327    i.is_app_channel    nrf_drv_ppi.o
    0x00024392   0x00024392   0x00000002   PAD
    0x00024394   0x00024394   0x00000048   Code   RO         6628    i.is_manual_peripheral_setup_needed  system_nrf51.o
    0x000243dc   0x000243dc   0x0000000e   Code   RO         3329    i.is_programmable_app_channel  nrf_drv_ppi.o
    0x000243ea   0x000243ea   0x00000016   Code   RO         2936    i.item_enqueue      nrf_drv_clock.o
    0x00024400   0x00024400   0x0000003c   Code   RO            4    i.main              main.o
    0x0002443c   0x0002443c   0x00000014   Code   RO         2826    i.nrf_adc_event_check  nrf_drv_adc.o
    0x00024450   0x00024450   0x00000010   Code   RO         3113    i.nrf_bitmask_bit_is_set  nrf_drv_gpiote.o
    0x00024460   0x00024460   0x00000010   Code   RO         2938    i.nrf_clock_event_check  nrf_drv_clock.o
    0x00024470   0x00024470   0x00000030   Code   RO         3876    i.nrf_delay_us      nrf_drv_twi.o
    0x000244a0   0x000244a0   0x00000064   Code   RO         2827    i.nrf_drv_adc_buffer_convert  nrf_drv_adc.o
    0x00024504   0x00024504   0x00000020   Code   RO         2829    i.nrf_drv_adc_channel_enable  nrf_drv_adc.o
    0x00024524   0x00024524   0x00000040   Code   RO         2830    i.nrf_drv_adc_init  nrf_drv_adc.o
    0x00024564   0x00024564   0x0000000c   Code   RO         2832    i.nrf_drv_adc_sample  nrf_drv_adc.o
    0x00024570   0x00024570   0x00000040   Code   RO         2945    i.nrf_drv_clock_init  nrf_drv_clock.o
    0x000245b0   0x000245b0   0x00000064   Code   RO         2950    i.nrf_drv_clock_lfclk_request  nrf_drv_clock.o
    0x00024614   0x00024614   0x00000060   Code   RO         3074    i.nrf_drv_common_irq_enable  nrf_drv_common.o
    0x00024674   0x00024674   0x0000005c   Code   RO         3120    i.nrf_drv_gpiote_init  nrf_drv_gpiote.o
    0x000246d0   0x000246d0   0x0000009c   Code   RO         3123    i.nrf_drv_gpiote_out_init  nrf_drv_gpiote.o
    0x0002476c   0x0002476c   0x00000010   Code   RO         3124    i.nrf_drv_gpiote_out_set  nrf_drv_gpiote.o
    0x0002477c   0x0002477c   0x00000014   Code   RO         3125    i.nrf_drv_gpiote_out_task_addr_get  nrf_drv_gpiote.o
    0x00024790   0x00024790   0x00000030   Code   RO         3127    i.nrf_drv_gpiote_out_task_enable  nrf_drv_gpiote.o
    0x000247c0   0x000247c0   0x0000005c   Code   RO         3330    i.nrf_drv_ppi_channel_alloc  nrf_drv_ppi.o
    0x0002481c   0x0002481c   0x00000040   Code   RO         3331    i.nrf_drv_ppi_channel_assign  nrf_drv_ppi.o
    0x0002485c   0x0002485c   0x0000003c   Code   RO         3333    i.nrf_drv_ppi_channel_enable  nrf_drv_ppi.o
    0x00024898   0x00024898   0x00000018   Code   RO         3342    i.nrf_drv_ppi_init  nrf_drv_ppi.o
    0x000248b0   0x000248b0   0x00000058   Code   RO         3497    i.nrf_drv_rng_init  nrf_drv_rng.o
    0x00024908   0x00024908   0x00000020   Code   RO         3499    i.nrf_drv_rng_start  nrf_drv_rng.o
    0x00024928   0x00024928   0x00000014   Code   RO         3500    i.nrf_drv_rng_stop  nrf_drv_rng.o
    0x0002493c   0x0002493c   0x00000094   Code   RO         3569    i.nrf_drv_rtc_cc_set  nrf_drv_rtc.o
    0x000249d0   0x000249d0   0x00000018   Code   RO         3571    i.nrf_drv_rtc_enable  nrf_drv_rtc.o
    0x000249e8   0x000249e8   0x0000006c   Code   RO         3572    i.nrf_drv_rtc_init  nrf_drv_rtc.o
    0x00024a54   0x00024a54   0x0000009c   Code   RO         3573    i.nrf_drv_rtc_int_handler  nrf_drv_rtc.o
    0x00024af0   0x00024af0   0x00000024   Code   RO         3578    i.nrf_drv_rtc_tick_enable  nrf_drv_rtc.o
    0x00024b14   0x00024b14   0x00000114   Code   RO         3670    i.nrf_drv_spi_init  nrf_drv_spi.o
    0x00024c28   0x00024c28   0x00000018   Code   RO         3671    i.nrf_drv_spi_transfer  nrf_drv_spi.o
    0x00024c40   0x00024c40   0x00000070   Code   RO         3673    i.nrf_drv_spi_xfer  nrf_drv_spi.o
    0x00024cb0   0x00024cb0   0x0000002a   Code   RO         3754    i.nrf_drv_timer_compare  nrf_drv_timer.o
    0x00024cda   0x00024cda   0x00000002   PAD
    0x00024cdc   0x00024cdc   0x00000018   Code   RO         3757    i.nrf_drv_timer_disable  nrf_drv_timer.o
    0x00024cf4   0x00024cf4   0x0000001c   Code   RO         3758    i.nrf_drv_timer_enable  nrf_drv_timer.o
    0x00024d10   0x00024d10   0x0000002e   Code   RO         3759    i.nrf_drv_timer_extended_compare  nrf_drv_timer.o
    0x00024d3e   0x00024d3e   0x00000002   PAD
    0x00024d40   0x00024d40   0x0000009c   Code   RO         3761    i.nrf_drv_timer_init  nrf_drv_timer.o
    0x00024ddc   0x00024ddc   0x00000020   Code   RO         3879    i.nrf_drv_twi_enable  nrf_drv_twi.o
    0x00024dfc   0x00024dfc   0x00000088   Code   RO         3880    i.nrf_drv_twi_init  nrf_drv_twi.o
    0x00024e84   0x00024e84   0x00000024   Code   RO         3881    i.nrf_drv_twi_rx    nrf_drv_twi.o
    0x00024ea8   0x00024ea8   0x00000024   Code   RO         3884    i.nrf_drv_twi_tx    nrf_drv_twi.o
    0x00024ecc   0x00024ecc   0x00000028   Code   RO         3886    i.nrf_drv_twi_xfer  nrf_drv_twi.o
    0x00024ef4   0x00024ef4   0x00000080   Code   RO         4027    i.nrf_drv_uart_init  nrf_drv_uart.o
    0x00024f74   0x00024f74   0x0000005c   Code   RO         4028    i.nrf_drv_uart_rx   nrf_drv_uart.o
    0x00024fd0   0x00024fd0   0x0000002c   Code   RO         4031    i.nrf_drv_uart_rx_enable  nrf_drv_uart.o
    0x00024ffc   0x00024ffc   0x000000a8   Code   RO         4032    i.nrf_drv_uart_rx_for_uart  nrf_drv_uart.o
    0x000250a4   0x000250a4   0x00000034   Code   RO         4033    i.nrf_drv_uart_tx   nrf_drv_uart.o
    0x000250d8   0x000250d8   0x0000008c   Code   RO         4035    i.nrf_drv_uart_tx_for_uart  nrf_drv_uart.o
    0x00025164   0x00025164   0x00000018   Code   RO         4036    i.nrf_drv_uart_tx_in_progress  nrf_drv_uart.o
    0x0002517c   0x0002517c   0x0000003c   Code   RO         4196    i.nrf_drv_wdt_channel_alloc  nrf_drv_wdt.o
    0x000251b8   0x000251b8   0x00000020   Code   RO         4198    i.nrf_drv_wdt_enable  nrf_drv_wdt.o
    0x000251d8   0x000251d8   0x00000048   Code   RO         4200    i.nrf_drv_wdt_init  nrf_drv_wdt.o
    0x00025220   0x00025220   0x00000048   Code   RO         5126    i.nrf_esb_disable   nrf_esb.o
    0x00025268   0x00025268   0x00000054   Code   RO         2715    i.nrf_esb_event_handler  bsp_nrfrfesb.o
    0x000252bc   0x000252bc   0x00000108   Code   RO         5131    i.nrf_esb_init      nrf_esb.o
    0x000253c4   0x000253c4   0x00000078   Code   RO         5134    i.nrf_esb_read_rx_payload  nrf_esb.o
    0x0002543c   0x0002543c   0x00000034   Code   RO         5135    i.nrf_esb_set_address_length  nrf_esb.o
    0x00025470   0x00025470   0x00000030   Code   RO         5136    i.nrf_esb_set_base_address_0  nrf_esb.o
    0x000254a0   0x000254a0   0x00000030   Code   RO         5137    i.nrf_esb_set_base_address_1  nrf_esb.o
    0x000254d0   0x000254d0   0x0000004c   Code   RO         5138    i.nrf_esb_set_prefixes  nrf_esb.o
    0x0002551c   0x0002551c   0x00000024   Code   RO         5139    i.nrf_esb_set_rf_channel  nrf_esb.o
    0x00025540   0x00025540   0x00000084   Code   RO         5141    i.nrf_esb_start_rx  nrf_esb.o
    0x000255c4   0x000255c4   0x00000028   Code   RO          462    i.nrf_gpio_cfg      uctsk_gprsnet.o
    0x000255ec   0x000255ec   0x00000028   Code   RO         1801    i.nrf_gpio_cfg      bsp_hx711.o
    0x00025614   0x00025614   0x00000028   Code   RO         3133    i.nrf_gpio_cfg      nrf_drv_gpiote.o
    0x0002563c   0x0002563c   0x00000028   Code   RO         3674    i.nrf_gpio_cfg      nrf_drv_spi.o
    0x00025664   0x00025664   0x00000028   Code   RO         4038    i.nrf_gpio_cfg      nrf_drv_uart.o
    0x0002568c   0x0002568c   0x00000014   Code   RO          683    i.nrf_gpio_cfg_input  uctsk_hci.o
    0x000256a0   0x000256a0   0x00000012   Code   RO         4040    i.nrf_gpio_cfg_input  nrf_drv_uart.o
    0x000256b2   0x000256b2   0x00000014   Code   RO         1875    i.nrf_gpio_cfg_output  bsp_led.o
    0x000256c6   0x000256c6   0x00000014   Code   RO         3675    i.nrf_gpio_cfg_output  nrf_drv_spi.o
    0x000256da   0x000256da   0x00000014   Code   RO         4041    i.nrf_gpio_cfg_output  nrf_drv_uart.o
    0x000256ee   0x000256ee   0x00000022   Code   RO         3135    i.nrf_gpio_cfg_sense_set  nrf_drv_gpiote.o
    0x00025710   0x00025710   0x00000010   Code   RO         1725    i.nrf_gpio_pin_clear  bsp_extflash.o
    0x00025720   0x00025720   0x00000010   Code   RO         1726    i.nrf_gpio_pin_set  bsp_extflash.o
    0x00025730   0x00025730   0x00000010   Code   RO         3676    i.nrf_gpio_pin_set  nrf_drv_spi.o
    0x00025740   0x00025740   0x00000010   Code   RO         3887    i.nrf_gpio_pin_set  nrf_drv_twi.o
    0x00025750   0x00025750   0x00000018   Code   RO          463    i.nrf_gpio_pin_write  uctsk_gprsnet.o
    0x00025768   0x00025768   0x00000018   Code   RO          684    i.nrf_gpio_pin_write  uctsk_hci.o
    0x00025780   0x00025780   0x00000018   Code   RO         1802    i.nrf_gpio_pin_write  bsp_hx711.o
    0x00025798   0x00025798   0x00000018   Code   RO         1876    i.nrf_gpio_pin_write  bsp_led.o
    0x000257b0   0x000257b0   0x00000028   Code   RO         3136    i.nrf_gpio_ports_read  nrf_drv_gpiote.o
    0x000257d8   0x000257d8   0x00000010   Code   RO         3137    i.nrf_gpiote_event_clear  nrf_drv_gpiote.o
    0x000257e8   0x000257e8   0x00000014   Code   RO         3138    i.nrf_gpiote_event_is_set  nrf_drv_gpiote.o
    0x000257fc   0x000257fc   0x0000001e   Code   RO         4997    i.nrf_queue_is_full  nrf_queue.o
    0x0002581a   0x0002581a   0x0000000e   Code   RO         4998    i.nrf_queue_next_idx  nrf_queue.o
    0x00025828   0x00025828   0x000000a8   Code   RO         5000    i.nrf_queue_push    nrf_queue.o
    0x000258d0   0x000258d0   0x0000000a   Code   RO         3888    i.nrf_twi_event_check  nrf_drv_twi.o
    0x000258da   0x000258da   0x0000000a   Code   RO         4042    i.nrf_uart_event_check  nrf_drv_uart.o
    0x000258e4   0x000258e4   0x00000010   Code   RO         4043    i.nrf_uart_int_enable_check  nrf_drv_uart.o
    0x000258f4   0x000258f4   0x0000015c   Code   RO         5147    i.on_radio_disabled_rx  nrf_esb.o
    0x00025a50   0x00025a50   0x0000003c   Code   RO         5148    i.on_radio_disabled_rx_ack  nrf_esb.o
    0x00025a8c   0x00025a8c   0x00000010   Code   RO         5783    i.pcTaskGetTaskName  tasks.o
    0x00025a9c   0x00025a9c   0x00000034   Code   RO         5784    i.prvAddCurrentTaskToDelayedList  tasks.o
    0x00025ad0   0x00025ad0   0x00000050   Code   RO         6166    i.prvCheckForValidListAndQueue  timers.o
    0x00025b20   0x00025b20   0x00000058   Code   RO         5785    i.prvCheckTasksWaitingTermination  tasks.o
    0x00025b78   0x00025b78   0x00000026   Code   RO         5557    i.prvCopyDataFromQueue  queue.o
    0x00025b9e   0x00025b9e   0x00000076   Code   RO         5558    i.prvCopyDataToQueue  queue.o
    0x00025c14   0x00025c14   0x00000028   Code   RO         5786    i.prvGetExpectedIdleTime  tasks.o
    0x00025c3c   0x00025c3c   0x00000044   Code   RO         6277    i.prvHeapInit       heap_4.o
    0x00025c80   0x00025c80   0x00000026   Code   RO         5787    i.prvIdleTask       tasks.o
    0x00025ca6   0x00025ca6   0x00000002   PAD
    0x00025ca8   0x00025ca8   0x0000004c   Code   RO         6278    i.prvInsertBlockIntoFreeList  heap_4.o
    0x00025cf4   0x00025cf4   0x00000038   Code   RO         6167    i.prvInsertTimerInActiveList  timers.o
    0x00025d2c   0x00025d2c   0x00000086   Code   RO         5788    i.prvListTaskWithinSingleList  tasks.o
    0x00025db2   0x00025db2   0x00000042   Code   RO         5559    i.prvNotifyQueueSetContainer  queue.o
    0x00025df4   0x00025df4   0x000000a8   Code   RO         6168    i.prvProcessReceivedCommands  timers.o
    0x00025e9c   0x00025e9c   0x00000094   Code   RO         6169    i.prvProcessTimerOrBlockTask  timers.o
    0x00025f30   0x00025f30   0x00000020   Code   RO         5789    i.prvResetNextTaskUnblockTime  tasks.o
    0x00025f50   0x00025f50   0x00000028   Code   RO         6170    i.prvSampleTimeNow  timers.o
    0x00025f78   0x00025f78   0x00000058   Code   RO         6171    i.prvSwitchTimerLists  timers.o
    0x00025fd0   0x00025fd0   0x00000014   Code   RO         5790    i.prvTaskCheckFreeStackSpace  tasks.o
    0x00025fe4   0x00025fe4   0x00000004   Code   RO         6352    i.prvTaskExitError  port_cmsis.o
    0x00025fe8   0x00025fe8   0x00000024   Code   RO         6172    i.prvTimerTask      timers.o
    0x0002600c   0x0002600c   0x0000007e   Code   RO         5560    i.prvUnlockQueue    queue.o
    0x0002608a   0x0002608a   0x00000002   PAD
    0x0002608c   0x0002608c   0x000000a8   Code   RO         6279    i.pvPortMalloc      heap_4.o
    0x00026134   0x00026134   0x00000018   Code   RO         5793    i.pvTaskIncrementMutexHeldCount  tasks.o
    0x0002614c   0x0002614c   0x00000024   Code   RO         6353    i.pxPortInitialiseStack  port_cmsis.o
    0x00026170   0x00026170   0x00000016   Code   RO         5006    i.queue_utilization_get  nrf_queue.o
    0x00026186   0x00026186   0x00000002   PAD
    0x00026188   0x00026188   0x0000001c   Code   RO         5152    i.reset_fifos       nrf_esb.o
    0x000261a4   0x000261a4   0x0000002c   Code   RO         2120    i.rtc_handler       bsp_rtc.o
    0x000261d0   0x000261d0   0x00000026   Code   RO         4044    i.rx_byte           nrf_drv_uart.o
    0x000261f6   0x000261f6   0x00000014   Code   RO         4045    i.rx_done_event     nrf_drv_uart.o
    0x0002620a   0x0002620a   0x0000001a   Code   RO         4046    i.rx_enable         nrf_drv_uart.o
    0x00026224   0x00026224   0x00000080   Code   RO         5153    i.rx_fifo_push_rfbuf  nrf_esb.o
    0x000262a4   0x000262a4   0x00000072   Code   RO         3677    i.spi_xfer          nrf_drv_spi.o
    0x00026316   0x00026316   0x00000002   Code   RO         1527    i.timer_dummy_handler  bsp_buzzermusic.o
    0x00026318   0x00026318   0x00000050   Code   RO         3678    i.transfer_byte     nrf_drv_spi.o
    0x00026368   0x00026368   0x00000098   Code   RO         3889    i.twi_clear_bus     nrf_drv_twi.o
    0x00026400   0x00026400   0x00000020   Code   RO         3890    i.twi_process_error  nrf_drv_twi.o
    0x00026420   0x00026420   0x000000a0   Code   RO         3891    i.twi_rx_start_transfer  nrf_drv_twi.o
    0x000264c0   0x000264c0   0x0000002e   Code   RO         3892    i.twi_send_byte     nrf_drv_twi.o
    0x000264ee   0x000264ee   0x00000108   Code   RO         3893    i.twi_transfer      nrf_drv_twi.o
    0x000265f6   0x000265f6   0x00000002   PAD
    0x000265f8   0x000265f8   0x0000009c   Code   RO         3894    i.twi_tx_start_transfer  nrf_drv_twi.o
    0x00026694   0x00026694   0x0000008c   Code   RO         3895    i.twi_xfer          nrf_drv_twi.o
    0x00026720   0x00026720   0x0000001e   Code   RO         4047    i.tx_byte           nrf_drv_uart.o
    0x0002673e   0x0002673e   0x00000018   Code   RO         4048    i.tx_done_event     nrf_drv_uart.o
    0x00026756   0x00026756   0x00000002   Code   RO         2341    i.uart_error_handle  bsp_uart.o
    0x00026758   0x00026758   0x000000a8   Code   RO         4804    i.uart_event_handler  app_uart_fifo.o
    0x00026800   0x00026800   0x00000128   Code   RO         4049    i.uart_irq_handler  nrf_drv_uart.o
    0x00026928   0x00026928   0x000003d4   Code   RO          602    i.uctsk_GprsAppXkap  uctsk_gprsappxkap.o
    0x00026cfc   0x00026cfc   0x0000177c   Code   RO          464    i.uctsk_GsmParse    uctsk_gprsnet.o
    0x00028478   0x00028478   0x00000490   Code   RO          465    i.uctsk_GsmSend     uctsk_gprsnet.o
    0x00028908   0x00028908   0x0000027c   Code   RO          466    i.uctsk_GsmTest     uctsk_gprsnet.o
    0x00028b84   0x00028b84   0x00000020   Code   RO          816    i.uctsk_UserTimer100ms  uctsk_usertimer.o
    0x00028ba4   0x00028ba4   0x0000001c   Code   RO          817    i.uctsk_UserTimer10ms  uctsk_usertimer.o
    0x00028bc0   0x00028bc0   0x0000001c   Code   RO         5562    i.ulPortDisableISR  queue.o
    0x00028bdc   0x00028bdc   0x00000044   Code   RO         5156    i.update_radio_addresses  nrf_esb.o
    0x00028c20   0x00028c20   0x00000088   Code   RO         5157    i.update_radio_parameters  nrf_esb.o
    0x00028ca8   0x00028ca8   0x00000014   Code   RO         5158    i.update_radio_tx_power  nrf_esb.o
    0x00028cbc   0x00028cbc   0x0000002c   Code   RO         5159    i.update_rf_payload_format_esb  nrf_esb.o
    0x00028ce8   0x00028ce8   0x00000028   Code   RO         5160    i.update_rf_payload_format_esb_dpl  nrf_esb.o
    0x00028d10   0x00028d10   0x00000024   Code   RO         5513    i.uxListRemove      list.o
    0x00028d34   0x00028d34   0x0000000c   Code   RO         5796    i.uxTaskGetNumberOfTasks  tasks.o
    0x00028d40   0x00028d40   0x00000090   Code   RO         5798    i.uxTaskGetSystemState  tasks.o
    0x00028dd0   0x00028dd0   0x00000020   Code   RO         5800    i.uxTaskPriorityGet  tasks.o
    0x00028df0   0x00028df0   0x00000002   Code   RO         1347    i.vApplicationIdleHook  module_os.o
    0x00028df2   0x00028df2   0x00000002   Code   RO         1348    i.vApplicationMallocFailedHook  module_os.o
    0x00028df4   0x00028df4   0x00000040   Code   RO         1349    i.vApplicationStackOverflowHook  module_os.o
    0x00028e34   0x00028e34   0x00000016   Code   RO         5514    i.vListInitialise   list.o
    0x00028e4a   0x00028e4a   0x00000006   Code   RO         5515    i.vListInitialiseItem  list.o
    0x00028e50   0x00028e50   0x00000030   Code   RO         5516    i.vListInsert       list.o
    0x00028e80   0x00028e80   0x00000018   Code   RO         5517    i.vListInsertEnd    list.o
    0x00028e98   0x00028e98   0x00000010   Code   RO         6355    i.vPortEnterCritical  port_cmsis.o
    0x00028ea8   0x00028ea8   0x00000014   Code   RO         6356    i.vPortExitCritical  port_cmsis.o
    0x00028ebc   0x00028ebc   0x0000003c   Code   RO         6280    i.vPortFree         heap_4.o
    0x00028ef8   0x00028ef8   0x00000010   Code   RO         5567    i.vPortRestoreISR   queue.o
    0x00028f08   0x00028f08   0x0000002c   Code   RO         6357    i.vPortSafeTaskSwitchContext  port_cmsis.o
    0x00028f34   0x00028f34   0x0000004c   Code   RO         6429    i.vPortSetupTimerInterrupt  port_cmsis_systick.o
    0x00028f80   0x00028f80   0x00000088   Code   RO         6430    i.vPortSuppressTicksAndSleep  port_cmsis_systick.o
    0x00029008   0x00029008   0x00000018   Code   RO         6358    i.vPortTaskYield    port_cmsis.o
    0x00029020   0x00029020   0x00000024   Code   RO         5568    i.vQueueAddToRegistry  queue.o
    0x00029044   0x00029044   0x0000003c   Code   RO         5572    i.vQueueWaitForMessageRestricted  queue.o
    0x00029080   0x00029080   0x00000030   Code   RO         5804    i.vTaskDelay        tasks.o
    0x000290b0   0x000290b0   0x0000000c   Code   RO         5810    i.vTaskMissedYield  tasks.o
    0x000290bc   0x000290bc   0x00000038   Code   RO         5812    i.vTaskPlaceOnEventList  tasks.o
    0x000290f4   0x000290f4   0x0000003c   Code   RO         5813    i.vTaskPlaceOnEventListRestricted  tasks.o
    0x00029130   0x00029130   0x00000064   Code   RO         5815    i.vTaskPriorityInherit  tasks.o
    0x00029194   0x00029194   0x00000010   Code   RO         5819    i.vTaskSetTimeOutState  tasks.o
    0x000291a4   0x000291a4   0x00000058   Code   RO         5820    i.vTaskStartScheduler  tasks.o
    0x000291fc   0x000291fc   0x00000010   Code   RO         5821    i.vTaskStepTick     tasks.o
    0x0002920c   0x0002920c   0x00000010   Code   RO         5823    i.vTaskSuspendAll   tasks.o
    0x0002921c   0x0002921c   0x00000080   Code   RO         5824    i.vTaskSwitchContext  tasks.o
    0x0002929c   0x0002929c   0x00000002   Code   RO         2400    i.wdt_event_handler  bsp_watchdog.o
    0x0002929e   0x0002929e   0x00000002   PAD
    0x000292a0   0x000292a0   0x0000000c   Code   RO         6282    i.xPortGetFreeHeapSize  heap_4.o
    0x000292ac   0x000292ac   0x0000000c   Code   RO         6283    i.xPortGetMinimumEverFreeHeapSize  heap_4.o
    0x000292b8   0x000292b8   0x00000038   Code   RO         6359    i.xPortStartScheduler  port_cmsis.o
    0x000292f0   0x000292f0   0x00000014   Code   RO         5574    i.xQueueCreateCountingSemaphore  queue.o
    0x00029304   0x00029304   0x00000048   Code   RO         5577    i.xQueueGenericCreate  queue.o
    0x0002934c   0x0002934c   0x00000110   Code   RO         5578    i.xQueueGenericReceive  queue.o
    0x0002945c   0x0002945c   0x00000062   Code   RO         5579    i.xQueueGenericReset  queue.o
    0x000294be   0x000294be   0x000000ee   Code   RO         5580    i.xQueueGenericSend  queue.o
    0x000295ac   0x000295ac   0x00000072   Code   RO         5581    i.xQueueGenericSendFromISR  queue.o
    0x0002961e   0x0002961e   0x00000002   PAD
    0x00029620   0x00029620   0x00000048   Code   RO         5825    i.xTaskCheckForTimeOut  tasks.o
    0x00029668   0x00029668   0x00000164   Code   RO         5826    i.xTaskGenericCreate  tasks.o
    0x000297cc   0x000297cc   0x0000000c   Code   RO         5829    i.xTaskGetCurrentTaskHandle  tasks.o
    0x000297d8   0x000297d8   0x00000020   Code   RO         5831    i.xTaskGetSchedulerState  tasks.o
    0x000297f8   0x000297f8   0x0000000c   Code   RO         5832    i.xTaskGetTickCount  tasks.o
    0x00029804   0x00029804   0x000000b4   Code   RO         5834    i.xTaskIncrementTick  tasks.o
    0x000298b8   0x000298b8   0x00000054   Code   RO         5837    i.xTaskPriorityDisinherit  tasks.o
    0x0002990c   0x0002990c   0x00000064   Code   RO         5838    i.xTaskRemoveFromEventList  tasks.o
    0x00029970   0x00029970   0x000000a0   Code   RO         5840    i.xTaskResumeAll    tasks.o
    0x00029a10   0x00029a10   0x00000044   Code   RO         6176    i.xTimerCreateTimerTask  timers.o
    0x00029a54   0x00029a54   0x0000004c   Code   RO         6177    i.xTimerGenericCommand  timers.o
    0x00029aa0   0x00029aa0   0x00000150   Data   RO          351    .constdata          uctsk_debug.o
    0x00029bf0   0x00029bf0   0x00000001   Data   RO          749    .constdata          uctsk_ad.o
    0x00029bf1   0x00029bf1   0x0000020c   Data   RO          917    .constdata          count.o
    0x00029dfd   0x00029dfd   0x00000003   PAD
    0x00029e00   0x00029e00   0x0000013c   Data   RO         1528    .constdata          bsp_buzzermusic.o
    0x00029f3c   0x00029f3c   0x000000d4   Data   RO         1533    .constdata          bsp_buzzermusic.o
    0x0002a010   0x0002a010   0x00000004   Data   RO         1534    .constdata          bsp_buzzermusic.o
    0x0002a014   0x0002a014   0x00000004   Data   RO         1535    .constdata          bsp_buzzermusic.o
    0x0002a018   0x0002a018   0x00000008   Data   RO         1536    .constdata          bsp_buzzermusic.o
    0x0002a020   0x0002a020   0x0000000c   Data   RO         1537    .constdata          bsp_buzzermusic.o
    0x0002a02c   0x0002a02c   0x00000010   Data   RO         1538    .constdata          bsp_buzzermusic.o
    0x0002a03c   0x0002a03c   0x00000014   Data   RO         1539    .constdata          bsp_buzzermusic.o
    0x0002a050   0x0002a050   0x00000018   Data   RO         1728    .constdata          bsp_extflash.o
    0x0002a068   0x0002a068   0x00000010   Data   RO         2122    .constdata          bsp_rtc.o
    0x0002a078   0x0002a078   0x00000010   Data   RO         2234    .constdata          bsp_tim.o
    0x0002a088   0x0002a088   0x00000018   Data   RO         2279    .constdata          bsp_twi.o
    0x0002a0a0   0x0002a0a0   0x00000018   Data   RO         2343    .constdata          bsp_uart.o
    0x0002a0b8   0x0002a0b8   0x0000000c   Data   RO         2401    .constdata          bsp_watchdog.o
    0x0002a0c4   0x0002a0c4   0x00000020   Data   RO         2718    .constdata          bsp_nrfrfesb.o
    0x0002a0e4   0x0002a0e4   0x00000001   Data   RO         2836    .constdata          nrf_drv_adc.o
    0x0002a0e5   0x0002a0e5   0x00000003   PAD
    0x0002a0e8   0x0002a0e8   0x00000004   Data   RO         3142    .constdata          nrf_drv_gpiote.o
    0x0002a0ec   0x0002a0ec   0x00000018   Data   RO         3504    .constdata          nrf_drv_rng.o
    0x0002a104   0x0002a104   0x0000000c   Data   RO         3900    .constdata          nrf_drv_twi.o
    0x0002a110   0x0002a110   0x0000000c   Data   RO         4201    .constdata          nrf_drv_wdt.o
    0x0002a11c   0x0002a11c   0x00000020   Data   RO         4806    .constdata          app_uart_fifo.o
    0x0002a13c   0x0002a13c   0x00000004   Data   RO         6360    .constdata          port_cmsis.o
    0x0002a140   0x0002a140   0x0000000c   Data   RO         6696    .constdata          mc_p.l(localtime_r.o)
    0x0002a14c   0x0002a14c   0x0000000c   Data   RO         6699    .constdata          mc_p.l(mktime.o)
    0x0002a158   0x0002a158   0x00000184   Data   RO          352    .conststring        uctsk_debug.o
    0x0002a2dc   0x0002a2dc   0x000000da   Data   RO         1410    .conststring        module_memory.o
    0x0002a3b6   0x0002a3b6   0x00000002   PAD
    0x0002a3b8   0x0002a3b8   0x00000020   Data   RO         7096    Region$$Table       anon$$obj.o


    Execution Region RW_IRAM1 (Exec base: 0x20000008, Load base: 0x0002a3d8, Size: 0x00003a08, Max: 0x00004000, ABSOLUTE, COMPRESSED[0x00000074])

    Exec Addr    Load Addr    Size         Type   Attr      Idx    E Section Name        Object

    0x20000008   COMPRESSED   0x00000004   Data   RW            5    .data               main.o
    0x2000000c   COMPRESSED   0x0000001a   Data   RW          353    .data               uctsk_debug.o
    0x20000026   COMPRESSED   0x00000002   PAD
    0x20000028   COMPRESSED   0x00000032   Data   RW          468    .data               uctsk_gprsnet.o
    0x2000005a   COMPRESSED   0x00000002   PAD
    0x2000005c   COMPRESSED   0x0000004b   Data   RW          604    .data               uctsk_gprsappxkap.o
    0x200000a7   COMPRESSED   0x00000001   PAD
    0x200000a8   COMPRESSED   0x00000010   Data   RW          686    .data               uctsk_hci.o
    0x200000b8   COMPRESSED   0x00000008   Data   RW          750    .data               uctsk_ad.o
    0x200000c0   COMPRESSED   0x00000008   Data   RW          818    .data               uctsk_usertimer.o
    0x200000c8   COMPRESSED   0x00000010   Data   RW         1268    .data               memmanager.o
    0x200000d8   COMPRESSED   0x00000001   Data   RW         1269    .data               memmanager.o
    0x200000d9   COMPRESSED   0x00000001   Data   RW         1270    .data               memmanager.o
    0x200000da   COMPRESSED   0x00000001   Data   RW         1271    .data               memmanager.o
    0x200000db   COMPRESSED   0x00000001   Data   RW         1272    .data               memmanager.o
    0x200000dc   COMPRESSED   0x00000001   Data   RW         1273    .data               memmanager.o
    0x200000dd   COMPRESSED   0x00000001   Data   RW         1274    .data               memmanager.o
    0x200000de   COMPRESSED   0x00000002   PAD
    0x200000e0   COMPRESSED   0x00000014   Data   RW         1315    .data               iap.o
    0x200000f4   COMPRESSED   0x00000001   Data   RW         1351    .data               module_os.o
    0x200000f5   COMPRESSED   0x00000003   PAD
    0x200000f8   COMPRESSED   0x00000018   Data   RW         1411    .data               module_memory.o
    0x20000110   COMPRESSED   0x0000000c   Data   RW         1475    .data               bsp_ap3216c.o
    0x2000011c   COMPRESSED   0x0000001c   Data   RW         1543    .data               bsp_buzzermusic.o
    0x20000138   COMPRESSED   0x00000001   Data   RW         1680    .data               bsp_cpuid.o
    0x20000139   COMPRESSED   0x00000001   Data   RW         1729    .data               bsp_extflash.o
    0x2000013a   COMPRESSED   0x00000002   PAD
    0x2000013c   COMPRESSED   0x00000008   Data   RW         1803    .data               bsp_hx711.o
    0x20000144   COMPRESSED   0x0000000f   Data   RW         1878    .data               bsp_led.o
    0x20000153   COMPRESSED   0x00000001   PAD
    0x20000154   COMPRESSED   0x0000001e   Data   RW         1942    .data               bsp_key.o
    0x20000172   COMPRESSED   0x00000002   PAD
    0x20000174   COMPRESSED   0x00000038   Data   RW         2123    .data               bsp_rtc.o
    0x200001ac   COMPRESSED   0x0000000c   Data   RW         2235    .data               bsp_tim.o
    0x200001b8   COMPRESSED   0x00000002   Data   RW         2280    .data               bsp_twi.o
    0x200001ba   COMPRESSED   0x0000000a   Data   RW         2344    .data               bsp_uart.o
    0x200001c4   COMPRESSED   0x00000002   Data   RW         2402    .data               bsp_watchdog.o
    0x200001c6   COMPRESSED   0x00000002   PAD
    0x200001c8   COMPRESSED   0x00000039   Data   RW         2719    .data               bsp_nrfrfesb.o
    0x20000201   COMPRESSED   0x00000003   PAD
    0x20000204   COMPRESSED   0x00000008   Data   RW         3358    .data               nrf_drv_ppi.o
    0x2000020c   COMPRESSED   0x00000003   Data   RW         3507    .data               nrf_drv_rng.o
    0x2000020f   COMPRESSED   0x00000001   PAD
    0x20000210   COMPRESSED   0x00000008   Data   RW         3583    .data               nrf_drv_rtc.o
    0x20000218   COMPRESSED   0x0000000c   Data   RW         4204    .data               nrf_drv_wdt.o
    0x20000224   COMPRESSED   0x00000004   Data   RW         4695    .data               app_util_platform.o
    0x20000228   COMPRESSED   0x00000010   Data   RW         4807    .data               app_uart_fifo.o
    0x20000238   COMPRESSED   0x0000003c   Data   RW         5162    .data               nrf_esb.o
    0x20000274   COMPRESSED   0x00000044   Data   RW         5843    .data               tasks.o
    0x200002b8   COMPRESSED   0x00000014   Data   RW         6183    .data               timers.o
    0x200002cc   COMPRESSED   0x00000018   Data   RW         6285    .data               heap_4.o
    0x200002e4   COMPRESSED   0x00000004   Data   RW         6361    .data               port_cmsis.o
    0x200002e8   COMPRESSED   0x00000004   Data   RW         6629    .data               system_nrf51.o
    0x200002ec        -       0x00000658   Zero   RW          467    .bss                uctsk_gprsnet.o
    0x20000944        -       0x00000058   Zero   RW          603    .bss                uctsk_gprsappxkap.o
    0x2000099c        -       0x00000124   Zero   RW          685    .bss                uctsk_hci.o
    0x20000ac0        -       0x00000032   Zero   RW          748    .bss                uctsk_ad.o
    0x20000af2   COMPRESSED   0x00000002   PAD
    0x20000af4        -       0x00000a00   Zero   RW         1267    .bss                memmanager.o
    0x200014f4        -       0x0000001c   Zero   RW         1727    .bss                bsp_extflash.o
    0x20001510        -       0x00000014   Zero   RW         1877    .bss                bsp_led.o
    0x20001524        -       0x0000000c   Zero   RW         1941    .bss                bsp_key.o
    0x20001530        -       0x0000002c   Zero   RW         2121    .bss                bsp_rtc.o
    0x2000155c        -       0x00000300   Zero   RW         2342    .bss                bsp_uart.o
    0x2000185c        -       0x00000055   Zero   RW         2716    .bss                bsp_nrfrfesb.o
    0x200018b1   COMPRESSED   0x00000003   PAD
    0x200018b4        -       0x00000014   Zero   RW         2835    .bss                nrf_drv_adc.o
    0x200018c8        -       0x00000014   Zero   RW         2952    .bss                nrf_drv_clock.o
    0x200018dc        -       0x0000004c   Zero   RW         3141    .bss                nrf_drv_gpiote.o
    0x20001928        -       0x00000021   Zero   RW         3502    .bss                nrf_drv_rng.o
    0x20001949   COMPRESSED   0x00000003   PAD
    0x2000194c        -       0x0000000c   Zero   RW         3503    .bss                nrf_drv_rng.o
    0x20001958        -       0x00000020   Zero   RW         3679    .bss                nrf_drv_spi.o
    0x20001978        -       0x00000024   Zero   RW         3765    .bss                nrf_drv_timer.o
    0x2000199c        -       0x00000028   Zero   RW         3896    .bss                nrf_drv_twi.o
    0x200019c4        -       0x0000001c   Zero   RW         4050    .bss                nrf_drv_uart.o
    0x200019e0        -       0x00000020   Zero   RW         4805    .bss                app_uart_fifo.o
    0x20001a00        -       0x00000332   Zero   RW         5161    .bss                nrf_esb.o
    0x20001d32   COMPRESSED   0x00000002   PAD
    0x20001d34        -       0x00000010   Zero   RW         5592    .bss                queue.o
    0x20001d44        -       0x000001f4   Zero   RW         5842    .bss                tasks.o
    0x20001f38        -       0x00000028   Zero   RW         6182    .bss                timers.o
    0x20001f60        -       0x00001800   Zero   RW         6284    .bss                heap_4.o
    0x20003760        -       0x000001b8   Zero   RW         6491    .bss                segger_rtt.o
    0x20003918        -       0x0000002c   Zero   RW         6693    .bss                mc_p.l(localtime_w.o)
    0x20003944   COMPRESSED   0x00000004   PAD
    0x20003948        -       0x000000c8   Zero   RW         6617    STACK               arm_startup_nrf51.o


==============================================================================

Image component sizes


      Code (inc. data)   RO Data    RW Data    ZI Data      Debug   Object Name

        24          4          0          0          0       2121   app_error.o
        28         10          0          0          0       7054   app_error_weak.o
       122          0          0          0          0       4542   app_fifo.o
         0          0          0          0          0       2444   app_timer_freertos.o
       464         44         32         16         32      10110   app_uart_fifo.o
        52         10          0          4          0       2960   app_util_platform.o
        56         18        192          0        200        656   arm_startup_nrf51.o
       284         44          0         12          0       6488   bsp_ap3216c.o
       766         98        592         28          0      14737   bsp_buzzermusic.o
       710        130          0          0          0       6403   bsp_cpuflash.o
       356         78          0          1          0       3503   bsp_cpuid.o
      2132        360         24          1         28      12942   bsp_extflash.o
       724        120          0          8          0      10618   bsp_hx711.o
       692         94          0         30         12       8527   bsp_key.o
       772         58          0         15         20       9008   bsp_led.o
       296         60         32         57         85       8113   bsp_nrfrfesb.o
        42          6          0          0          0       1997   bsp_pwr.o
      1696        280         16         56         44      13214   bsp_rtc.o
       148         14         16         12          0       9334   bsp_tim.o
       176         16         24          2          0       8567   bsp_twi.o
       320         40         24         10        768       5265   bsp_uart.o
        74         14         12          2          0       4935   bsp_watchdog.o
      2974        538        524          0          0      41116   count.o
         0          0          0          0          0       9496   event_groups.o
       396         36          0         24       6144       5020   heap_4.o
       588         70          0         20          0       3442   iap.o
       136          0          0          0          0       3158   list.o
       136         22          0          4          0      86703   main.o
       300         30          0         22       2560       4274   memmanager.o
      6348       2940        218         24          0      13332   module_memory.o
      1116        488          0          1          0       3782   module_os.o
       420         78          1          0         20      11683   nrf_drv_adc.o
       326         44          0          0         20      11632   nrf_drv_clock.o
        96         18          0          0          0       7272   nrf_drv_common.o
       990         92          4          0         76      23773   nrf_drv_gpiote.o
       306         28          0          8          0      11845   nrf_drv_ppi.o
       212         58         24          3         45      10571   nrf_drv_rng.o
       492         32          0          8          0      12157   nrf_drv_rtc.o
       738         38          0          0         32      15408   nrf_drv_spi.o
       432         46          0          0         36      17479   nrf_drv_timer.o
      1496         78         12          0         40      28878   nrf_drv_twi.o
      1338         52          0          0         28      27614   nrf_drv_uart.o
       204         46         12         12          0       7581   nrf_drv_wdt.o
      2166        382          0         60        818      27522   nrf_esb.o
         0          0          0          0          0       1472   nrf_nvic.o
       234          0          0          0          0       8031   nrf_queue.o
       108         16          0          0          0        528   port.o
       200         32          4          4          0      14001   port_cmsis.o
       292         52          0          0          0      12250   port_cmsis_systick.o
      1302          4          0          0         16      13469   queue.o
       600         52          0          0        440      10042   segger_rtt.o
       232         36          0          4          0       2151   system_nrf51.o
      2228        240          0         68        500      32892   tasks.o
       760         72          0         20         40       8191   timers.o
       250         26          1          8         50       5083   uctsk_ad.o
      1562        490        724         26          0       9032   uctsk_debug.o
      4164        296          0         75         88      16297   uctsk_gprsappxkap.o
      8572       2220          0         50       1624      25205   uctsk_gprsnet.o
      2874        286          0         16        292      11626   uctsk_hci.o
       176         62          0          8          0       2298   uctsk_usertimer.o

    ----------------------------------------------------------------------
     54740      10498       2528        740      14068     709844   Object Totals
         0          0         32          0          0          0   (incl. Generated)
        42          0          8         21         10          0   (incl. Padding)

    ----------------------------------------------------------------------

      Code (inc. data)   RO Data    RW Data    ZI Data      Debug   Library Member Name

        58          0          0          0          0          0   __dczerorl.o
         0          0          0          0          0          0   entry.o
         0          0          0          0          0          0   entry10a.o
         0          0          0          0          0          0   entry11a.o
         8          4          0          0          0          0   entry2.o
         4          0          0          0          0          0   entry5.o
         0          0          0          0          0          0   entry7b.o
         0          0          0          0          0          0   entry8b.o
         8          4          0          0          0          0   entry9a.o
        30          0          0          0          0          0   handlers.o
        40          0          0          0          0         72   idiv.o
        36          8          0          0          0         68   init.o
         0          0          0          0          0          0   iusefp.o
        32          0          0          0          0         68   llshl.o
        38          0          0          0          0         68   llsshr.o
        34          0          0          0          0         68   llushr.o
       116         12         12          0          0         72   localtime_r.o
        16          6          0          0         44         68   localtime_w.o
        36          0          0          0          0         60   memcpya.o
        36          0          0          0          0        100   memseta.o
       140         16         12          0          0         72   mktime.o
      2270         94          0          0          0        472   printfa.o
        24          0          0          0          0         60   strcat.o
        18          0          0          0          0         60   strcpy.o
        14          0          0          0          0         60   strlen.o
        40          0          0          0          0         72   strstr.o
        44          0          0          0          0         72   uidiv.o
        96          0          0          0          0         84   uldiv.o
        20          0          0          0          0         60   uread4.o
        40          2          0          0          0         68   cdcmple.o
        40          2          0          0          0         68   cdrcmple.o
       356          4          0          0          0        140   dadd.o
       240          6          0          0          0         84   ddiv.o
       236          0          0          0          0        216   depilogue.o
        60         10          0          0          0         68   dfixui.o
        64         10          0          0          0         68   dfixul.o
       208          6          0          0          0         88   dmul.o
        44          0          0          0          0         72   dscalb.o
        40          0          0          0          0         60   f2d.o
       178          0          0          0          0        108   fadd.o
       124          0          0          0          0         72   fdiv.o
       130          0          0          0          0        144   fepilogue.o
        50          0          0          0          0         60   ffixi.o
        22          0          0          0          0         68   fflti.o
        14          0          0          0          0         68   ffltui.o
       122          0          0          0          0         72   fmul.o

    ----------------------------------------------------------------------
      5132        184         24          0         48       3180   Library Totals
         6          0          0          0          4          0   (incl. Padding)

    ----------------------------------------------------------------------

      Code (inc. data)   RO Data    RW Data    ZI Data      Debug   Library Name

      3158        144         24          0         44       1656   mc_p.l
      1968         40          0          0          0       1524   mf_p.l

    ----------------------------------------------------------------------
      5132        184         24          0         48       3180   Library Totals

    ----------------------------------------------------------------------

==============================================================================


      Code (inc. data)   RO Data    RW Data    ZI Data      Debug   

     59872      10682       2552        740      14116     693292   Grand Totals
     59872      10682       2552        116      14116     693292   ELF Image Totals (compressed)
     59872      10682       2552        116          0          0   ROM Totals

==============================================================================

    Total RO  Size (Code + RO Data)                62424 (  60.96kB)
    Total RW  Size (RW Data + ZI Data)             14856 (  14.51kB)
    Total ROM Size (Code + RO Data + RW Data)      62540 (  61.07kB)

==============================================================================

